09-18 19:15:01.643 17487 17523 W putmethod.latin: ClassLoaderContext classpath element checksum mismatch. expected=2502106762, found=468199473 (DLC[];PCL[base.apk*2502106762]{PCL[/system/framework/org.apache.http.legacy.jar*4247870504]#PCL[/system/framework/com.android.media.remotedisplay.jar*487574312]#PCL[/system/framework/com.android.location.provider.jar*1570284764]#PCL[/system_ext/framework/androidx.window.extensions.jar*1030441313]#PCL[/system_ext/framework/androidx.window.sidecar.jar*3860983653]} | DLC[];PCL[/data/app/~~s7oQVUBf_bIWjqHHWebY9g==/com.google.android.inputmethod.latin-T6Bti1bLTR6C1Kz0pmFnAA==/base.apk*468199473]{PCL[/system_ext/framework/androidx.window.extensions.jar*1030441313]#PCL[/system_ext/framework/androidx.window.sidecar.jar*3860983653]})
09-18 19:15:01.685 17487 17530 E EmojiSlicingStrategy: EmojiSlicingStrategy.getSlices():88 getSlices() : Received null or empty userEnabledLocales.
09-18 19:15:01.685 17487 17530 I SP      : Syncing emoji (2025081522) with slices: [], metadata: false
09-18 19:15:01.691 17487 17530 I SP      : GC for 'emoji' (10) with ttl of 0 ms took 0 ms (0/0/0)
09-18 19:15:01.693 17487 17530 I AbstractSyncResultCallback: AbstractSyncResultCallback.onFailure():38 onFailure(): emoji.sync cancelled; expected if new request supersedes pending one.
09-18 19:15:01.694 17487 17530 I SP      : Sync for emoji succeeded in 416 ms: {removed: [62a32c6ad94db1ab86cebbe06b49eb2a], metadata: false
09-18 19:15:01.858 17487 17524 W EmojiSuperpacksManager: EmojiSuperpacksManager.triggerSync():453 triggerSync(2) : canceled
09-18 19:15:01.858 17487 17524 W EmojiSuperpacksManager: java.util.concurrent.CancellationException: Task was cancelled.
09-18 19:15:01.858 17487 17524 W EmojiSuperpacksManager: 	at suj.i(PG:33)
09-18 19:15:01.858 17487 17524 W EmojiSuperpacksManager: 	at sur.s(PG:23)
09-18 19:15:01.858 17487 17524 W EmojiSuperpacksManager: 	at suj.get(PG:1)
09-18 19:15:01.858 17487 17524 W EmojiSuperpacksManager: 	at a.p(PG:2)
09-18 19:15:01.858 17487 17524 W EmojiSuperpacksManager: 	at sic.I(PG:10)
09-18 19:15:01.858 17487 17524 W EmojiSuperpacksManager: 	at swj.run(PG:87)
09-18 19:15:01.858 17487 17524 W EmojiSuperpacksManager: 	at kjd.run(PG:49)
09-18 19:15:01.858 17487 17524 W EmojiSuperpacksManager: 	at java.util.concurrent.ThreadPoolExecutor.runWorker(ThreadPoolExecutor.java:1156)
09-18 19:15:01.858 17487 17524 W EmojiSuperpacksManager: 	at java.util.concurrent.ThreadPoolExecutor$Worker.run(ThreadPoolExecutor.java:651)
09-18 19:15:01.858 17487 17524 W EmojiSuperpacksManager: 	at java.lang.Thread.run(Thread.java:1119)
09-18 19:15:01.858 17487 17524 W EmojiSuperpacksManager: 	at kis.run(PG:8)
09-18 19:15:01.867 17487 17518 W JobInfo : Requested important-while-foreground flag for job109 is ignored and takes no effect
09-18 19:15:01.946 17487 17518 W JobInfo : Requested important-while-foreground flag for job110 is ignored and takes no effect
09-18 19:15:01.959 17487 17518 W JobInfo : Requested important-while-foreground flag for job111 is ignored and takes no effect
09-18 19:15:01.989 17487 17523 I putmethod.latin: AssetManager2(0x7e62bf67b718) locale list changing from [] to [en-US]
09-18 19:15:01.990 17487 17523 I putmethod.latin: AssetManager2(0x7e62bf674698) locale list changing from [] to [en-US]
09-18 19:15:02.062 17487 17523 D nativeloader: Configuring clns-11 for other apk . target_sdk_version=35, uses_libraries=ALL, library_path=/data/app/~~udGwMUUeYRccN0XLFDNMqA==/com.google.android.gms-n1YUE2eD54yIrV4K9OjdyA==/split_CronetDynamite_installtime.apk!/lib/x86_64:/data/app/~~udGwMUUeYRccN0XLFDNMqA==/com.google.android.gms-n1YUE2eD54yIrV4K9OjdyA==/split_CronetDynamite_installtime.apk!/lib/arm64-v8a, permitted_path=/data:/mnt/expand
09-18 19:15:02.075 17487 17544 I HttpFlagsLoader: HTTP flags log line (Impl): Using live production flag values from Google
09-18 19:15:02.080 17487 17523 D nativeloader: Load /data/app/~~udGwMUUeYRccN0XLFDNMqA==/com.google.android.gms-n1YUE2eD54yIrV4K9OjdyA==/split_CronetDynamite_installtime.apk!/lib/x86_64/libcronet.140.0.7289.0.so using isolated ns clns-11 (caller=/data/app/~~udGwMUUeYRccN0XLFDNMqA==/com.google.android.gms-n1YUE2eD54yIrV4K9OjdyA==/split_CronetDynamite_installtime.apk): ok
09-18 19:15:02.087 17487 17523 I cn_CronetLibraryLoader: Cronet version: 140.0.7289.0, arch: x86_64
09-18 19:15:02.090   784   806 D ConnectivityService: requestNetwork for uid/pid:10160/17487 activeRequest: null callbackRequest: 283 [NetworkRequest [ REQUEST id=284, [ Capabilities: INTERNET&NOT_RESTRICTED&TRUSTED&NOT_VCN_MANAGED&NOT_BANDWIDTH_CONSTRAINED Uid: 10160 RequestorUid: 10160 RequestorPkg: com.google.android.inputmethod.latin UnderlyingNetworks: Null] ]] callback flags: 0 order: 2147483647 isUidTracked: false declaredMethods: AVAIL|LOST|NC|LP
09-18 19:15:02.096   784   964 D ConnectivityService: NetReassign [284 : null  105] [c 0] [a 3] [i 2]
09-18 19:15:02.096   784   958 D OemPaidWifiNetworkFactory: got request NetworkRequest [ REQUEST id=284, [ Capabilities: INTERNET&NOT_RESTRICTED&TRUSTED&NOT_VCN_MANAGED&NOT_BANDWIDTH_CONSTRAINED Uid: 10160 RequestorUid: 10160 RequestorPkg: com.google.android.inputmethod.latin UnderlyingNetworks: Null] ]
09-18 19:15:02.100   784   958 D MultiInternetWifiNetworkFactory: got request NetworkRequest [ REQUEST id=284, [ Capabilities: INTERNET&NOT_RESTRICTED&TRUSTED&NOT_VCN_MANAGED&NOT_BANDWIDTH_CONSTRAINED Uid: 10160 RequestorUid: 10160 RequestorPkg: com.google.android.inputmethod.latin UnderlyingNetworks: Null] ]
09-18 19:15:02.101   784   958 D WifiNetworkFactory: got request NetworkRequest [ REQUEST id=284, [ Capabilities: INTERNET&NOT_RESTRICTED&TRUSTED&NOT_VCN_MANAGED&NOT_BANDWIDTH_CONSTRAINED Uid: 10160 RequestorUid: 10160 RequestorPkg: com.google.android.inputmethod.latin UnderlyingNetworks: Null] ]
09-18 19:15:02.102   784   958 D UntrustedWifiNetworkFactory: got request NetworkRequest [ REQUEST id=284, [ Capabilities: INTERNET&NOT_RESTRICTED&TRUSTED&NOT_VCN_MANAGED&NOT_BANDWIDTH_CONSTRAINED Uid: 10160 RequestorUid: 10160 RequestorPkg: com.google.android.inputmethod.latin UnderlyingNetworks: Null] ]
09-18 19:15:02.104   784   806 D CompatChangeReporter: Compat change id reported: 319212206; UID 10160; state: ENABLED
09-18 19:15:02.107   784   964 D ConnectivityService: NetReassign [no changes] [c 0] [a 3] [i 0]
09-18 19:15:02.157 17487 17487 I putmethod.latin: AssetManager2(0x7e62bf67a458) locale list changing from [] to [en-US]
09-18 19:15:02.162 17487 17487 I putmethod.latin: AssetManager2(0x7e62bf678518) locale list changing from [] to [en-US]
09-18 19:15:02.163 17487 17487 I GoogleInputMethodService: GoogleInputMethodService.onCreate():600 
09-18 19:15:02.191   784  6854 D ActivityManager: sync unfroze 16375 com.google.android.gms for 6
09-18 19:15:02.194   784  1009 D BackgroundInstallControlService: Package event received: 0
09-18 19:15:02.207 16375 16375 D BoundBrokerSvc: onBind: Intent { act=com.google.android.gms.checkin.START xflg=0x4 pkg=com.google.android.gms }
09-18 19:15:02.207 16375 16375 D BoundBrokerSvc: Loading bound service for intent: Intent { act=com.google.android.gms.checkin.START xflg=0x4 pkg=com.google.android.gms }
09-18 19:15:02.234 16375 16409 I Checkin : [CheckinApiChimeraService] onGetService
09-18 19:15:02.712 17487 17552 D CompatChangeReporter: Compat change id reported: 312399441; UID 10160; state: ENABLED
09-18 19:15:02.806 17487 17487 D CompatChangeReporter: Compat change id reported: 309578419; UID 10160; state: ENABLED
09-18 19:15:02.910 17487 17492 W putmethod.latin: Cleared Reference was only reachable from finalizer (only reported once)
09-18 19:15:02.914 17487 17487 D DesktopModeFlags: Toggle override initialized to: OVERRIDE_UNSET
09-18 19:15:02.958 17487 17487 I GoogleInputMethodService: GoogleInputMethodService.onCreate():624 Maybe update OEM display config because of service creation
09-18 19:15:03.007 17487 17519 W JobInfo : Requested important-while-foreground flag for job112 is ignored and takes no effect
09-18 19:15:03.019 17487 17519 W JobInfo : Requested important-while-foreground flag for job113 is ignored and takes no effect
09-18 19:15:03.032 17487 17526 W JobInfo : Requested important-while-foreground flag for job114 is ignored and takes no effect
09-18 19:15:03.050 17487 17525 W JobInfo : Requested important-while-foreground flag for job115 is ignored and takes no effect
09-18 19:15:03.104 17487 17525 W JobInfo : Requested important-while-foreground flag for job116 is ignored and takes no effect
09-18 19:15:03.118   784  6854 W ProcessStats: Tracking association SourceState{8c32388 com.google.android.gms.persistent/10146 ImpFg #8366} whose proc state 5 is better than process ProcessState{a8c1644 com.google.android.gms/10146 pkg=com.google.android.gms} proc state 14 (15 skipped)
09-18 19:15:03.170 16307 16738 I GmsCoreXrpcWrapper: (REDACTED) Returning a channel provider with trafficStatsTag=%d trafficStatsUid=%d
09-18 19:15:03.170 16307 16738 I GmsCoreXrpcWrapper: (REDACTED) Returning a channel provider with trafficStatsTag=%d trafficStatsUid=%d
09-18 19:15:03.170 16307 16738 I GmsCoreXrpcWrapper: (REDACTED) Returning a channel provider with trafficStatsTag=%d trafficStatsUid=%d
09-18 19:15:03.170 16307 16738 I GmsCoreXrpcWrapper: (REDACTED) Returning a channel provider with trafficStatsTag=%d trafficStatsUid=%d
09-18 19:15:03.176   784  1009 D BackgroundInstallControlService: Package event received: 0
09-18 19:15:03.179   784  1009 D BackgroundInstallControlService: Package event received: 0
09-18 19:15:03.184   784  1009 D BackgroundInstallControlService: Package event received: 0
09-18 19:15:03.196 16307 17134 I GmsCoreXrpcWrapper: (REDACTED) Returning a channel provider with trafficStatsTag=%d trafficStatsUid=%d
09-18 19:15:03.196 16307 17134 I GmsCoreXrpcWrapper: (REDACTED) Returning a channel provider with trafficStatsTag=%d trafficStatsUid=%d
09-18 19:15:03.198 16307 17134 I GmsCoreXrpcWrapper: (REDACTED) Returning a channel provider with trafficStatsTag=%d trafficStatsUid=%d
09-18 19:15:03.199 16307 17134 I GmsCoreXrpcWrapper: (REDACTED) Returning a channel provider with trafficStatsTag=%d trafficStatsUid=%d
09-18 19:15:03.204   784  1009 D BackgroundInstallControlService: Package event received: 0
09-18 19:15:03.210   784  1009 D BackgroundInstallControlService: Package event received: 0
09-18 19:15:03.210   784  1009 D BackgroundInstallControlService: Package event received: 0
09-18 19:15:03.276   784  6854 D ConnectivityService: requestNetwork for uid/pid:10160/17487 activeRequest: null callbackRequest: 286 [NetworkRequest [ REQUEST id=287, [ Capabilities: INTERNET&NOT_RESTRICTED&TRUSTED&NOT_VCN_MANAGED&NOT_BANDWIDTH_CONSTRAINED Uid: 10160 RequestorUid: 10160 RequestorPkg: com.google.android.inputmethod.latin UnderlyingNetworks: Null] ]] callback flags: 0 order: 2147483647 isUidTracked: false declaredMethods: AVAIL|LOST|NC
09-18 19:15:03.283   784   964 D ConnectivityService: NetReassign [287 : null  105] [c 0] [a 2] [i 4]
09-18 19:15:03.283   784   958 D OemPaidWifiNetworkFactory: got request NetworkRequest [ REQUEST id=287, [ Capabilities: INTERNET&NOT_RESTRICTED&TRUSTED&NOT_VCN_MANAGED&NOT_BANDWIDTH_CONSTRAINED Uid: 10160 RequestorUid: 10160 RequestorPkg: com.google.android.inputmethod.latin UnderlyingNetworks: Null] ]
09-18 19:15:03.283   784   958 D MultiInternetWifiNetworkFactory: got request NetworkRequest [ REQUEST id=287, [ Capabilities: INTERNET&NOT_RESTRICTED&TRUSTED&NOT_VCN_MANAGED&NOT_BANDWIDTH_CONSTRAINED Uid: 10160 RequestorUid: 10160 RequestorPkg: com.google.android.inputmethod.latin UnderlyingNetworks: Null] ]
09-18 19:15:03.283   784   958 D WifiNetworkFactory: got request NetworkRequest [ REQUEST id=287, [ Capabilities: INTERNET&NOT_RESTRICTED&TRUSTED&NOT_VCN_MANAGED&NOT_BANDWIDTH_CONSTRAINED Uid: 10160 RequestorUid: 10160 RequestorPkg: com.google.android.inputmethod.latin UnderlyingNetworks: Null] ]
09-18 19:15:03.283   784   958 D UntrustedWifiNetworkFactory: got request NetworkRequest [ REQUEST id=287, [ Capabilities: INTERNET&NOT_RESTRICTED&TRUSTED&NOT_VCN_MANAGED&NOT_BANDWIDTH_CONSTRAINED Uid: 10160 RequestorUid: 10160 RequestorPkg: com.google.android.inputmethod.latin UnderlyingNetworks: Null] ]
09-18 19:15:03.303 17487 17530 I SP      : GC for 'emoji' (10) with ttl of 0 ms took 1 ms (0/0/1)
09-18 19:15:03.449 17487 17487 I DeviceModeModule: DeviceModeModule.calculateAndNotify():225 Device mode 'phone' from display metrics 'DisplayMetrics{density=0.0, width=1080, height=2400, scaledDensity=0.0, xdpi=420.0, ydpi=420.0}' or smallestScreenWidthDp: 411
09-18 19:15:03.450 17487 17487 W NotificationCenter: NotificationCenter$NotificationQueue.notifyPendingNotificationsOnExecutor():877 Heavy notify work detected on UI thread: [pdp->ksq] takes 120ms
09-18 19:15:03.451 17487 17487 I WindowMetricsNotification: WindowMetricsNotification.notify():159 pdp[bounds=Rect(0, 118 - 1080, 2400), insets=Rect(0, 0 - 0, 0), densityDpi=420, smallestScreenWidthDp=411, displayWidth=1080, displayHeight=2400, xdpi=420.0, ydpi=420.0, isTrustable=true, displayId=0]; DisplayMetrics{density=2.625, width=1080, height=2400, scaledDensity=2.625, xdpi=420.0, ydpi=420.0}
09-18 19:15:03.453 17487 17487 I WindowMetricsHelper: WindowMetricsHelper.predictAndNotify():145 Window metrics predicted.
09-18 19:15:03.542 16307 16313 W .gms.persistent: Suspending all threads took: 15.797ms
09-18 19:15:03.630 17487 17487 I InputMethodEntryManager: InputMethodEntryManager.notifyCurrentInputMethodEntryOnContextChanged():550 notifyCurrentInputMethodEntryOnContextChanged()
09-18 19:15:03.631 17487 17487 I InputMethodEntryManager: InputMethodEntryManager.notifyCurrentInputMethodEntryOnContextChanged():555 The context is changed before initialized
09-18 19:15:03.631 17487 17487 I KeyboardContextProvider: KeyboardContextProvider.setBaseContextAndInvalidKeyboardContextCache():88 setBaseContextAndInvalidKeyboardContextCache(): com.android.inputmethod.latin.LatinIME@d578b2f
09-18 19:15:03.674 17487 17487 I ContentCaptureHelper: Setting logging level to OFF
09-18 19:15:03.739 17487 17487 W NotificationCenter: NotificationCenter$NotificationQueue.notifyPendingNotificationsOnExecutor():877 Heavy notify work detected on UI thread: [pdp->mxx] takes 97ms
09-18 19:15:03.739 17487 17487 E GoogleInputMethodService: GoogleInputMethodService.getAppEditorInfo():1835 App EditorInfo should never be null.
09-18 19:15:03.809  2778  2821 E DialerTraceManagerImpl: com.google.apps.tiktok.tracing.TraceManagerImpl.handleTraceTimeout:374 Trace Application creation timed out after 35377062 ms. Complete trace: # acph@65c46705
09-18 19:15:03.809  2778  2821 E DialerTraceManagerImpl: acpm: 
09-18 19:15:03.809  2778  2821 E DialerTraceManagerImpl: 	at tk_trace.APP_LAUNCHED(Started After:10)
09-18 19:15:03.809  2778  2821 E DialerTraceManagerImpl: 	at tk_trace.APP_LAUNCHED(Started After:3)
09-18 19:15:03.809  2778  2821 E DialerTraceManagerImpl: 	at tk_trace.DialerStartup_executePostOnCreateTasks(Started After:3)
09-18 19:15:03.809  2778  2821 E DialerTraceManagerImpl: 	at tk_trace.DialerBaseApplication_onCreate(Started After:0)
09-18 19:15:03.809  2778  2821 E DialerTraceManagerImpl: 	at tk_trace.Application.onCreate(Started After:0)
09-18 19:15:03.809  2778  2821 E DialerTraceManagerImpl: 	at tk_trace.Application creation(Started After:0)
09-18 19:15:03.830   784  1714 D FileUtils: Rounded bytes from 2067255296 to 4000000000
09-18 19:15:03.831 17487 17487 I KeyboardThemeProvider: KeyboardThemeProvider.applyKeyboardTheme():27 Apply keyboard theme: theme,!gsf,!pgsans,!pgsf,!use_system_font,BORDER,FLAVOR_DPI=XXHDPI,GOOGLE_ICONS,IS_LIGHT,KEYBOARD_WIDTH_CATEGORY=NORMAL,KEY_BORDER_SHAPE=1,LIGHT_THEME=true,PHYSICAL_DIAGONAL=6.0111027,POPUP,SCREEN_SHORTEST_WIDTH=411,SCREEN_SHORTEST_WIDTH_NO_SCALE=411,SW400DP,XXHDPI,bottom4dp,enable_emoji_kitchen_browse_color_v2=true,enable_google_fonts_icons=true,enable_popup_on_keypress=true,keyboard_redesign_google_sans=true,noshadow,overlay_builtin_dynamic_color_light_base.binarypb:gm3-light-fffaf8ff-ff495d92-d80dec30f0fb7f05984687320dd7999c,roundedchip,silkpopup
09-18 19:15:03.863 17487 17487 I HardKeyTracker: HardKeyTracker.registerKeySequence():170 Register key sequence nef{labelResId=2132020473, callback=cao@6d87b32, lastModifier=2, keyCodes=[47], actions=[0]}
09-18 19:15:03.864 17487 17487 I HardKeyTracker: HardKeyTracker.registerKeySequence():170 Register key sequence nef{labelResId=0, callback=kih@464dcfb, lastModifier=0, keyCodes=[204], actions=[0]}
09-18 19:15:03.884 17487 17487 W NotificationCenter: NotificationCenter$NotificationQueue.notifyPendingNotificationsOnExecutor():877 Heavy notify work detected on UI thread: [lsz->msb, lsz->msb, lsz->msb, lsz->msb, lsz->msb, moh->mog, moh->mog, moh->mog, moh->mog, moh->mog, moh->mog, moh->mog, moh->mog, moh->mog, moh->mog, hhz->msb, moh->mog, mom->mol, moh->mog, moh->mog] takes 45ms
09-18 19:15:04.132 17487 17518 I HandwritingOfflineSuperpacks: HandwritingOfflineSuperpacks.syncInternal():80 no bundled lm for handwriting.
09-18 19:15:04.135 17487 17518 I HandwritingOfflineSuperpacks: HandwritingOfflineSuperpacks.syncInternal():80 no bundled lm for handwriting.
09-18 19:15:04.171 17487 17529 I NetworkInfoNotification: NetworkInfoNotification$Listener.onReceive():107 onNetworkAvailable: networkState = NON_METERED, isAirplaneModeOn = false
09-18 19:15:04.191 17487 17525 W JobInfo : Requested important-while-foreground flag for job117 is ignored and takes no effect
09-18 19:15:04.230 17487 17487 I UniversalDictationExtension: UniversalDictationExtension.onCreateExtension():62 onCreate [UD]
09-18 19:15:04.232 17487 17520 I NewS3RecognizerModule: NewS3RecognizerModule.onCreate():14 onCreate [news3]
09-18 19:15:04.234 17487 17525 I OnDevicePackDownloadModule: OnDevicePackDownloadModule.onCreate():60 onCreate()
09-18 19:15:04.410 17487 17529 I KeyboardGroupDefParser: KeyboardGroupDefParser.parseKeyboardGroupDef():86 parseKeyboardGroupDef() 2132213760 -> 0_resource_name_obfuscated : WaitTime = 2 ms : RunTime = 40 ms
09-18 19:15:04.505 17487 17526 E HandwritingSuperpacksUtil: HandwritingSuperpacksUtil.getPackMappingPackName():42 No pack mapping pack found in []
09-18 19:15:04.505 17487 17526 I HandwritingSuperpacks: HandwritingSuperpacks.reloadCache():229 updatePackMappingsCache(): pack mapping pack unavailable [OFFLINE]
09-18 19:15:04.512 17487 17530 I SP      : Registering emoticon_content_description.2022081613, url: https://www.gstatic.com/android/keyboard/emoticon_content_desc/202208161305/superpacks_manifest.json, constraints: W:*:*:*, flags: bg, requested: 2022081613, current: 2022081613
09-18 19:15:04.513 17561 17561 W dumpsys : Thread Pool max thread count is 0. Cannot cache binder as linkToDeath cannot be implemented. serviceName: package
09-18 19:15:04.516 17487 17533 I InputActionMetricsProcessor: InputActionMetricsProcessor.onAttached():104 Attached to metrics manager.
09-18 19:15:04.519 17487 17520 I JapaneseMozcExtension: JapaneseMozcExtension.onCreate():44 
09-18 19:15:04.555 17487 17530 I SP      : Registering emoticon_content_description.2022081613, url: https://www.gstatic.com/android/keyboard/emoticon_content_desc/202208161305/superpacks_manifest.json, constraints: W:*:*:*, flags: bg, requested: 2022081613, current: 2022081613
09-18 19:15:04.567 17487 17487 W NotificationCenter: NotificationCenter$NotificationQueue.notifyPendingNotificationsOnExecutor():877 Heavy notify work detected on UI thread: [mnw->mnd] takes 26ms
09-18 19:15:04.571 17487 17487 I ExtensionManager: ExtensionManager.updateExtensionWrappersMap():230 The same notification is already processed
09-18 19:15:04.589 17487 17487 W NotificationCenter: NotificationCenter$NotificationQueue.notifyPendingNotificationsOnExecutor():877 Heavy notify work detected on UI thread: [ltc->msb, ltc->msb, ltc->msb, ltc->msb, ltc->msb, ltc->msb, ltc->msb, ltc->msb, ltc->msb, ltc->msb, ltc->msb, ltc->msb, ltc->msb, ltc->msb, ltc->msb, ltc->msb, ltc->msb, ltc->msb, ltc->msb, ltc->msb, ltc->msb, moh->mog, moh->mog, moh->mog, moh->mog, moh->mog, moh->mog, moh->mog, moh->mog, moh->mog, moh->mog, moh->mog, moh->mog, moh->mog, moh->mog, moh->mog, moh->mog, moh->mog, moh->mog, moh->mog, moh->mog, moh->mog, moh->mog, moh->mog, moh->mog, moh->mog, moh->mog, moh->mog, moh->mog, moh->mog, moh->mog, moh->mog] takes 698ms
09-18 19:15:04.593 17487 17487 W NotificationCenter: NotificationCenter$NotificationQueue.notifyPendingNotificationsOnExecutor():877 Heavy notify work detected on UI thread: [kah->msb] takes 707ms
09-18 19:15:04.604 17487 17530 I SP      : Syncing emoticon_content_description (2022081613) with slices: [7a635888cb828dfa2fc744b7b9b50f04], metadata: false
09-18 19:15:04.627 17487 17487 I BaseClearcutAdapter: BaseClearcutAdapter.queryAndUpdateUserCheckboxOptIn():273 Checkbox = false
09-18 19:15:04.628 17487 17487 I DeviceModeModule: DeviceModeModule.calculateAndNotify():225 Device mode 'phone' from display metrics 'DisplayMetrics{density=0.0, width=1080, height=2400, scaledDensity=0.0, xdpi=420.0, ydpi=420.0}' or smallestScreenWidthDp: 411
09-18 19:15:04.630 17487 17487 I InputMethodEntryManager: InputMethodEntryManager$4.onSuccess():896 Success load entries: [LanguageTagVariantTuple{languageTag=en-US, variant=qwerty}, LanguageTagVariantTuple{languageTag=zz, variant=qwerty}], resetImplicitlyEnabledEntries=false, initialized=false
09-18 19:15:04.630 17487 17487 I InputMethodEntryManager: InputMethodEntryManager.changeEnabledInputMethodEntries():1715 Change enabled input method entries, useSystemLanguage=true, old=, new=en-US:qwerty
09-18 19:15:04.631 17487 17487 I InputMethodEntryManager: InputMethodEntryManager.changeCurrentInputMethodEntry():2956 Set current input method entry: source=UNSPECIFIED, entryChanged=true, lpl{languageTag=en-US, variant=qwerty, hasLocalizedResources=true, conditionCacheKey=_app_first_start_timestamp=1757015441244_bottom_period_popup_slash=false_cache_additional_ime_defs_for_condition_change=false_cache_ime_defs_for_condition_change=false_deprecate_long_press_space_for_ime_picker=false_device=phone_device_size=default_enable_access_points_in_password_number=true_enable_correction_settings_updates=true_enable_flick_symbols=false_enable_more_candidates_view_for_multilingual=false_enable_number_row=false_enable_number_row_in_password=true_enable_pk_simulator=false_enable_pk_simulator_setting=false_enable_preemptive_decode=true_enable_secondary_digits=true_enable_secondary_symbols=false_expressions=normal_four_or_more_letter_rows=false_keyboard_mode=normal_language=en-US_layout_9key_split=false_orientation=portrait_physical_keyboard=qwerty_pref_enable_flick_symbols=false_rtl_layout=false_show_comma_key=true_show_period_key=true_show_secondary_digits=true_show_suggestion_strip=true_show_suggestions=true_split_with_duplicate_keys=true_true=true_variant=qwerty_writing_helper_enable_by_word_revert=false, imeDef.stringId=ime_english_united_states, imeDef.className=com.google.android.apps.inputmethod.libs.latin5.LatinIme, imeDef.languageTag=en-US}
09-18 19:15:04.642 17487 17487 I InputMethodEntryManager: InputMethodEntryManager.loadAdditionalImeDefsForCurrentEntry():2979 loadAdditionalImeDefsForCurrentEntry(): lpl{languageTag=en-US, variant=qwerty, hasLocalizedResources=true, conditionCacheKey=_app_first_start_timestamp=1757015441244_bottom_period_popup_slash=false_cache_additional_ime_defs_for_condition_change=false_cache_ime_defs_for_condition_change=false_deprecate_long_press_space_for_ime_picker=false_device=phone_device_size=default_enable_access_points_in_password_number=true_enable_correction_settings_updates=true_enable_flick_symbols=false_enable_more_candidates_view_for_multilingual=false_enable_number_row=false_enable_number_row_in_password=true_enable_pk_simulator=false_enable_pk_simulator_setting=false_enable_preemptive_decode=true_enable_secondary_digits=true_enable_secondary_symbols=false_expressions=normal_four_or_more_letter_rows=false_keyboard_mode=normal_language=en-US_layout_9key_split=false_orientation=portrait_physical_keyboard=qwerty_pref_enable_flick_symbols=false_rtl_layout=false_show_comma_key=true_show_period_key=true_show_secondary_digits=true_show_suggestion_strip=true_show_suggestions=true_split_with_duplicate_keys=true_true=true_variant=qwerty_writing_helper_enable_by_word_revert=false, imeDef.stringId=ime_english_united_states, imeDef.className=com.google.android.apps.inputmethod.libs.latin5.LatinIme, imeDef.languageTag=en-US}
09-18 19:15:04.642 17487 17487 W InputMethodEntryManager: InputMethodEntryManager.getEnabledMultilingualSecondaryLanguages():2263 getEnabledMultilingualSecondaryLanguages is called before initialized
09-18 19:15:04.681 17487 17487 I AdditionalImeDefCache: AdditionalImeDefCache.loadAdditionalImeDefsForEntryWithoutCache():249 Start loading additional ime defs for entry: lpl{languageTag=en-US, variant=qwerty, hasLocalizedResources=true, conditionCacheKey=_app_first_start_timestamp=1757015441244_bottom_period_popup_slash=false_cache_additional_ime_defs_for_condition_change=false_cache_ime_defs_for_condition_change=false_deprecate_long_press_space_for_ime_picker=false_device=phone_device_size=default_enable_access_points_in_password_number=true_enable_correction_settings_updates=true_enable_flick_symbols=false_enable_more_candidates_view_for_multilingual=false_enable_number_row=false_enable_number_row_in_password=true_enable_pk_simulator=false_enable_pk_simulator_setting=false_enable_preemptive_decode=true_enable_secondary_digits=true_enable_secondary_symbols=false_expressions=normal_four_or_more_letter_rows=false_keyboard_mode=normal_language=en-US_layout_9key_split=false_orientation=portrait_physical_keyboard=qwerty_pref_enable_flick_symbols=false_rtl_layout=false_show_comma_key=true_show_period_key=true_show_secondary_digits=true_show_suggestion_strip=true_show_suggestions=true_split_with_duplicate_keys=true_true=true_variant=qwerty_writing_helper_enable_by_word_revert=false, imeDef.stringId=ime_english_united_states, imeDef.className=com.google.android.apps.inputmethod.libs.latin5.LatinIme, imeDef.languageTag=en-US}
09-18 19:15:04.684 17487 17518 I DelightKLPDownloader: DelightKLPDownloader.downloadKLPInternal():203 downloading KLP for en_840
09-18 19:15:04.769 17487 17487 W NotificationCenter: NotificationCenter$NotificationQueue.notifyPendingNotificationsOnExecutor():877 Heavy notify work detected on UI thread: [lqa->msb, lqa->msb, lqa->msb, lqa->msb, lqa->msb, lqa->msb, moh->mog, moh->mog] takes 87ms
09-18 19:15:04.776 17487 17525 I SystemSubtypesReportModule: SystemSubtypesReportModule.onCreate():56 
09-18 19:15:04.779 17487 17487 I HandwritingOfflineSuperpacks: HandwritingOfflineSuperpacks.syncInternal():80 no bundled lm for handwriting.
09-18 19:15:04.779 17487 17487 I HandwritingSuperpacks: HandwritingSuperpacks.register():265 register(): version '86', url 'https://dl.google.com/handwriting/models/handwriting_release.superpack_manifest.20231127.json' [ONLINE]
09-18 19:15:04.799   784   929 D InputMethodManagerService: Initializing Handwriting Spy
09-18 19:15:04.830  8645  8945 I artd    : GetBestInfo: odex next to the dex file (/data/app/~~udGwMUUeYRccN0XLFDNMqA==/com.google.android.gms-n1YUE2eD54yIrV4K9OjdyA==/oat/x86_64/base.odex) is kOatUpToDate with filter 'speed-profile' executable 'false'
09-18 19:15:04.838  8645  8945 I artd    : GetBestInfo: odex next to the dex file (/data/app/~~udGwMUUeYRccN0XLFDNMqA==/com.google.android.gms-n1YUE2eD54yIrV4K9OjdyA==/oat/x86_64/split_AdsDynamite_installtime.odex) is kOatUpToDate with filter 'speed' executable 'false'
09-18 19:15:04.841  8645  8945 I artd    : GetBestInfo: odex next to the dex file (/data/app/~~udGwMUUeYRccN0XLFDNMqA==/com.google.android.gms-n1YUE2eD54yIrV4K9OjdyA==/oat/x86_64/split_CronetDynamite_installtime.odex) is kOatUpToDate with filter 'speed-profile' executable 'false'
09-18 19:15:04.886  8645  8945 I artd    : GetBestInfo: odex next to the dex file (/data/app/~~udGwMUUeYRccN0XLFDNMqA==/com.google.android.gms-n1YUE2eD54yIrV4K9OjdyA==/oat/x86_64/split_DynamiteLoader_installtime.odex) is kOatUpToDate with filter 'speed' executable 'false'
09-18 19:15:04.904  8645  8945 I artd    : GetBestInfo: odex next to the dex file (/data/app/~~udGwMUUeYRccN0XLFDNMqA==/com.google.android.gms-n1YUE2eD54yIrV4K9OjdyA==/oat/x86_64/split_DynamiteModulesA_installtime.odex) is kOatUpToDate with filter 'speed' executable 'false'
09-18 19:15:04.904 17487 17492 W putmethod.latin: Suspending all threads took: 116.065ms
09-18 19:15:04.923 17487 17526 I DelightKLPDownloader: DelightKLPDownloader.getBundledLmVersion():312 bundled KLP for en_840 version = 0
09-18 19:15:04.923 17487 17526 I ManifestedDataDownloader: ManifestedDataDownloader.download():67 downloading manifest https://www.gstatic.com/android/keyboard/dictionarypack/2025052121/metadata.json-perlang/en-840.json?v=2025082000
09-18 19:15:04.928 17487 17487 I MDDTaskScheduler: MDDTaskScheduler$Worker.startWorkInner():53 work mdd_download_work started
09-18 19:15:04.934  8645  8945 I artd    : GetBestInfo: odex next to the dex file (/data/app/~~udGwMUUeYRccN0XLFDNMqA==/com.google.android.gms-n1YUE2eD54yIrV4K9OjdyA==/oat/x86_64/split_DynamiteModulesC_installtime.odex) is kOatUpToDate with filter 'speed' executable 'false'
09-18 19:15:04.935 17487 17487 I DownloadManager: DownloadManager.startDownload():504 start download of nebulae-lc-artifacts
09-18 19:15:04.941  8645  8945 I artd    : GetBestInfo: odex next to the dex file (/data/app/~~udGwMUUeYRccN0XLFDNMqA==/com.google.android.gms-n1YUE2eD54yIrV4K9OjdyA==/oat/x86_64/split_GoogleCertificates_installtime.odex) is kOatUpToDate with filter 'speed' executable 'false'
09-18 19:15:04.949 17487 17487 I KeyboardContextProvider: KeyboardContextProvider$KeyboardContextCache.createKeyboardContext():173 createKeyboardContext(): en-US, kpz@bc98e81(com.android.inputmethod.latin.LatinIME@d578b2f), {1.0 310mcc260mnc [en_US] ldltr sw411dp w411dp h914dp 420dpi nrml long port finger qwerty/v/v dpad/v winConfig={ mBounds=Rect(0, 0 - 1080, 2400) mAppBounds=Rect(0, 0 - 1080, 2400) mMaxBounds=Rect(0, 0 - 1080, 2400) mDisplayRotation=ROTATION_0 mWindowingMode=fullscreen mActivityType=undefined mAlwaysOnTop=undefined mRotation=ROTATION_0} as.2 s.27 fontWeightAdjustment=0}
09-18 19:15:04.954  8645  8945 I artd    : GetBestInfo: odex next to the dex file (/data/app/~~udGwMUUeYRccN0XLFDNMqA==/com.google.android.gms-n1YUE2eD54yIrV4K9OjdyA==/oat/x86_64/split_MapsDynamite_installtime.odex) is kOatUpToDate with filter 'speed' executable 'false'
09-18 19:15:04.963  8645  8945 I artd    : GetBestInfo: odex next to the dex file (/data/app/~~udGwMUUeYRccN0XLFDNMqA==/com.google.android.gms-n1YUE2eD54yIrV4K9OjdyA==/oat/x86_64/split_MeasurementDynamite_installtime.odex) is kOatUpToDate with filter 'speed' executable 'false'
09-18 19:15:04.971  8645  8945 I artd    : GetBestInfo: odex next to the dex file (/data/app/~~udGwMUUeYRccN0XLFDNMqA==/com.google.android.gms-n1YUE2eD54yIrV4K9OjdyA==/oat/x86_64/split_all_locale_splits.odex) is kOatUpToDate with filter 'speed' executable 'false'
09-18 19:15:04.977 17487 17530 I SP      : Syncing emoticon_content_description (2022081613) with slices: [7a635888cb828dfa2fc744b7b9b50f04], metadata: false
09-18 19:15:04.982  8645  8945 I artd    : GetBestInfo: /data/app/~~udGwMUUeYRccN0XLFDNMqA==/com.google.android.gms-n1YUE2eD54yIrV4K9OjdyA==/split_maps_core_dynamite_ondemand.apk has no usable artifacts
09-18 19:15:04.990  8645  8945 I artd    : GetBestInfo: /data/user_de/0/com.google.android.gms/app_chimera/m/0000000c/dl-Appsearch.optional_250834100800.apk has no usable artifacts
09-18 19:15:04.995  8645  8945 I artd    : GetBestInfo: /data/user_de/0/com.google.android.gms/app_chimera/m/00000008/dl-VisionOcr.optional_250834100000.apk has no usable artifacts
09-18 19:15:05.005  8645  8945 W artd    : Could not get dex checksums for location /data/app/~~AnNLjQMj_cDVgJZ6I3ZiaQ==/com.google.android.gms-jkrtT1qALj8jjjBKe-KCWQ==/base.apk, fd=-1
09-18 19:15:05.008  8645  8945 W artd    : Could not get dex checksums for location /data/app/~~AnNLjQMj_cDVgJZ6I3ZiaQ==/com.google.android.gms-jkrtT1qALj8jjjBKe-KCWQ==/base.apk, fd=-1
09-18 19:15:05.010  8645  8945 I artd    : GetBestInfo: /data/user_de/0/com.google.android.gms/app_chimera/m/00000001/CronetDynamite.apk has no usable artifacts
09-18 19:15:05.012  8645  8945 W artd    : Could not get dex checksums for location /data/app/~~AnNLjQMj_cDVgJZ6I3ZiaQ==/com.google.android.gms-jkrtT1qALj8jjjBKe-KCWQ==/base.apk, fd=-1
09-18 19:15:05.015  8645  8945 W artd    : Could not get dex checksums for location /data/app/~~AnNLjQMj_cDVgJZ6I3ZiaQ==/com.google.android.gms-jkrtT1qALj8jjjBKe-KCWQ==/base.apk, fd=-1
09-18 19:15:05.022  8645  8945 W artd    : Could not get dex checksums for location /data/app/~~AnNLjQMj_cDVgJZ6I3ZiaQ==/com.google.android.gms-jkrtT1qALj8jjjBKe-KCWQ==/base.apk, fd=-1
09-18 19:15:05.025  8645  8945 I artd    : GetBestInfo: /data/user_de/0/com.google.android.gms/app_chimera/m/00000002/DynamiteLoader.apk has no usable artifacts
09-18 19:15:05.028  8645  8945 W artd    : Could not get dex checksums for location /data/app/~~AnNLjQMj_cDVgJZ6I3ZiaQ==/com.google.android.gms-jkrtT1qALj8jjjBKe-KCWQ==/base.apk, fd=-1
09-18 19:15:05.036  8645  8945 W artd    : Could not get dex checksums for location /data/app/~~AnNLjQMj_cDVgJZ6I3ZiaQ==/com.google.android.gms-jkrtT1qALj8jjjBKe-KCWQ==/base.apk, fd=-1
09-18 19:15:05.041  8645  8944 I artd    : GetBestInfo: /data/user_de/0/com.google.android.gms/app_chimera/m/00000005/GoogleCertificates.apk has no usable artifacts
09-18 19:15:05.042  8645  8945 W artd    : Could not get dex checksums for location /data/app/~~AnNLjQMj_cDVgJZ6I3ZiaQ==/com.google.android.gms-jkrtT1qALj8jjjBKe-KCWQ==/base.apk, fd=-1
09-18 19:15:05.047  8645  8945 W artd    : Could not get dex checksums for location /data/app/~~AnNLjQMj_cDVgJZ6I3ZiaQ==/com.google.android.gms-jkrtT1qALj8jjjBKe-KCWQ==/base.apk, fd=-1
09-18 19:15:05.050  8645  8945 W artd    : Could not get dex checksums for location /data/app/~~AnNLjQMj_cDVgJZ6I3ZiaQ==/com.google.android.gms-jkrtT1qALj8jjjBKe-KCWQ==/base.apk, fd=-1
09-18 19:15:05.053  8645  8944 W artd    : Could not get dex checksums for location /data/app/~~AnNLjQMj_cDVgJZ6I3ZiaQ==/com.google.android.gms-jkrtT1qALj8jjjBKe-KCWQ==/base.apk, fd=-1
09-18 19:15:05.054  8645  8944 W artd    : Could not get dex checksums for location /data/app/~~AnNLjQMj_cDVgJZ6I3ZiaQ==/com.google.android.gms-jkrtT1qALj8jjjBKe-KCWQ==/base.apk, fd=-1
09-18 19:15:05.058  8645  8944 I artd    : GetBestInfo: /data/user_de/0/com.google.android.gms/app_chimera/m/0000000b/dl-Antifingerprinting.optional_250834100000.apk has no usable artifacts
09-18 19:15:05.059  8645  8944 W artd    : Could not get dex checksums for location /data/app/~~AnNLjQMj_cDVgJZ6I3ZiaQ==/com.google.android.gms-jkrtT1qALj8jjjBKe-KCWQ==/base.apk, fd=-1
09-18 19:15:05.063  8645  8944 W artd    : Could not get dex checksums for location /data/app/~~AnNLjQMj_cDVgJZ6I3ZiaQ==/com.google.android.gms-jkrtT1qALj8jjjBKe-KCWQ==/base.apk, fd=-1
09-18 19:15:05.065  8645  8944 W artd    : Could not get dex checksums for location /data/app/~~AnNLjQMj_cDVgJZ6I3ZiaQ==/com.google.android.gms-jkrtT1qALj8jjjBKe-KCWQ==/base.apk, fd=-1
09-18 19:15:05.070  8645  8944 I artd    : GetBestInfo: /data/user_de/0/com.google.android.gms/app_chimera/m/0000000e/dl-MlkitBarcodeUi.optional_250834100800.apk has no usable artifacts
09-18 19:15:05.078  8645  8944 I artd    : GetBestInfo: /data/user_de/0/com.google.android.gms/app_chimera/m/00000009/dl-MlkitOcrCommon.optional_250834100800.apk has no usable artifacts
09-18 19:15:05.082   784  6875 I system_server: AssetManager2(0x7e62bf75c3f8) locale list changing from [] to [en-US]
09-18 19:15:05.084  8645  8944 W artd    : Could not get dex checksums for location /data/app/~~4xn3Mapf29_RzYRXROWaAA==/com.android.vending-9KcuhoZBQ0t0mIMf2lyJ2g==/base.apk, fd=-1
09-18 19:15:05.340   784  6875 I system_server: AssetManager2(0x7e62bf760278) locale list changing from [] to [en-US]
09-18 19:15:05.346 17487 17487 W NotificationCenter: NotificationCenter$NotificationQueue.notifyPendingNotificationsOnExecutor():877 Heavy notify work detected on UI thread: [lpc->lpa, lre->nig, moh->mog] takes 402ms
09-18 19:15:05.386 17487 17487 I HardKeyTracker: HardKeyTracker.registerKeySequence():170 Register key sequence nef{labelResId=2132020470, callback=null, lastModifier=2, keyCodes=[8], actions=[0]}
09-18 19:15:05.397 17487 17530 I SP      : Registering emoticon_content_description.2022081613, url: https://www.gstatic.com/android/keyboard/emoticon_content_desc/202208161305/superpacks_manifest.json, constraints: W:*:*:*, flags: bg, requested: 2022081613, current: 2022081613
09-18 19:15:05.399 17487 17530 I SP      : Registering emoticon_content_description.2022081613, url: https://www.gstatic.com/android/keyboard/emoticon_content_desc/202208161305/superpacks_manifest.json, constraints: W:*:*:*, flags: bg, requested: 2022081613, current: 2022081613
09-18 19:15:05.402 17487 17530 I SP      : Registering handwriting_recognition.86, url: https://dl.google.com/handwriting/models/handwriting_release.superpack_manifest.20231127.json, constraints: m:*:*:*, flags: *, requested: 86, current: 86
09-18 19:15:05.414 17487 17530 I SP      : GC for 'emoticon_content_description' (10) with ttl of 0 ms took 1 ms (0/0/1)
09-18 19:15:05.414 17487 17530 I AbstractSyncResultCallback: AbstractSyncResultCallback.onFailure():38 onFailure(): emoticon_content_description.sync cancelled; expected if new request supersedes pending one.
09-18 19:15:05.416 17487 17525 I HandwritingOnlineSuperpacks: HandwritingOnlineSuperpacks.syncInternal():168 syncPackMapping()
09-18 19:15:05.419 17487 17487 I AbstractOpenableExtension: AbstractOpenableExtension.createKeyboardGroupManagerListenableFuture():121 Create keyboard group manager listenable future in gvt
09-18 19:15:05.463 17487 17487 I HardKeyTracker: HardKeyTracker.registerKeySequence():170 Register key sequence nef{labelResId=2132018780, callback=cgm@86fb42c, lastModifier=2, keyCodes=[39], actions=[0]}
09-18 19:15:05.464 17487 17487 I HardKeyTracker: HardKeyTracker.registerKeySequence():170 Register key sequence nef{labelResId=2132020467, callback=cgm@139e718, lastModifier=65536, keyCodes=[76], actions=[0]}
09-18 19:15:05.464 17487 17487 I PkDeviceHelper: PkDeviceHelper.refreshDevices():93 refreshing devices
09-18 19:15:05.464 17487 17487 I PkDeviceHelper: PkDeviceHelper.addDevice():133 device qwerty2 added
09-18 19:15:05.465 17487 17487 I PkDeviceHelper: PkDeviceHelper.addDevice():133 device AT Translated Set 2 keyboard added
09-18 19:15:05.465 17487 17487 I AccessPointsListHolderController: AccessPointsListHolderController.removeAccessPoint():566 The access point settings is not added
09-18 19:15:05.468 17487 17487 I AccessPointsListHolderController: AccessPointsListHolderController.removeAccessPoint():566 The access point theme_setting is not added
09-18 19:15:05.468 17487 17487 I HardKeyTracker: HardKeyTracker.registerKeySequence():170 Register key sequence nef{labelResId=2132020466, callback=cgm@f725cc4, lastModifier=2, keyCodes=[37], actions=[0]}
09-18 19:15:05.468 17487 17487 I AccessPointsListHolderController: AccessPointsListHolderController.removeAccessPoint():566 The access point textediting is not added
09-18 19:15:05.471 17487 17487 I HardKeyTracker: HardKeyTracker.unregisterKeySequence():221 Unregister key sequence nef{labelResId=2132020467, callback=cgm@139e718, lastModifier=65536, keyCodes=[76], actions=[0]}
09-18 19:15:05.472 17487 17487 I HardKeyTracker: HardKeyTracker.registerKeySequence():170 Register key sequence nef{labelResId=2132020467, callback=cgm@a51f32e, lastModifier=65536, keyCodes=[76], actions=[0]}
09-18 19:15:05.472 17487 17487 I AccessPointsListHolderController: AccessPointsListHolderController.removeAccessPoint():566 The access point share is not added
09-18 19:15:05.473 17487 17487 I HardKeyTracker: HardKeyTracker.registerKeySequence():170 Register key sequence nef{labelResId=2132020464, callback=cgm@48e143a, lastModifier=2, keyCodes=[56], actions=[0]}
09-18 19:15:05.478 17487 17487 I HardKeyTracker: HardKeyTracker.registerKeySequence():170 Register key sequence nef{labelResId=2132020464, callback=cgm@5393a06, lastModifier=0, keyCodes=[317], actions=[0]}
09-18 19:15:05.478 17487 17487 W NotificationCenter: NotificationCenter$NotificationQueue.notifyPendingNotificationsOnExecutor():877 Heavy notify work detected on UI thread: [jsr->msb, jsr->msb, jsr->msb, jsr->msb, jsr->msb, jsr->msb, jsr->msb, jsr->msb, jsr->msb, moh->mog, moh->mog, moh->mog, nfv->msb, moh->mog, nfv->msb, moh->mog, nfv->msb, moh->mog, nfv->msb, moh->mog, nfv->msb, moh->mog, jsx->jsw, jsx->jsw, jsx->jsw, jsx->jsw, nfv->msb, lom->jpv, moh->mog, moh->mog, nfv->msb, moh->mog, nfv->msb, moh->mog, moh->mog, moh->mog, moh->mog, moh->mog, jsz->jsw, jsx->jsw, jsz->jsw, jsx->jsw, jsz->jsw, jsx->jsw, jsx->jsw, jsz->jsw, jsx->jsw] takes 127ms
09-18 19:15:05.478 17487 17529 I KeyboardGroupDefParser: KeyboardGroupDefParser.parseKeyboardGroupDef():86 parseKeyboardGroupDef() 2132213993 -> 0_resource_name_obfuscated : WaitTime = 10 ms : RunTime = 48 ms
09-18 19:15:05.520 17487 17487 I putmethod.latin: AssetManager2(0x7e62bf682ab8) locale list changing from [] to [en-US]
09-18 19:15:05.534 17487 17520 I KeyboardGroupDefParser: KeyboardGroupDefParser.parseKeyboardGroupDef():86 parseKeyboardGroupDef() 2132213994 -> 0_resource_name_obfuscated : WaitTime = 9 ms : RunTime = 105 ms
09-18 19:15:05.562 17487 17494 W SP      : File ref is being finalized but wasn't closed, file: transformer_latin_tflite_20231010_zip[6]
09-18 19:15:05.562 17487 17494 W SP      : File ref is being finalized but wasn't closed, file: scribe_latin_20231123_tflite_zip[6]
09-18 19:15:05.563 17487 17494 W SP      : File ref is being finalized but wasn't closed, file: qrnn_en_us_reco_20231010_fst_20230613_recospec_zip[6]
09-18 19:15:05.563 17487 17494 W SP      : File ref is being finalized but wasn't closed, file: transformer_latin_conf_tflite_20231010_zip[6]
09-18 19:15:05.563 17487 17494 W SP      : File ref is being finalized but wasn't closed, file: pack_mapping_v1_lstm_20231127[4]
09-18 19:15:05.563 17487 17494 W SP      : File ref is being finalized but wasn't closed, file: transformer_latin_seg_tflite_20231010_zip[6]
09-18 19:15:05.563 17487 17494 W SP      : File ref is being finalized but wasn't closed, file: scribe_latin_20231123_recospec_zip[6]
09-18 19:15:05.563 17487 17494 W SP      : File ref is being finalized but wasn't closed, file: en_us_20230613_compact_fst_zip[6]
09-18 19:15:05.563 17487 17494 W SP      : File ref is being finalized but wasn't closed, file: transformer_latin_tflite_20231010_zip[6]
09-18 19:15:05.563 17487 17494 W SP      : File ref is being finalized but wasn't closed, file: scribe_latin_20231123_tflite_zip[6]
09-18 19:15:05.565 17487 17494 W SP      : File ref is being finalized but wasn't closed, file: qrnn_en_us_reco_20231010_fst_20230613_recospec_zip[6]
09-18 19:15:05.565 17487 17494 W SP      : File ref is being finalized but wasn't closed, file: transformer_latin_conf_tflite_20231010_zip[6]
09-18 19:15:05.565 17487 17494 W SP      : File ref is being finalized but wasn't closed, file: pack_mapping_v1_lstm_20231127[4]
09-18 19:15:05.566 17487 17494 W SP      : File ref is being finalized but wasn't closed, file: transformer_latin_seg_tflite_20231010_zip[6]
09-18 19:15:05.566 17487 17494 W SP      : File ref is being finalized but wasn't closed, file: scribe_latin_20231123_recospec_zip[6]
09-18 19:15:05.566 17487 17494 W SP      : File ref is being finalized but wasn't closed, file: en_us_20230613_compact_fst_zip[6]
09-18 19:15:05.566 17487 17494 W SP      : File ref is being finalized but wasn't closed, file: transformer_latin_tflite_20231010_zip[6]
09-18 19:15:05.566 17487 17494 W SP      : File ref is being finalized but wasn't closed, file: scribe_latin_20231123_tflite_zip[6]
09-18 19:15:05.566 17487 17494 W SP      : File ref is being finalized but wasn't closed, file: qrnn_en_us_reco_20231010_fst_20230613_recospec_zip[6]
09-18 19:15:05.566 17487 17494 W SP      : File ref is being finalized but wasn't closed, file: transformer_latin_conf_tflite_20231010_zip[6]
09-18 19:15:05.566 17487 17494 W SP      : File ref is being finalized but wasn't closed, file: pack_mapping_v1_lstm_20231127[4]
09-18 19:15:05.566 17487 17494 W SP      : File ref is being finalized but wasn't closed, file: transformer_latin_seg_tflite_20231010_zip[6]
09-18 19:15:05.566 17487 17494 W SP      : File ref is being finalized but wasn't closed, file: scribe_latin_20231123_recospec_zip[6]
09-18 19:15:05.567 17487 17494 W SP      : File ref is being finalized but wasn't closed, file: en_us_20230613_compact_fst_zip[6]
09-18 19:15:05.570 17487 17494 W SP      : File ref is being finalized but wasn't closed, file: scribe_latin_20231123_recospec_zip[6]
09-18 19:15:05.570 17487 17494 W SP      : File ref is being finalized but wasn't closed, file: transformer_latin_tflite_20231010_zip[6]
09-18 19:15:05.570 17487 17494 W SP      : File ref is being finalized but wasn't closed, file: scribe_latin_20231123_tflite_zip[6]
09-18 19:15:05.571 17487 17494 W SP      : File ref is being finalized but wasn't closed, file: qrnn_en_us_reco_20231010_fst_20230613_recospec_zip[6]
09-18 19:15:05.571 17487 17494 W SP      : File ref is being finalized but wasn't closed, file: transformer_latin_conf_tflite_20231010_zip[6]
09-18 19:15:05.571 17487 17494 W SP      : File ref is being finalized but wasn't closed, file: pack_mapping_v1_lstm_20231127[4]
09-18 19:15:05.572 17487 17494 W SP      : File ref is being finalized but wasn't closed, file: transformer_latin_seg_tflite_20231010_zip[6]
09-18 19:15:05.572 17487 17494 W SP      : File ref is being finalized but wasn't closed, file: scribe_latin_20231123_recospec_zip[6]
09-18 19:15:05.573 17487 17494 W SP      : File ref is being finalized but wasn't closed, file: en_us_20230613_compact_fst_zip[6]
09-18 19:15:05.573 17487 17494 W SP      : File ref is being finalized but wasn't closed, file: scribe_latin_20231123_recospec_zip[6]
09-18 19:15:05.574 17487 17494 W SP      : File ref is being finalized but wasn't closed, file: scribe_latin_20231123_tflite_zip[6]
09-18 19:15:05.574 17487 17494 W SP      : File ref is being finalized but wasn't closed, file: scribe_latin_20231123_tflite_zip[6]
09-18 19:15:05.575 17487 17494 W SP      : File ref is being finalized but wasn't closed, file: qrnn_en_us_reco_20231010_fst_20230613_recospec_zip[6]
09-18 19:15:05.575 17487 17494 W SP      : File ref is being finalized but wasn't closed, file: qrnn_en_us_reco_20231010_fst_20230613_recospec_zip[6]
09-18 19:15:05.575 17487 17494 W SP      : File ref is being finalized but wasn't closed, file: transformer_latin_conf_tflite_20231010_zip[6]
09-18 19:15:05.575 17487 17494 W SP      : File ref is being finalized but wasn't closed, file: transformer_latin_conf_tflite_20231010_zip[6]
09-18 19:15:05.575 17487 17494 W SP      : File ref is being finalized but wasn't closed, file: transformer_latin_seg_tflite_20231010_zip[6]
09-18 19:15:05.575 17487 17494 W SP      : File ref is being finalized but wasn't closed, file: transformer_latin_tflite_20231010_zip[6]
09-18 19:15:05.575 17487 17494 W SP      : File ref is being finalized but wasn't closed, file: transformer_latin_seg_tflite_20231010_zip[6]
09-18 19:15:05.575 17487 17494 W SP      : File ref is being finalized but wasn't closed, file: en_us_20230613_compact_fst_zip[6]
09-18 19:15:05.575 17487 17494 W SP      : File ref is being finalized but wasn't closed, file: transformer_latin_tflite_20231010_zip[6]
09-18 19:15:05.576 17487 17494 W SP      : File ref is being finalized but wasn't closed, file: en_us_20230613_compact_fst_zip[6]
09-18 19:15:05.695 17487 17487 I GoogleInputMethodService: GoogleInputMethodService$GoogleInputMethodImpl.attachToken():2661 
09-18 19:15:05.779 17487 17487 D CompatChangeReporter: Compat change id reported: 349153669; UID 10160; state: ENABLED
09-18 19:15:05.784 17487 17487 I DisplayManager: Implicitly registering for refresh rate
09-18 19:15:05.786 17487 17487 W HWUI    : Unknown dataspace 0
09-18 19:15:05.809   784   806 I ImeTracker: system_server:e6ed443d: onRequestHide at ORIGIN_SERVER reason IME_REQUESTED_CHANGED_LISTENER fromUser false
09-18 19:15:05.816   784   817 I ImeTracker: system_server:e6ed443d: onCancelled at PHASE_SERVER_SHOULD_HIDE
09-18 19:15:05.820 17487 17487 I SystemSubtypesReportModule: SystemSubtypesReportModule$1.onBindService():97 
09-18 19:15:05.910 17487 17487 I SystemSubtypesReportModule: SystemSubtypesReportModule$1.onBindService():103 Start listening current entry
09-18 19:15:05.998 17487 17487 I SystemSubtypesReportModule: SystemSubtypesReportModule$3.onSetCurrentInputMethodSubtype():184 en_US
09-18 19:15:06.002 17487 17487 I SystemSubtypesReportModule: SystemSubtypesReportModule$3.onSetCurrentInputMethodSubtype():205 switchEntry(en-US)
09-18 19:15:06.003 17121 17121 I ImeTracker: com.example.serviscribe_:e195185: onRequestShow at ORIGIN_CLIENT reason SHOW_SOFT_INPUT fromUser false
09-18 19:15:06.004 17121 17121 D InsetsController: show(ime(), fromIme=false)
09-18 19:15:06.004 17121 17121 D InsetsController: Setting requestedVisibleTypes to -1 (was -9)
09-18 19:15:06.011 17487 17487 W NotificationCenter: NotificationCenter$NotificationQueue.notifyPendingNotificationsOnExecutor():877 Heavy notify work detected on UI thread: [lre->nig, low->lov] takes 182ms
09-18 19:15:06.031   784  1714 I ImeTracker: com.example.serviscribe_:e195185: onFailed at PHASE_SERVER_UPDATE_CLIENT_VISIBILITY
09-18 19:15:06.059 17487 17531 I PrimesLoggerHolder: FlightRecordReaderImpl.getFlightRecord():87 Failed to find any valid flight records for process id 17281
