09-18 19:14:10.539   521   614 W EmulatedCameraDeviceInfo: InitializeControlDefaults: No available post RAW boost! Setting default!
09-18 19:14:10.539   521  5066 E EmulatedRequestProcessor: onEvent: unexpected event received type: 33
09-18 19:14:10.539   521  5066 E EmulatedRequestProcessor: onEvent: unexpected event received type: 33
09-18 19:14:10.539   521  5066 E EmulatedRequestProcessor: onEvent: unexpected event received type: 33
09-18 19:14:10.540   521   614 W EmulatedCameraDeviceInfo: InitializeControlDefaults: No available post RAW boost! Setting default!
09-18 19:14:10.540   521   614 W EmulatedCameraDeviceInfo: InitializeControlDefaults: No available post RAW boost! Setting default!
09-18 19:14:10.553   622   622 I CameraProviderManager: Camera device device@1.1/internal/1 torch status is now NOT_AVAILABLE
09-18 19:14:10.553   622   622 I CameraService: onTorchStatusChangedLocked: Torch status changed for cameraId=1, newStatus=0
09-18 19:14:10.553   521   614 I GCH_CameraDeviceSession: Initialize: measure buffer allocation time: 0 
09-18 19:14:10.636 17215 17251 D nativeloader: Load /data/app/~~-qeybESDKIgUvxP0MThrNw==/com.android.vending-GG_cbC2pXQrZpfPmvLjeDQ==/split_config.x86_64.apk!/lib/x86_64/libcronet.141.0.7340.3.so using class loader ns clns-9 (caller=/data/app/~~-qeybESDKIgUvxP0MThrNw==/com.android.vending-GG_cbC2pXQrZpfPmvLjeDQ==/base.apk): ok
09-18 19:14:10.651 17257 17257 I Finsky  : [2] AsyncInit: Mandatory tasks are executed!
09-18 19:14:10.659 17257 17306 D HttpFlagsLoader: Not loading HTTP flags because they are disabled in the manifest
09-18 19:14:10.673 17257 17306 D nativeloader: Load /data/app/~~-qeybESDKIgUvxP0MThrNw==/com.android.vending-GG_cbC2pXQrZpfPmvLjeDQ==/split_config.x86_64.apk!/lib/x86_64/libcronet.141.0.7340.3.so using class loader ns clns-9 (caller=/data/app/~~-qeybESDKIgUvxP0MThrNw==/com.android.vending-GG_cbC2pXQrZpfPmvLjeDQ==/base.apk): ok
09-18 19:14:10.680 17257 17257 W Settings: Setting download_manager_max_bytes_over_mobile has moved from android.provider.Settings.Secure to android.provider.Settings.Global.
09-18 19:14:10.682 17257 17257 I Finsky  : [2] SettingNotFoundException, fall through to G.downloadBytesOverMobileMaximum
09-18 19:14:10.683 17257 17257 W Settings: Setting download_manager_recommended_max_bytes_over_mobile has moved from android.provider.Settings.Secure to android.provider.Settings.Global.
09-18 19:14:10.686   784  1440 D ConnectivityService: requestNetwork for uid/pid:10147/17257 activeRequest: null callbackRequest: 280 [NetworkRequest [ REQUEST id=281, [ Capabilities: INTERNET&NOT_RESTRICTED&TRUSTED&NOT_VCN_MANAGED&NOT_BANDWIDTH_CONSTRAINED Uid: 10147 RequestorUid: 10147 RequestorPkg: com.android.vending UnderlyingNetworks: Null] ]] callback flags: 0 order: 2147483647 isUidTracked: false declaredMethods: AVAIL|LOST|NC|LP
09-18 19:14:10.692 17257 17257 I Finsky  : [2] SettingNotFoundException, fall through to G.downloadBytesOverMobileRecommended
09-18 19:14:10.696   784   964 D ConnectivityService: NetReassign [281 : null  105] [c 7] [a 1] [i 1]
09-18 19:14:10.706   784   817 W OptProp : Cannot read opt property android.window.PROPERTY_COMPAT_ALLOW_MIN_ASPECT_RATIO_OVERRIDE
09-18 19:14:10.707   521   614 I GCH_CameraDeviceSession: Create: Created a device session for camera 1 with 2 physical cameras: 4 5 
09-18 19:14:10.710   784   958 D OemPaidWifiNetworkFactory: got request NetworkRequest [ REQUEST id=281, [ Capabilities: INTERNET&NOT_RESTRICTED&TRUSTED&NOT_VCN_MANAGED&NOT_BANDWIDTH_CONSTRAINED Uid: 10147 RequestorUid: 10147 RequestorPkg: com.android.vending UnderlyingNetworks: Null] ]
09-18 19:14:10.714   784   958 D MultiInternetWifiNetworkFactory: got request NetworkRequest [ REQUEST id=281, [ Capabilities: INTERNET&NOT_RESTRICTED&TRUSTED&NOT_VCN_MANAGED&NOT_BANDWIDTH_CONSTRAINED Uid: 10147 RequestorUid: 10147 RequestorPkg: com.android.vending UnderlyingNetworks: Null] ]
09-18 19:14:10.714   784   958 D WifiNetworkFactory: got request NetworkRequest [ REQUEST id=281, [ Capabilities: INTERNET&NOT_RESTRICTED&TRUSTED&NOT_VCN_MANAGED&NOT_BANDWIDTH_CONSTRAINED Uid: 10147 RequestorUid: 10147 RequestorPkg: com.android.vending UnderlyingNetworks: Null] ]
09-18 19:14:10.714   784   958 D UntrustedWifiNetworkFactory: got request NetworkRequest [ REQUEST id=281, [ Capabilities: INTERNET&NOT_RESTRICTED&TRUSTED&NOT_VCN_MANAGED&NOT_BANDWIDTH_CONSTRAINED Uid: 10147 RequestorUid: 10147 RequestorPkg: com.android.vending UnderlyingNetworks: Null] ]
09-18 19:14:10.717 16947 17009 I .apps.wellbeing: AssetManager2(0x7e62bf6768f8) locale list changing from [] to [en-US]
09-18 19:14:10.728   784   964 D ConnectivityService: NetReassign [no changes] [c 0] [a 1] [i 16]
09-18 19:14:10.730   521   614 W ServiceManagerCppClient: Failed to get isDeclared for android.hardware.thermal.IThermal/default: Status(-1, EX_SECURITY): 'SELinux denied for service.'
09-18 19:14:10.731   521   614 W GCH_AidlCameraDeviceSession: Thermal AIDL service is not declared
09-18 19:14:10.731   521   614 E GCH_AidlCameraDeviceSession: RegisterThermalChangedCallback: thermal was not initialized.
09-18 19:14:10.731   521   614 W GCH_CameraDeviceSession: SetSessionCallback: Registering thermal callback failed: No such device(-19)
09-18 19:14:10.947   784   823 I ActivityManager: Extending process start timeout by 407ms for ProcessRecord{d10c04e 17281:com.google.android.inputmethod.latin/u0a160}
09-18 19:14:10.964 17215 17335 I SQLiteConnection: Long db operation: /data/user/0/com.android.vending/databases/scheduler_background
09-18 19:14:10.964 17215 17335 I SQLiteConnection: Long db operation: /data/user/0/com.android.vending/databases/scheduler_background
09-18 19:14:11.021 17215 17335 I Finsky:background: [87] SCH: Canceling job 3-66
09-18 19:14:11.021 17215 17335 I Finsky:background: [87] WM::SCH: Logging work end for 3-66
09-18 19:14:11.061 17215 17268 I Finsky:background: [72] SCH: Scheduling phonesky job Id: 3-67, CT: 1758202931056, Constraints: [{ L: 0, D: 86400000, C: CHARGING_REQUIRED, I: IDLE_REQUIRED, N: NET_UNMETERED, B: BATTERY_ANY }]
09-18 19:14:11.066 17257 17307 I Finsky  : [65] ApplicationRestrictions: {}
09-18 19:14:11.080   784   913 D ActivityManager: freezing 17215 com.android.vending:background
09-18 19:14:11.082   784   913 D ActivityManager: Reschedule freeze for process 17215 com.android.vending:background (outstanding txns), timeout=1000
09-18 19:14:11.124   784   823 I ActivityManager: Test idle failed due to 9a511a0 17257:com.android.vending/u0a147 not runnable because EMPTY
09-18 19:14:11.131 17215 17215 I Finsky:background: [2] Memory trim requested to level 40
09-18 19:14:11.204   622   622 D Camera3-Utils: Set regular priority for thread (tid 622)
09-18 19:14:11.292 17257 17257 I Finsky  : [2] This process start was not selected for Play memory metrics collection.
09-18 19:14:11.344 17121 17253 D Camera2CameraImpl: {Camera@180f7c9[id=1]} Use case androidx.camera.core.Preview-53411ea9-581b-401a-adc0-bdb70a4075be243764034 ACTIVE
09-18 19:14:11.345 17121 17253 D UseCaseAttachState: Active and attached use case: [androidx.camera.core.ImageCapture-09c390cf-cf11-4318-8677-17084178a3ae117303440, androidx.camera.core.Preview-53411ea9-581b-401a-adc0-bdb70a4075be243764034] for camera: 1
09-18 19:14:11.346 17121 17253 D Camera2CameraImpl: {Camera@180f7c9[id=1]} Use case androidx.camera.core.ImageCapture-09c390cf-cf11-4318-8677-17084178a3ae117303440 ACTIVE
09-18 19:14:11.347 17121 17253 D UseCaseAttachState: Active and attached use case: [androidx.camera.core.ImageCapture-09c390cf-cf11-4318-8677-17084178a3ae117303440, androidx.camera.core.Preview-53411ea9-581b-401a-adc0-bdb70a4075be243764034] for camera: 1
09-18 19:14:11.348 17121 17253 D Camera2CameraImpl: {Camera@180f7c9[id=1]} Use case androidx.camera.core.ImageAnalysis-93ea6701-305a-4a49-80fa-3869e5eec49e185014670 INACTIVE
09-18 19:14:11.348 17121 17253 D UseCaseAttachState: Active and attached use case: [androidx.camera.core.ImageCapture-09c390cf-cf11-4318-8677-17084178a3ae117303440, androidx.camera.core.Preview-53411ea9-581b-401a-adc0-bdb70a4075be243764034] for camera: 1
09-18 19:14:11.355 17121 17253 D Camera2CameraImpl: {Camera@180f7c9[id=1]} CameraDevice.onOpened()
09-18 19:14:11.355 17121 17253 D Camera2CameraImpl: {Camera@180f7c9[id=1]} Transitioning camera internal state: OPENING --> OPENED
09-18 19:14:11.357 17121 17253 D CameraStateRegistry: Recalculating open cameras:
09-18 19:14:11.357 17121 17253 D CameraStateRegistry: Camera                                       State                 
09-18 19:14:11.357 17121 17253 D CameraStateRegistry: -------------------------------------------------------------------
09-18 19:14:11.357 17121 17253 D CameraStateRegistry: Camera@180f7c9[id=1]                         OPEN                  
09-18 19:14:11.357 17121 17253 D CameraStateRegistry: Camera@62564e8[id=10]                        UNKNOWN               
09-18 19:14:11.357 17121 17253 D CameraStateRegistry: -------------------------------------------------------------------
09-18 19:14:11.357 17121 17253 D CameraStateRegistry: Open count: 1 (Max allowed: 1)
09-18 19:14:11.359 17121 17253 D CameraStateMachine: New public camera state CameraState{type=OPEN, error=null} from OPEN and null
09-18 19:14:11.359 17121 17253 D CameraStateMachine: Publishing new public camera state CameraState{type=OPEN, error=null}
09-18 19:14:11.367 17121 17253 D UseCaseAttachState: All use case: [androidx.camera.core.ImageCapture-09c390cf-cf11-4318-8677-17084178a3ae117303440, androidx.camera.core.Preview-53411ea9-581b-401a-adc0-bdb70a4075be243764034, androidx.camera.core.ImageAnalysis-93ea6701-305a-4a49-80fa-3869e5eec49e185014670] for camera: 1
09-18 19:14:11.383 17121 17253 D UseCaseAttachState: Active and attached use case: [androidx.camera.core.ImageCapture-09c390cf-cf11-4318-8677-17084178a3ae117303440, androidx.camera.core.Preview-53411ea9-581b-401a-adc0-bdb70a4075be243764034] for camera: 1
09-18 19:14:11.384 17121 17253 D SyncCaptureSessionBase: [androidx.camera.camera2.internal.SynchronizedCaptureSessionImpl@6a132dc] getSurface done with results: [Surface(name=null mNativeObject=138964462347504)/@0x662f349, Surface(name=null mNativeObject=138964462367280)/@0x23fc1ae, Surface(name=null mNativeObject=138964462349152)/@0xcbcab4f]
09-18 19:14:11.385 17121 17253 D CaptureSession: Opening capture session.
09-18 19:14:11.408 17121 17253 D Camera2CaptureRequestBuilder: template type = 1
09-18 19:14:11.648 17121 17253 D SyncCaptureSessionImpl: [androidx.camera.camera2.internal.SynchronizedCaptureSessionImpl@6a132dc] start openCaptureSession
09-18 19:14:11.651 17121 17253 D DeferrableSurface: use count+1, useCount=2 androidx.camera.core.SurfaceRequest$2@81ea987
09-18 19:14:11.651 17121 17253 D DeferrableSurface: New surface in use[total_surfaces=4, used_surfaces=2](androidx.camera.core.impl.ImmediateSurface@892e1d9}
09-18 19:14:11.651 17121 17253 D DeferrableSurface: use count+1, useCount=1 androidx.camera.core.impl.ImmediateSurface@892e1d9
09-18 19:14:11.651 17121 17253 D DeferrableSurface: New surface in use[total_surfaces=4, used_surfaces=3](androidx.camera.core.impl.ImmediateSurface@bae324c}
09-18 19:14:11.651 17121 17253 D DeferrableSurface: use count+1, useCount=1 androidx.camera.core.impl.ImmediateSurface@bae324c
09-18 19:14:11.652   622   622 W cameraserver: createConfiguredSurface: Camera 1 with consumer usage flag: 256: Forcing asynchronous mode forstream
09-18 19:14:11.735   784  1009 D BackgroundInstallControlService: Package event received: 0
09-18 19:14:11.737 16307 16307 D BoundBrokerSvc: onBind: Intent { act=com.google.android.gms.gmscompliance.service.START dat=chimera-action:/... xflg=0x4 cmp=com.google.android.gms/.chimera.PersistentBoundBrokerService }
09-18 19:14:11.737 16307 16307 D BoundBrokerSvc: Loading bound service for intent: Intent { act=com.google.android.gms.gmscompliance.service.START dat=chimera-action:/... xflg=0x4 cmp=com.google.android.gms/.chimera.PersistentBoundBrokerService }
09-18 19:14:11.755 15173 15313 D android.hardware.audio@7.1-impl.ranchu: threadLoop: entering standby, frames: 405824
09-18 19:14:11.755 15173 15313 D android.hardware.audio@7.1-impl.ranchu: ~TinyalsaSink: joining consumeThread
09-18 19:14:11.861 15173 17356 D android.hardware.audio@7.1-impl.ranchu: consumeThread: exiting
09-18 19:14:11.861 15173 15313 D android.hardware.audio@7.1-impl.ranchu: ~TinyalsaSink: stopping PCM stream
09-18 19:14:12.062 16307 16711 W GetConfigSnapshotOp: Succeeded but not registered: com.google.android.libraries.performance.primes#com.android.vending [CONTEXT service_id=51 ]
09-18 19:14:12.062 16307 16307 D BoundBrokerSvc: onUnbind: Intent { act=com.google.android.gms.auth.aang.events.services.START dat=chimera-action:/... xflg=0x4 cmp=com.google.android.gms/.chimera.PersistentApiService }
09-18 19:14:12.071   784 17382 D ActivityManager: created ANR temporary file:/data/anr/temp_anr_2359772167683957716.txt
09-18 19:14:12.071   784 17382 I ActivityManager: Collecting stacks for pid 17281 into temporary file temp_anr_2359772167683957716.txt
09-18 19:14:12.080 16947 17009 I .apps.wellbeing: AssetManager2(0x7e62bf677bb8) locale list changing from [] to [en-US]
09-18 19:14:12.086   784   913 D ActivityManager: freezing 17215 com.android.vending:background
09-18 19:14:12.087   784   913 D ActivityManager: Kill app due to repeated failure to freeze binder: 17215 com.android.vending:background
09-18 19:14:12.109   784   823 I ActivityManager: Killing 17215:com.android.vending:background/u0a147 (adj 905): excessive binder traffic during cached
09-18 19:14:12.213   784 17382 E system_server: Could not open /dev/binderfs/binder_logs/transactions. Likely a permissions issue. errno: 2
09-18 19:14:12.213   784 17382 E android.os.Debug: Failed to get binder state info for pid: 17281 status: -2: No such file or directory
09-18 19:14:12.214   784 17382 I system_server: libdebuggerd_client: started dumping process 17281
09-18 19:14:12.214 17257 17371 D SharedPreferencesImpl: Time required to fsync /data/user/0/com.android.vending/shared_prefs/startup_optimization.xml: [<1: 0, <2: 0, <4: 0, <8: 0, <16: 0, <32: 0, <64: 0, <128: 0, <256: 0, <512: 0, <1024: 0, <2048: 1, <4096: 0, <8192: 0, <16384: 0, >=16384: 0]
09-18 19:14:12.212   784   784 W AnrMainProcessD: type=1400 audit(0.0:257): avc:  denied  { read } for  name="transactions" dev="binder" ino=1048587 scontext=u:r:system_server:s0 tcontext=u:object_r:binderfs_logs_transactions:s0 tclass=file permissive=0
09-18 19:14:12.248   312   312 I tombstoned: registered intercept for pid 17281 and type kDebuggerdJavaBacktrace
09-18 19:14:12.258 17281 17282 I putmethod.latin: Thread[2,tid=17282,WaitingInMainSignalCatcherLoop,Thread*=0x7e644f669010,peer=0x2118020,"Signal Catcher"]: reacting to signal 3
09-18 19:14:12.259 17281 17282 I putmethod.latin: 
09-18 19:14:12.450   622  2923 D Camera3-Utils: Set real time priority for thread (tid 2923)
09-18 19:14:12.451   521   521 I GCH_HalUtils: ======== App stream configuration ========
09-18 19:14:12.451   521   521 I GCH_HalUtils: == stream num: 3, operation_mode:0
09-18 19:14:12.451   521   521 I GCH_HalUtils: ==== [0]stream_id 0, type 0, format 34, res 1600x1200, usage 256, is_phy 0, phy_cam_id 0, group_id -1
09-18 19:14:12.451   521   521 I GCH_HalUtils: ==== [1]stream_id 1, type 0, format 33, res 1920x1440, usage 3, is_phy 0, phy_cam_id 0, group_id -1
09-18 19:14:12.451   521   521 I GCH_HalUtils: ==== [2]stream_id 2, type 0, format 35, res 1600x1200, usage 3, is_phy 0, phy_cam_id 0, group_id -1
09-18 19:14:12.451   521   521 I GCH_HalUtils: ======== App stream configuration ========
09-18 19:14:12.451   521   521 I GCH_ZslSnapshotCaptureSession: IsStreamConfigurationSupported: Software denoised not enabled
09-18 19:14:12.451   521   521 D GCH_BasicCaptureSession: IsStreamConfigurationSupported: BasicCaptureSession supports the stream config
09-18 19:14:12.451   521   521 D GCH_BasicCaptureSession: IsStreamConfigurationSupported: BasicCaptureSession supports the stream config
09-18 19:14:12.595   784   964 D ConnectivityService: releasing NetworkRequest [ REQUEST id=278, [ Capabilities: INTERNET&NOT_RESTRICTED&TRUSTED&NOT_VCN_MANAGED&NOT_BANDWIDTH_CONSTRAINED Uid: 10147 RequestorUid: 10147 RequestorPkg: com.android.vending UnderlyingNetworks: Null] ] (release request)
09-18 19:14:12.595   516   516 I Zygote  : Process 17215 exited due to signal 9 (Killed)
09-18 19:14:12.596   784   964 D ConnectivityService: releasing NetworkRequest [ REQUEST id=276, [ Capabilities: INTERNET&NOT_RESTRICTED&TRUSTED&NOT_VCN_MANAGED&NOT_BANDWIDTH_CONSTRAINED Uid: 10147 RequestorUid: 10147 RequestorPkg: com.android.vending UnderlyingNetworks: Null] ] (release request)
09-18 19:14:12.611   521   521 I GCH_ResultDispatcher: [Cam1_ResultDispatcher] ResultDispatcher: SetRealtimeThread OK
09-18 19:14:12.604   521   521 W camera.provider: type=1400 audit(0.0:258): avc:  denied  { sys_nice } for  capability=23  scontext=u:r:hal_camera_default:s0 tcontext=u:r:hal_camera_default:s0 tclass=capability permissive=0
09-18 19:14:12.627   784   825 I libprocessgroup: Removed cgroup /sys/fs/cgroup/apps/uid_10147/pid_17215
09-18 19:14:12.672   521   521 I StreamBufferCacheManager: Create: Created StreamBufferCacheManager.
09-18 19:14:12.675   521   521 I GCH_CameraDeviceSession: RegisterStreamsIntoCacheManagerLocked: [sbc] Registered stream 1 into SBC manager.
09-18 19:14:12.712   622  2923 D Camera3-Device: Set real time priority for request queue thread (tid 17376)
09-18 19:14:12.714   622  2923 D Camera3-Utils: Set regular priority for thread (tid 2923)
09-18 19:14:12.723 17121 17253 D SyncCaptureSessionImpl: [androidx.camera.camera2.internal.SynchronizedCaptureSessionImpl@6a132dc] Session onConfigured()
09-18 19:14:12.724 17121 17253 D CaptureSession: Attempting to send capture request onConfigured
09-18 19:14:12.724 17121 17253 D CaptureSession: Issuing request for session.
09-18 19:14:12.724 17121 17253 D Camera2CaptureRequestBuilder: createCaptureRequest
09-18 19:14:12.734   622 17375 D CameraService: startCameraStreamingOps: Start data delivery for uid 10217
09-18 19:14:12.735 17121 17253 D CaptureSession: CameraCaptureSession.onConfigured() mState=OPENED
09-18 19:14:12.736 17121 17253 D CaptureSession: CameraCaptureSession.onReady() OPENED
09-18 19:14:12.886 17257 17350 D SharedPreferencesImpl: Time required to fsync /data/user/0/com.android.vending/shared_prefs/primes.xml: [<1: 0, <2: 0, <4: 0, <8: 0, <16: 0, <32: 0, <64: 0, <128: 0, <256: 0, <512: 1, <1024: 0, <2048: 0, <4096: 0, <8192: 0, <16384: 0, >=16384: 0]
09-18 19:14:12.893 17257 17371 D SharedPreferencesImpl: Time required to fsync /data/user/0/com.android.vending/shared_prefs/event_generator.xml: [<1: 0, <2: 0, <4: 0, <8: 0, <16: 0, <32: 0, <64: 0, <128: 0, <256: 0, <512: 1, <1024: 0, <2048: 0, <4096: 0, <8192: 0, <16384: 0, >=16384: 0]
09-18 19:14:12.958   521 17365 E EmulatedRequestProcessor: ApplyOverrideZoom: awbRegions needs to be specified for overriding zoom
09-18 19:14:12.999   521 17365 E EmulatedRequestProcessor: ApplyOverrideZoom: awbRegions needs to be specified for overriding zoom
09-18 19:14:13.186   521 17399 I GCH_AidlCameraDeviceSession: ProcessBatchCaptureResult: First frame done
09-18 19:14:13.199   521 17365 E EmulatedRequestProcessor: ApplyOverrideZoom: awbRegions needs to be specified for overriding zoom
09-18 19:14:13.199   521 17365 E EmulatedRequestProcessor: ApplyOverrideZoom: awbRegions needs to be specified for overriding zoom
09-18 19:14:13.199   521 17365 E EmulatedRequestProcessor: ApplyOverrideZoom: awbRegions needs to be specified for overriding zoom
09-18 19:14:13.237   521 17365 E EmulatedRequestProcessor: ApplyOverrideZoom: awbRegions needs to be specified for overriding zoom
09-18 19:14:13.273   521 17365 E EmulatedRequestProcessor: ApplyOverrideZoom: awbRegions needs to be specified for overriding zoom
09-18 19:14:13.309   521 17365 E EmulatedRequestProcessor: ApplyOverrideZoom: awbRegions needs to be specified for overriding zoom
09-18 19:14:13.343   521 17365 E EmulatedRequestProcessor: ApplyOverrideZoom: awbRegions needs to be specified for overriding zoom
09-18 19:14:13.378   521 17365 E EmulatedRequestProcessor: ApplyOverrideZoom: awbRegions needs to be specified for overriding zoom
09-18 19:14:13.415   521 17365 E EmulatedRequestProcessor: ApplyOverrideZoom: awbRegions needs to be specified for overriding zoom
09-18 19:14:13.448   521 17365 E EmulatedRequestProcessor: ApplyOverrideZoom: awbRegions needs to be specified for overriding zoom
09-18 19:14:13.490   521 17365 E EmulatedRequestProcessor: ApplyOverrideZoom: awbRegions needs to be specified for overriding zoom
09-18 19:14:13.521   521 17365 E EmulatedRequestProcessor: ApplyOverrideZoom: awbRegions needs to be specified for overriding zoom
09-18 19:14:13.553   521 17365 E EmulatedRequestProcessor: ApplyOverrideZoom: awbRegions needs to be specified for overriding zoom
09-18 19:14:13.590   521 17365 E EmulatedRequestProcessor: ApplyOverrideZoom: awbRegions needs to be specified for overriding zoom
09-18 19:14:13.602 17257 17307 I Finsky  : [65] VerifyApps: Setup app restrictions monitor
09-18 19:14:13.615 17257 17307 I Finsky  : [65] VerifyApps: Device wide unknown source restriction updated
09-18 19:14:13.630   521 17365 E EmulatedRequestProcessor: ApplyOverrideZoom: awbRegions needs to be specified for overriding zoom
09-18 19:14:13.657   521 17365 E EmulatedRequestProcessor: ApplyOverrideZoom: awbRegions needs to be specified for overriding zoom
09-18 19:14:13.691   521 17365 E EmulatedRequestProcessor: ApplyOverrideZoom: awbRegions needs to be specified for overriding zoom
09-18 19:14:13.699   562   562 I RefreshRateSelector: Display 4619827259835644672 policy changed
09-18 19:14:13.699   562   562 I RefreshRateSelector: Previous: {defaultModeId=0, allowGroupSwitching=false, primaryRanges={physical=[0.00 Hz, inf Hz], render=[0.00 Hz, 60.00 Hz]}, appRequestRanges={physical=[0.00 Hz, inf Hz], render=[0.00 Hz, inf Hz]} idleScreenConfig=nullptr}
09-18 19:14:13.699   562   562 I RefreshRateSelector: Current:  DisplayManagerPolicy{defaultModeId=0, allowGroupSwitching=false, primaryRanges={physical=[60.00 Hz, inf Hz], render=[60.00 Hz, 60.00 Hz]}, appRequestRanges={physical=[60.00 Hz, inf Hz], render=[60.00 Hz, 60.00 Hz]} idleScreenConfig=nullptr}
09-18 19:14:13.699   562   562 I RefreshRateSelector: 0 mode changes were performed under the previous policy
09-18 19:14:13.700   562   562 D DisplayModeController: setDesiredMode 4619827259835644672 {mode={fps=60.00 Hz, modePtr={id=0, vsyncRate=60.00 Hz, peakRefreshRate=60.00 Hz}}, emitEvent=true, force=false}
09-18 19:14:13.720 17257 17307 I Finsky  : [65] Enqueuing libraries load for 0
09-18 19:14:13.732   521 17365 E EmulatedRequestProcessor: ApplyOverrideZoom: awbRegions needs to be specified for overriding zoom
09-18 19:14:13.744 17257 17352 I Finsky  : [74] Starting libraries load for 0
09-18 19:14:13.761   521 17365 E EmulatedRequestProcessor: ApplyOverrideZoom: awbRegions needs to be specified for overriding zoom
09-18 19:14:13.792 17257 17305 I Finsky  : [63] registerListener
09-18 19:14:13.793 17257 17305 I Finsky  : [63] DFS: Listener added for rhm@2499304
09-18 19:14:13.793 17257 17305 I Finsky  : [63] registerListener
09-18 19:14:13.796   521 17365 E EmulatedRequestProcessor: ApplyOverrideZoom: awbRegions needs to be specified for overriding zoom
09-18 19:14:13.839   521 17365 E EmulatedRequestProcessor: ApplyOverrideZoom: awbRegions needs to be specified for overriding zoom
09-18 19:14:13.939 17257 17306 I cn_CronetLibraryLoader: Cronet version: 141.0.7340.3, arch: x86_64
09-18 19:14:13.948   521 17365 E EmulatedRequestProcessor: ApplyOverrideZoom: awbRegions needs to be specified for overriding zoom
09-18 19:14:13.979   521 17365 E EmulatedRequestProcessor: ApplyOverrideZoom: awbRegions needs to be specified for overriding zoom
09-18 19:14:14.011 16375 16375 D BoundBrokerSvc: onUnbind: Intent { act=com.google.android.gms.auth.service.START xflg=0x4 pkg=com.google.android.gms }
09-18 19:14:14.012 17121 17121 W ImageReader_JNI: Unable to acquire a buffer item, very likely client tried to acquire more than maxImages buffers
09-18 19:14:14.014   521 17365 E EmulatedRequestProcessor: ApplyOverrideZoom: awbRegions needs to be specified for overriding zoom
09-18 19:14:14.034 17257 17352 I Finsky  : [74] Finished loading 0 libraries.
09-18 19:14:14.059   521 17365 E EmulatedRequestProcessor: ApplyOverrideZoom: awbRegions needs to be specified for overriding zoom
09-18 19:14:14.123   521 17365 E EmulatedRequestProcessor: ApplyOverrideZoom: awbRegions needs to be specified for overriding zoom
09-18 19:14:14.143 17121 17121 W ImageReader_JNI: Unable to acquire a buffer item, very likely client tried to acquire more than maxImages buffers
09-18 19:14:14.171   521 17365 E EmulatedRequestProcessor: ApplyOverrideZoom: awbRegions needs to be specified for overriding zoom
09-18 19:14:14.204   521 17365 E EmulatedRequestProcessor: ApplyOverrideZoom: awbRegions needs to be specified for overriding zoom
09-18 19:14:14.237   521 17365 E EmulatedRequestProcessor: ApplyOverrideZoom: awbRegions needs to be specified for overriding zoom
09-18 19:14:14.300   521 17365 E EmulatedRequestProcessor: ApplyOverrideZoom: awbRegions needs to be specified for overriding zoom
09-18 19:14:14.330   521 17365 E EmulatedRequestProcessor: ApplyOverrideZoom: awbRegions needs to be specified for overriding zoom
09-18 19:14:14.350 17121 17121 W ImageReader_JNI: Unable to acquire a buffer item, very likely client tried to acquire more than maxImages buffers
09-18 19:14:14.359 17121 17121 W ImageReader_JNI: Unable to acquire a buffer item, very likely client tried to acquire more than maxImages buffers
09-18 19:14:14.367   521 17365 E EmulatedRequestProcessor: ApplyOverrideZoom: awbRegions needs to be specified for overriding zoom
09-18 19:14:14.405 17257 17305 I Finsky  : [63] RECEIVER_PACKAGE_MONITOR#logWorkEndAndFinishGoAsync: TIMEOUT_BLOCKING_RECEIVER_WATCHER
09-18 19:14:14.410   521 17365 E EmulatedRequestProcessor: ApplyOverrideZoom: awbRegions needs to be specified for overriding zoom
09-18 19:14:14.442   521 17365 E EmulatedRequestProcessor: ApplyOverrideZoom: awbRegions needs to be specified for overriding zoom
09-18 19:14:14.450 17257 17308 W Finsky  : [66] For unauth, use getDfeApiNonAuthenticated() instead!
09-18 19:14:14.478   521 17365 E EmulatedRequestProcessor: ApplyOverrideZoom: awbRegions needs to be specified for overriding zoom
09-18 19:14:14.506 17257 17306 I Finsky  : [64] SysUA: Disable SystemUpdateActivity, because no login account
09-18 19:14:14.508   521 17365 E EmulatedRequestProcessor: ApplyOverrideZoom: awbRegions needs to be specified for overriding zoom
09-18 19:14:14.513 17257 17352 I Finsky  : [74] SysUA: Set SystemUpdateActivity enabled state to 2
09-18 19:14:14.523 17121 17121 W ImageReader_JNI: Unable to acquire a buffer item, very likely client tried to acquire more than maxImages buffers
09-18 19:14:14.549   521 17365 E EmulatedRequestProcessor: ApplyOverrideZoom: awbRegions needs to be specified for overriding zoom
09-18 19:14:14.554 17257 17370 I Finsky  : [82] Set UnhibernateActivity enabled state to 1
09-18 19:14:14.565 17257 17380 I Finsky  : [87] SysCUA: Set {com.android.vending/com.google.android.finsky.systemcomponentupdateui.common.SystemComponentUpdateActivity} enabled state to 0
09-18 19:14:14.593   521 17365 E EmulatedRequestProcessor: ApplyOverrideZoom: awbRegions needs to be specified for overriding zoom
09-18 19:14:14.622   521 17365 E EmulatedRequestProcessor: ApplyOverrideZoom: awbRegions needs to be specified for overriding zoom
09-18 19:14:14.675 17422 17422 W dumpsys : Thread Pool max thread count is 0. Cannot cache binder as linkToDeath cannot be implemented. serviceName: package
09-18 19:14:14.679 17121 17121 W ImageReader_JNI: Unable to acquire a buffer item, very likely client tried to acquire more than maxImages buffers
09-18 19:14:14.684   521 17365 E EmulatedRequestProcessor: ApplyOverrideZoom: awbRegions needs to be specified for overriding zoom
09-18 19:14:14.706   521 17365 E EmulatedRequestProcessor: ApplyOverrideZoom: awbRegions needs to be specified for overriding zoom
09-18 19:14:14.737   521 17365 E EmulatedRequestProcessor: ApplyOverrideZoom: awbRegions needs to be specified for overriding zoom
09-18 19:14:14.770 17121 17121 W ImageReader_JNI: Unable to acquire a buffer item, very likely client tried to acquire more than maxImages buffers
09-18 19:14:14.863   521 17365 E EmulatedRequestProcessor: ApplyOverrideZoom: awbRegions needs to be specified for overriding zoom
09-18 19:14:14.896   521 17365 E EmulatedRequestProcessor: ApplyOverrideZoom: awbRegions needs to be specified for overriding zoom
09-18 19:14:14.911 17257 17261 W android.vending: Suspending all threads took: 135.061ms
09-18 19:14:14.930   521 17365 E EmulatedRequestProcessor: ApplyOverrideZoom: awbRegions needs to be specified for overriding zoom
09-18 19:14:14.964   521 17365 E EmulatedRequestProcessor: ApplyOverrideZoom: awbRegions needs to be specified for overriding zoom
09-18 19:14:15.000   521 17365 E EmulatedRequestProcessor: ApplyOverrideZoom: awbRegions needs to be specified for overriding zoom
09-18 19:14:15.049   521 17365 E EmulatedRequestProcessor: ApplyOverrideZoom: awbRegions needs to be specified for overriding zoom
09-18 19:14:15.070   521 17365 E EmulatedRequestProcessor: ApplyOverrideZoom: awbRegions needs to be specified for overriding zoom
09-18 19:14:15.105   521 17365 E EmulatedRequestProcessor: ApplyOverrideZoom: awbRegions needs to be specified for overriding zoom
09-18 19:14:15.117 17121 17121 W ImageReader_JNI: Unable to acquire a buffer item, very likely client tried to acquire more than maxImages buffers
09-18 19:14:15.130   312   312 I tombstoned: received crash request for pid 17281
09-18 19:14:15.130   312   312 I tombstoned: found intercept fd 513 for pid 17281 and type kDebuggerdJavaBacktrace
09-18 19:14:15.131 17281 17282 I putmethod.latin: Wrote stack traces to tombstoned
09-18 19:14:15.131   312   312 W tombstoned: skipping tombstone file creation due to intercept
09-18 19:14:15.143   521 17365 E EmulatedRequestProcessor: ApplyOverrideZoom: awbRegions needs to be specified for overriding zoom
09-18 19:14:15.166 17257 17257 I Finsky  : [2] afee - Received: android.intent.action.PACKAGE_ADDED, [th-U4emuuz4ggSomoil_vQh15f7xXLGANtH5y_F1WG0]
09-18 19:14:15.177 17121 17121 W ImageReader_JNI: Unable to acquire a buffer item, very likely client tried to acquire more than maxImages buffers
09-18 19:14:15.203   521 17365 E EmulatedRequestProcessor: ApplyOverrideZoom: awbRegions needs to be specified for overriding zoom
09-18 19:14:15.212   521 17365 E EmulatedRequestProcessor: ApplyOverrideZoom: awbRegions needs to be specified for overriding zoom
09-18 19:14:15.225 17121 17121 W ImageReader_JNI: Unable to acquire a buffer item, very likely client tried to acquire more than maxImages buffers
09-18 19:14:15.257   521 17365 E EmulatedRequestProcessor: ApplyOverrideZoom: awbRegions needs to be specified for overriding zoom
09-18 19:14:15.283   521 17365 E EmulatedRequestProcessor: ApplyOverrideZoom: awbRegions needs to be specified for overriding zoom
09-18 19:14:15.316   784 17382 I system_server: libdebuggerd_client: done dumping process 17281
09-18 19:14:15.336   521 17365 E EmulatedRequestProcessor: ApplyOverrideZoom: awbRegions needs to be specified for overriding zoom
09-18 19:14:15.411   784  1009 D BackgroundInstallControlService: Package event received: 0
09-18 19:14:15.432   521 17365 E EmulatedRequestProcessor: ApplyOverrideZoom: awbRegions needs to be specified for overriding zoom
09-18 19:14:15.468 16375 16375 D BoundBrokerSvc: onBind: Intent { act=com.google.android.gms.safetynet.service.START xflg=0x4 pkg=com.google.android.gms }
09-18 19:14:15.469 16375 16375 D BoundBrokerSvc: Loading bound service for intent: Intent { act=com.google.android.gms.safetynet.service.START xflg=0x4 pkg=com.google.android.gms }
09-18 19:14:15.470   521 17365 E EmulatedRequestProcessor: ApplyOverrideZoom: awbRegions needs to be specified for overriding zoom
09-18 19:14:15.484 17121 17121 W ImageReader_JNI: Unable to acquire a buffer item, very likely client tried to acquire more than maxImages buffers
09-18 19:14:15.508   521 17365 E EmulatedRequestProcessor: ApplyOverrideZoom: awbRegions needs to be specified for overriding zoom
09-18 19:14:15.540   521 17365 E EmulatedRequestProcessor: ApplyOverrideZoom: awbRegions needs to be specified for overriding zoom
09-18 19:14:15.610   521 17365 E EmulatedRequestProcessor: ApplyOverrideZoom: awbRegions needs to be specified for overriding zoom
09-18 19:14:15.622 17121 17121 D ImageCapture: takePictureInternal
09-18 19:14:15.625   521 17365 E EmulatedRequestProcessor: ApplyOverrideZoom: awbRegions needs to be specified for overriding zoom
09-18 19:14:15.648 17121 17121 D TakePictureManagerImpl: Issue the next TakePictureRequest.
09-18 19:14:15.650  8645  8656 I artd    : GetBestInfo: odex next to the dex file (/data/app/~~udGwMUUeYRccN0XLFDNMqA==/com.google.android.gms-n1YUE2eD54yIrV4K9OjdyA==/oat/x86_64/base.odex) is kOatUpToDate with filter 'speed-profile' executable 'false'
09-18 19:14:15.659   521 17365 E EmulatedRequestProcessor: ApplyOverrideZoom: awbRegions needs to be specified for overriding zoom
09-18 19:14:15.684 17121 17121 W ImageReader_JNI: Unable to acquire a buffer item, very likely client tried to acquire more than maxImages buffers
09-18 19:14:15.689 17121 17121 W ImageReader_JNI: Unable to acquire a buffer item, very likely client tried to acquire more than maxImages buffers
09-18 19:14:15.690 17121 17249 D Camera2CapturePipeline: createPipeline: captureMode = 1, flashMode = 2, flashType = 0, pipeline tasks = [androidx.camera.camera2.internal.Camera2CapturePipeline$AePreCaptureTask@b0b3d4b]
09-18 19:14:15.694   521 17365 E EmulatedRequestProcessor: ApplyOverrideZoom: awbRegions needs to be specified for overriding zoom
09-18 19:14:15.698  8645  8656 I artd    : GetBestInfo: odex next to the dex file (/data/app/~~udGwMUUeYRccN0XLFDNMqA==/com.google.android.gms-n1YUE2eD54yIrV4K9OjdyA==/oat/x86_64/split_AdsDynamite_installtime.odex) is kOatUpToDate with filter 'speed' executable 'false'
09-18 19:14:15.705  8645  8656 I artd    : GetBestInfo: odex next to the dex file (/data/app/~~udGwMUUeYRccN0XLFDNMqA==/com.google.android.gms-n1YUE2eD54yIrV4K9OjdyA==/oat/x86_64/split_CronetDynamite_installtime.odex) is kOatUpToDate with filter 'speed-profile' executable 'false'
09-18 19:14:15.712 17121 17249 D Camera2CapturePipeline: isFlashRequired: flashMode = 2
09-18 19:14:15.712 17121 17249 D Camera2CapturePipeline: isFlashRequired: flashMode = 2
09-18 19:14:15.716  8645  8656 I artd    : GetBestInfo: odex next to the dex file (/data/app/~~udGwMUUeYRccN0XLFDNMqA==/com.google.android.gms-n1YUE2eD54yIrV4K9OjdyA==/oat/x86_64/split_DynamiteLoader_installtime.odex) is kOatUpToDate with filter 'speed' executable 'false'
09-18 19:14:15.740   521 17365 E EmulatedRequestProcessor: ApplyOverrideZoom: awbRegions needs to be specified for overriding zoom
09-18 19:14:15.744 17121 17249 D Camera2CameraImpl: {Camera@180f7c9[id=1]} Issue capture request
09-18 19:14:15.744 17121 17249 D CaptureSession: Issuing capture request.
09-18 19:14:15.745 17121 17249 D Camera2CaptureRequestBuilder: createCaptureRequest
09-18 19:14:15.776  8645  8656 I artd    : GetBestInfo: odex next to the dex file (/data/app/~~udGwMUUeYRccN0XLFDNMqA==/com.google.android.gms-n1YUE2eD54yIrV4K9OjdyA==/oat/x86_64/split_DynamiteModulesA_installtime.odex) is kOatUpToDate with filter 'speed' executable 'false'
09-18 19:14:15.781  8645  8656 I artd    : GetBestInfo: odex next to the dex file (/data/app/~~udGwMUUeYRccN0XLFDNMqA==/com.google.android.gms-n1YUE2eD54yIrV4K9OjdyA==/oat/x86_64/split_DynamiteModulesC_installtime.odex) is kOatUpToDate with filter 'speed' executable 'false'
09-18 19:14:15.785   521 17365 E EmulatedRequestProcessor: ApplyOverrideZoom: awbRegions needs to be specified for overriding zoom
09-18 19:14:15.795  8645  8944 I artd    : GetBestInfo: odex next to the dex file (/data/app/~~udGwMUUeYRccN0XLFDNMqA==/com.google.android.gms-n1YUE2eD54yIrV4K9OjdyA==/oat/x86_64/split_GoogleCertificates_installtime.odex) is kOatUpToDate with filter 'speed' executable 'false'
09-18 19:14:15.812 17121 17121 W ImageReader_JNI: Unable to acquire a buffer item, very likely client tried to acquire more than maxImages buffers
09-18 19:14:15.816  8645  8656 I artd    : GetBestInfo: odex next to the dex file (/data/app/~~udGwMUUeYRccN0XLFDNMqA==/com.google.android.gms-n1YUE2eD54yIrV4K9OjdyA==/oat/x86_64/split_MapsDynamite_installtime.odex) is kOatUpToDate with filter 'speed' executable 'false'
09-18 19:14:15.819   521 17365 E EmulatedRequestProcessor: ApplyOverrideZoom: awbRegions needs to be specified for overriding zoom
09-18 19:14:15.823  8645  8656 I artd    : GetBestInfo: odex next to the dex file (/data/app/~~udGwMUUeYRccN0XLFDNMqA==/com.google.android.gms-n1YUE2eD54yIrV4K9OjdyA==/oat/x86_64/split_MeasurementDynamite_installtime.odex) is kOatUpToDate with filter 'speed' executable 'false'
09-18 19:14:15.827  8645  8944 I artd    : GetBestInfo: odex next to the dex file (/data/app/~~udGwMUUeYRccN0XLFDNMqA==/com.google.android.gms-n1YUE2eD54yIrV4K9OjdyA==/oat/x86_64/split_all_locale_splits.odex) is kOatUpToDate with filter 'speed' executable 'false'
09-18 19:14:15.830  8645  8944 I artd    : GetBestInfo: /data/app/~~udGwMUUeYRccN0XLFDNMqA==/com.google.android.gms-n1YUE2eD54yIrV4K9OjdyA==/split_maps_core_dynamite_ondemand.apk has no usable artifacts
09-18 19:14:15.846   521 17365 E EmulatedRequestProcessor: ApplyOverrideZoom: awbRegions needs to be specified for overriding zoom
09-18 19:14:15.852  8645  8944 I artd    : GetBestInfo: /data/user_de/0/com.google.android.gms/app_chimera/m/0000000c/dl-Appsearch.optional_250834100800.apk has no usable artifacts
09-18 19:14:15.854  8645  8944 I artd    : GetBestInfo: /data/user_de/0/com.google.android.gms/app_chimera/m/00000008/dl-VisionOcr.optional_250834100000.apk has no usable artifacts
09-18 19:14:15.854  8645  8944 W artd    : Could not get dex checksums for location /data/app/~~AnNLjQMj_cDVgJZ6I3ZiaQ==/com.google.android.gms-jkrtT1qALj8jjjBKe-KCWQ==/base.apk, fd=-1
09-18 19:14:15.855  8645  8944 W artd    : Could not get dex checksums for location /data/app/~~AnNLjQMj_cDVgJZ6I3ZiaQ==/com.google.android.gms-jkrtT1qALj8jjjBKe-KCWQ==/base.apk, fd=-1
09-18 19:14:15.857  8645  8944 I artd    : GetBestInfo: /data/user_de/0/com.google.android.gms/app_chimera/m/00000001/CronetDynamite.apk has no usable artifacts
09-18 19:14:15.897  8645  8656 W artd    : Could not get dex checksums for location /data/app/~~AnNLjQMj_cDVgJZ6I3ZiaQ==/com.google.android.gms-jkrtT1qALj8jjjBKe-KCWQ==/base.apk, fd=-1
09-18 19:14:15.897   521 17365 E EmulatedRequestProcessor: ApplyOverrideZoom: awbRegions needs to be specified for overriding zoom
09-18 19:14:15.899  8645  8656 W artd    : Could not get dex checksums for location /data/app/~~AnNLjQMj_cDVgJZ6I3ZiaQ==/com.google.android.gms-jkrtT1qALj8jjjBKe-KCWQ==/base.apk, fd=-1
09-18 19:14:15.901  8645  8656 W artd    : Could not get dex checksums for location /data/app/~~AnNLjQMj_cDVgJZ6I3ZiaQ==/com.google.android.gms-jkrtT1qALj8jjjBKe-KCWQ==/base.apk, fd=-1
09-18 19:14:15.905   521   614 I GCH_CameraDeviceSession: ProcessCaptureRequest: [sbc] Stream 1 1st req arrived, notify SBC Manager.
09-18 19:14:15.905  8645  8656 I artd    : GetBestInfo: /data/user_de/0/com.google.android.gms/app_chimera/m/00000002/DynamiteLoader.apk has no usable artifacts
09-18 19:14:15.908  8645  8656 W artd    : Could not get dex checksums for location /data/app/~~AnNLjQMj_cDVgJZ6I3ZiaQ==/com.google.android.gms-jkrtT1qALj8jjjBKe-KCWQ==/base.apk, fd=-1
09-18 19:14:15.913  8645  8656 W artd    : Could not get dex checksums for location /data/app/~~AnNLjQMj_cDVgJZ6I3ZiaQ==/com.google.android.gms-jkrtT1qALj8jjjBKe-KCWQ==/base.apk, fd=-1
09-18 19:14:15.918   521 17365 E EmulatedRequestProcessor: ApplyOverrideZoom: awbRegions needs to be specified for overriding zoom
09-18 19:14:15.918  8645  8656 I artd    : GetBestInfo: /data/user_de/0/com.google.android.gms/app_chimera/m/00000005/GoogleCertificates.apk has no usable artifacts
09-18 19:14:15.918  8645  8656 W artd    : Could not get dex checksums for location /data/app/~~AnNLjQMj_cDVgJZ6I3ZiaQ==/com.google.android.gms-jkrtT1qALj8jjjBKe-KCWQ==/base.apk, fd=-1
09-18 19:14:15.919  8645  8656 W artd    : Could not get dex checksums for location /data/app/~~AnNLjQMj_cDVgJZ6I3ZiaQ==/com.google.android.gms-jkrtT1qALj8jjjBKe-KCWQ==/base.apk, fd=-1
09-18 19:14:15.920  8645  8656 W artd    : Could not get dex checksums for location /data/app/~~AnNLjQMj_cDVgJZ6I3ZiaQ==/com.google.android.gms-jkrtT1qALj8jjjBKe-KCWQ==/base.apk, fd=-1
09-18 19:14:15.925  8645  8656 W artd    : Could not get dex checksums for location /data/app/~~AnNLjQMj_cDVgJZ6I3ZiaQ==/com.google.android.gms-jkrtT1qALj8jjjBKe-KCWQ==/base.apk, fd=-1
09-18 19:14:15.932  8645  8656 W artd    : Could not get dex checksums for location /data/app/~~AnNLjQMj_cDVgJZ6I3ZiaQ==/com.google.android.gms-jkrtT1qALj8jjjBKe-KCWQ==/base.apk, fd=-1
09-18 19:14:15.939  8645  8656 I artd    : GetBestInfo: /data/user_de/0/com.google.android.gms/app_chimera/m/0000000b/dl-Antifingerprinting.optional_250834100000.apk has no usable artifacts
09-18 19:14:15.946 17121 17121 W ImageReader_JNI: Unable to acquire a buffer item, very likely client tried to acquire more than maxImages buffers
09-18 19:14:15.947  8645  8656 W artd    : Could not get dex checksums for location /data/app/~~AnNLjQMj_cDVgJZ6I3ZiaQ==/com.google.android.gms-jkrtT1qALj8jjjBKe-KCWQ==/base.apk, fd=-1
09-18 19:14:15.949  8645  8656 W artd    : Could not get dex checksums for location /data/app/~~AnNLjQMj_cDVgJZ6I3ZiaQ==/com.google.android.gms-jkrtT1qALj8jjjBKe-KCWQ==/base.apk, fd=-1
09-18 19:14:15.949  8645  8656 W artd    : Could not get dex checksums for location /data/app/~~AnNLjQMj_cDVgJZ6I3ZiaQ==/com.google.android.gms-jkrtT1qALj8jjjBKe-KCWQ==/base.apk, fd=-1
09-18 19:14:15.953   521 17365 E EmulatedRequestProcessor: ApplyOverrideZoom: awbRegions needs to be specified for overriding zoom
09-18 19:14:15.955 17121 17121 W ImageReader_JNI: Unable to acquire a buffer item, very likely client tried to acquire more than maxImages buffers
09-18 19:14:15.956  8645  8656 I artd    : GetBestInfo: /data/user_de/0/com.google.android.gms/app_chimera/m/0000000e/dl-MlkitBarcodeUi.optional_250834100800.apk has no usable artifacts
09-18 19:14:15.962  8645  8656 I artd    : GetBestInfo: /data/user_de/0/com.google.android.gms/app_chimera/m/00000009/dl-MlkitOcrCommon.optional_250834100800.apk has no usable artifacts
09-18 19:14:15.971  8645  8656 W artd    : Could not get dex checksums for location /data/app/~~4xn3Mapf29_RzYRXROWaAA==/com.android.vending-9KcuhoZBQ0t0mIMf2lyJ2g==/base.apk, fd=-1
09-18 19:14:16.001 17121 17140 I le.serviscribe_: Background concurrent mark compact GC freed 2540KB AllocSpace bytes, 0(0B) LOS objects, 49% free, 4088KB/8177KB, paused 3.379ms,1.716ms total 364.045ms
09-18 19:14:16.020   521 17365 E EmulatedRequestProcessor: ApplyOverrideZoom: awbRegions needs to be specified for overriding zoom
09-18 19:14:16.034   521 17365 E EmulatedRequestProcessor: ApplyOverrideZoom: awbRegions needs to be specified for overriding zoom
09-18 19:14:16.034 17121 17121 W ImageReader_JNI: Unable to acquire a buffer item, very likely client tried to acquire more than maxImages buffers
09-18 19:14:16.053 17257 17261 W android.vending: Suspending all threads took: 202.786ms
09-18 19:14:16.081   521 17365 E EmulatedRequestProcessor: ApplyOverrideZoom: awbRegions needs to be specified for overriding zoom
09-18 19:14:16.127   784   823 I ActivityManager: Test idle failed due to 9a511a0 17257:com.android.vending/u0a147 not runnable because EMPTY
09-18 19:14:16.135   521 17365 E EmulatedRequestProcessor: ApplyOverrideZoom: awbRegions needs to be specified for overriding zoom
09-18 19:14:16.166   521 17365 E EmulatedRequestProcessor: ApplyOverrideZoom: awbRegions needs to be specified for overriding zoom
09-18 19:14:16.199   312   312 I tombstoned: received crash request for pid 17257
09-18 19:14:16.199   312   312 I tombstoned: found intercept fd 512 for pid 17257 and type kDebuggerdJavaBacktrace
09-18 19:14:16.202   521 17365 E EmulatedRequestProcessor: ApplyOverrideZoom: awbRegions needs to be specified for overriding zoom
09-18 19:14:16.226 17257 17258 I android.vending: Wrote stack traces to tombstoned
09-18 19:14:16.226   312   312 W tombstoned: skipping tombstone file creation due to intercept
09-18 19:14:16.237   521 17365 E EmulatedRequestProcessor: ApplyOverrideZoom: awbRegions needs to be specified for overriding zoom
09-18 19:14:16.237   784 17357 I system_server: libdebuggerd_client: done dumping process 17257
09-18 19:14:16.271   521 17365 E EmulatedRequestProcessor: ApplyOverrideZoom: awbRegions needs to be specified for overriding zoom
09-18 19:14:16.306   521 17365 E EmulatedRequestProcessor: ApplyOverrideZoom: awbRegions needs to be specified for overriding zoom
09-18 19:14:16.316 17121 17121 W ImageReader_JNI: Unable to acquire a buffer item, very likely client tried to acquire more than maxImages buffers
09-18 19:14:16.355   521 17399 I GCH_CameraDeviceSession: UpdatePendingRequest: [sbc] All inflight requests/streams cleared. Notified SBC for flushing.
09-18 19:14:16.360   521 17403 I GCH_CameraDeviceSession: operator(): [sbc] Flushed buf[0x798f245bec40] bid[15] strm[1] frm[xx]
09-18 19:14:16.362   521 17365 E EmulatedRequestProcessor: ApplyOverrideZoom: awbRegions needs to be specified for overriding zoom
09-18 19:14:16.362  1443  1562 D SatelliteController: iisInCarrierRoamingNbIotNtn: satellite is disabled
09-18 19:14:16.399   521 17365 E EmulatedRequestProcessor: ApplyOverrideZoom: awbRegions needs to be specified for overriding zoom
09-18 19:14:16.427   521 17365 E EmulatedRequestProcessor: ApplyOverrideZoom: awbRegions needs to be specified for overriding zoom
09-18 19:14:16.462 17121 17121 D TakePictureManagerImpl: Issue the next TakePictureRequest.
09-18 19:14:16.462 17121 17121 D TakePictureManagerImpl: No new request.
09-18 19:14:16.472   784 17358 I ActivityManager: dumpStackTraces nativepids=null
09-18 19:14:16.473   521 17365 E EmulatedRequestProcessor: ApplyOverrideZoom: awbRegions needs to be specified for overriding zoom
09-18 19:14:16.473   784 17358 I ActivityManager: dumpStackTraces extraPids=null
09-18 19:14:16.474   784 17358 I ActivityManager: Done dumping
09-18 19:14:16.498 17121 17121 W ImageReader_JNI: Unable to acquire a buffer item, very likely client tried to acquire more than maxImages buffers
09-18 19:14:16.519 17121 17121 W ImageReader_JNI: Unable to acquire a buffer item, very likely client tried to acquire more than maxImages buffers
09-18 19:14:16.520   521 17365 E EmulatedRequestProcessor: ApplyOverrideZoom: awbRegions needs to be specified for overriding zoom
09-18 19:14:16.565   521 17365 E EmulatedRequestProcessor: ApplyOverrideZoom: awbRegions needs to be specified for overriding zoom
09-18 19:14:16.580   521 17365 E EmulatedRequestProcessor: ApplyOverrideZoom: awbRegions needs to be specified for overriding zoom
09-18 19:14:16.597 17121 17121 W ImageReader_JNI: Unable to acquire a buffer item, very likely client tried to acquire more than maxImages buffers
09-18 19:14:16.639 17121 17121 W ImageReader_JNI: Unable to acquire a buffer item, very likely client tried to acquire more than maxImages buffers
09-18 19:14:16.648   521 17365 E EmulatedRequestProcessor: ApplyOverrideZoom: awbRegions needs to be specified for overriding zoom
09-18 19:14:16.648   521 17365 E EmulatedRequestProcessor: ApplyOverrideZoom: awbRegions needs to be specified for overriding zoom
09-18 19:14:16.901   521 17365 E EmulatedRequestProcessor: ApplyOverrideZoom: awbRegions needs to be specified for overriding zoom
09-18 19:14:16.973   521 17365 E EmulatedRequestProcessor: ApplyOverrideZoom: awbRegions needs to be specified for overriding zoom
09-18 19:14:16.973   521 17365 E EmulatedRequestProcessor: ApplyOverrideZoom: awbRegions needs to be specified for overriding zoom
09-18 19:14:16.986   784 17358 E ActivityManager: ANR in com.android.vending
09-18 19:14:16.986   784 17358 E ActivityManager: PID: 17257
09-18 19:14:16.986   784 17358 E ActivityManager: Reason: Process ProcessRecord{138f43f 17257:com.android.vending/u0a147} failed to complete startup
09-18 19:14:16.986   784 17358 E ActivityManager: ErrorId: a68b6cba-9278-4980-9706-3cf0620dce56
09-18 19:14:16.986   784 17358 E ActivityManager: Frozen: false
09-18 19:14:16.986   784 17358 E ActivityManager: Load: 0.0 / 0.0 / 0.0
09-18 19:14:16.986   784 17358 E ActivityManager: ----- Output from /proc/pressure/memory -----
09-18 19:14:16.986   784 17358 E ActivityManager: some avg10=25.26 avg60=15.85 avg300=12.08 total=508138160
09-18 19:14:16.986   784 17358 E ActivityManager: full avg10=20.50 avg60=11.06 avg300=7.44 total=241064919
09-18 19:14:16.986   784 17358 E ActivityManager: ----- End output from /proc/pressure/memory -----
09-18 19:14:16.986   784 17358 E ActivityManager: ----- Output from /proc/pressure/cpu -----
09-18 19:14:16.986   784 17358 E ActivityManager: some avg10=34.32 avg60=52.58 avg300=43.13 total=2846783526
09-18 19:14:16.986   784 17358 E ActivityManager: full avg10=0.00 avg60=0.00 avg300=0.00 total=0
09-18 19:14:16.986   784 17358 E ActivityManager: ----- End output from /proc/pressure/cpu -----
09-18 19:14:16.986   784 17358 E ActivityManager: ----- Output from /proc/pressure/io -----
09-18 19:14:16.986   784 17358 E ActivityManager: some avg10=76.16 avg60=49.21 avg300=25.86 total=1477434390
