09-18 19:13:17.784  8645  8656 I artd    : GetBestInfo: /data/user_de/0/com.google.android.gms/app_chimera/m/00000002/DynamiteLoader.apk has no usable artifacts
09-18 19:13:17.785  8645  8656 W artd    : Could not get dex checksums for location /data/app/~~AnNLjQMj_cDVgJZ6I3ZiaQ==/com.google.android.gms-jkrtT1qALj8jjjBKe-KCWQ==/base.apk, fd=-1
09-18 19:13:17.791  8645  8656 W artd    : Could not get dex checksums for location /data/app/~~AnNLjQMj_cDVgJZ6I3ZiaQ==/com.google.android.gms-jkrtT1qALj8jjjBKe-KCWQ==/base.apk, fd=-1
09-18 19:13:17.797  8645  8656 I artd    : GetBestInfo: /data/user_de/0/com.google.android.gms/app_chimera/m/00000005/GoogleCertificates.apk has no usable artifacts
09-18 19:13:17.801  8645  8656 W artd    : Could not get dex checksums for location /data/app/~~AnNLjQMj_cDVgJZ6I3ZiaQ==/com.google.android.gms-jkrtT1qALj8jjjBKe-KCWQ==/base.apk, fd=-1
09-18 19:13:17.802  8645  8656 W artd    : Could not get dex checksums for location /data/app/~~AnNLjQMj_cDVgJZ6I3ZiaQ==/com.google.android.gms-jkrtT1qALj8jjjBKe-KCWQ==/base.apk, fd=-1
09-18 19:13:17.806  8645  8656 W artd    : Could not get dex checksums for location /data/app/~~AnNLjQMj_cDVgJZ6I3ZiaQ==/com.google.android.gms-jkrtT1qALj8jjjBKe-KCWQ==/base.apk, fd=-1
09-18 19:13:17.808  8645  8656 W artd    : Could not get dex checksums for location /data/app/~~AnNLjQMj_cDVgJZ6I3ZiaQ==/com.google.android.gms-jkrtT1qALj8jjjBKe-KCWQ==/base.apk, fd=-1
09-18 19:13:17.813  8645  8656 W artd    : Could not get dex checksums for location /data/app/~~AnNLjQMj_cDVgJZ6I3ZiaQ==/com.google.android.gms-jkrtT1qALj8jjjBKe-KCWQ==/base.apk, fd=-1
09-18 19:13:17.816  8645  8656 I artd    : GetBestInfo: /data/user_de/0/com.google.android.gms/app_chimera/m/0000000b/dl-Antifingerprinting.optional_250834100000.apk has no usable artifacts
09-18 19:13:17.823  8645  8656 W artd    : Could not get dex checksums for location /data/app/~~AnNLjQMj_cDVgJZ6I3ZiaQ==/com.google.android.gms-jkrtT1qALj8jjjBKe-KCWQ==/base.apk, fd=-1
09-18 19:13:17.826  8645  8656 W artd    : Could not get dex checksums for location /data/app/~~AnNLjQMj_cDVgJZ6I3ZiaQ==/com.google.android.gms-jkrtT1qALj8jjjBKe-KCWQ==/base.apk, fd=-1
09-18 19:13:17.829  8645  8656 W artd    : Could not get dex checksums for location /data/app/~~AnNLjQMj_cDVgJZ6I3ZiaQ==/com.google.android.gms-jkrtT1qALj8jjjBKe-KCWQ==/base.apk, fd=-1
09-18 19:13:17.837  8645  8656 I artd    : GetBestInfo: /data/user_de/0/com.google.android.gms/app_chimera/m/0000000e/dl-MlkitBarcodeUi.optional_250834100800.apk has no usable artifacts
09-18 19:13:17.839  8645  8656 I artd    : GetBestInfo: /data/user_de/0/com.google.android.gms/app_chimera/m/00000009/dl-MlkitOcrCommon.optional_250834100800.apk has no usable artifacts
09-18 19:13:17.843  8645  8656 W artd    : Could not get dex checksums for location /data/app/~~4xn3Mapf29_RzYRXROWaAA==/com.android.vending-9KcuhoZBQ0t0mIMf2lyJ2g==/base.apk, fd=-1
09-18 19:13:18.228   784   851 I AppsFilter: interaction: PackageSetting{e1c4f5d com.android.microdroid.empty_payload/10216} -> PackageSetting{d2204b4 com.example.serviscribe_/10217} BLOCKED
09-18 19:13:18.233   784   851 I AppsFilter: interaction: PackageSetting{e1c4f5d com.android.microdroid.empty_payload/10216} -> PackageSetting{cd39aaa com.example.serviscribe_/10217} BLOCKED
09-18 19:13:18.580   784   823 I ActivityManager: Force stopping com.example.serviscribe_ appid=10217 user=-1: installPackageLI
09-18 19:13:18.591   784   851 I PackageManager: installation completed for package:com.example.serviscribe_. Final code path: /data/app/~~jgpyh-El-rwVtPiQ-xnNWg==/com.example.serviscribe_-UOB9yflAKAEN9zqqjVTqlQ==
09-18 19:13:18.592   784   851 I AppsFilter: interaction: PackageSetting{e5df587 com.android.microdroid.empty_payload/10216} -> PackageSetting{a616749 com.example.serviscribe_/10217} BLOCKED
09-18 19:13:18.610   784   964 D InetDiagMessage: Destroyed 0 sockets, proto=IPPROTO_TCP, family=AF_INET, states=14
09-18 19:13:18.615   784   964 D InetDiagMessage: Destroyed 0 sockets, proto=IPPROTO_TCP, family=AF_INET6, states=14
09-18 19:13:18.616   784   964 D InetDiagMessage: Destroyed live tcp sockets for uids={10148} in 7ms
09-18 19:13:18.617   784   964 D InetDiagMessage: Destroyed 0 sockets, proto=IPPROTO_TCP, family=AF_INET, states=14
09-18 19:13:18.618   784   964 D InetDiagMessage: Destroyed 0 sockets, proto=IPPROTO_TCP, family=AF_INET6, states=14
09-18 19:13:18.618   784   964 D InetDiagMessage: Destroyed live tcp sockets for uids={20148} in 1ms
09-18 19:13:18.673   784   851 I ActivityManager: Force stopping com.example.serviscribe_ appid=10217 user=0: pkg removed
09-18 19:13:18.687   784   851 W IPCThreadState: Sending oneway calls to frozen process.
09-18 19:13:18.750   784  1008 D ShortcutService: received package broadcast intent: Intent { act=android.intent.action.PACKAGE_REMOVED dat=package: flg=0x4000010 (has extras) }
09-18 19:13:18.751   784   970 E AppOps  : attributionTag VCN not declared in manifest of android
09-18 19:13:18.768  1062  1062 D ControlsListingControllerImpl: ServiceConfig reloaded, count: 0
09-18 19:13:18.788   784   817 I system_server: AssetManager2(0x7e62bf75dcf8) locale list changing from [] to [en-US]
09-18 19:13:18.801  1443  1443 E SmsApplication: com.google.android.apps.messaging lost android:read_cell_broadcasts:  (fixing)
09-18 19:13:18.802   784   936 W PackageConfigPersister: App-specific configuration not found for packageName: com.example.serviscribe_ and userId: 0
09-18 19:13:18.807   784   890 W AppOpService: Ignored setUidMode call for runtime permission app op: uid = 10144, code = READ_CELL_BROADCASTS, mode = allow, callingUid = 1001, oldMode = allow
09-18 19:13:18.812  1443  1562 I SatelliteAppTracker: onPackageUpdateFinished : com.example.serviscribe_
09-18 19:13:18.812  1443  1562 I SatelliteAppTracker: onPackageModified : com.example.serviscribe_
09-18 19:13:18.829   784   784 I Telecom : CarModeTracker: Package com.example.serviscribe_ is not tracked.: SSH.oR@AMc
09-18 19:13:18.830   784   784 I Telecom : InCallController: updateCarModeForConnections: car mode apps: : SSH.oR@AMc
09-18 19:13:18.830   784   784 I Telecom : InCallController: update carmode current:UserHandle{0} parent:null: SSH.oR@AMc
09-18 19:13:18.833   516   516 D Zygote  : Forked child process 17076
09-18 19:13:18.845   784  1014 I SdkSandboxManager: No SDKs used. Skipping SDK data reconcilation for CallingInfo{mUid=10217, mPackageName='com.example.serviscribe_, mAppProcessToken='null'}
09-18 19:13:18.851  1062  1062 D ControlsListingControllerImpl: ServiceConfig reloaded, count: 0
09-18 19:13:18.854   784   824 I ActivityManager: Start proc 17076:com.android.keychain/1000 for service {com.android.keychain/com.android.keychain.KeyChainService}
09-18 19:13:18.854   784   824 I ActivityManager: ProcessObserver broadcast disabled
09-18 19:13:18.867 16088 16088 I SafetyLabelChangedBroadcastReceiver: received broadcast packageName: com.example.serviscribe_, current user: UserHandle{0}, packageChangeEvent: UPDATE, intent user: UserHandle{0}
09-18 19:13:18.869   784  1009 D BackgroundInstallControlService: Package event received: 0
09-18 19:13:18.869   784  1714 W AppOpService: Ignored setUidMode call for runtime permission app op: uid = 1001, code = READ_SMS, mode = allow, callingUid = 1001, oldMode = allow
09-18 19:13:18.871   784  1009 D BackgroundInstallControlService: Package event received: 0
09-18 19:13:18.871   784  1009 D BackgroundInstallControlService: Package event received: 0
09-18 19:13:18.872   784  1009 D BackgroundInstallControlService: Package event received: 0
09-18 19:13:18.872   784   890 W AppOpService: Ignored setUidMode call for runtime permission app op: uid = 1001, code = RECEIVE_SMS, mode = allow, callingUid = 1001, oldMode = allow
09-18 19:13:18.874 16088 16088 D ActivityThread: Package [com.example.serviscribe_] reported as REPLACED, but missing application info. Assuming REMOVED.
09-18 19:13:18.875   784   851 W IPCThreadState: Sending oneway calls to frozen process.
09-18 19:13:18.875 16844 16844 D ActivityThread: Package [com.example.serviscribe_] reported as REPLACED, but missing application info. Assuming REMOVED.
09-18 19:13:18.875 16886 16886 D ActivityThread: Package [com.example.serviscribe_] reported as REPLACED, but missing application info. Assuming REMOVED.
09-18 19:13:18.875   784  7914 W AppOpService: Ignored setUidMode call for runtime permission app op: uid = 1001, code = RECEIVE_WAP_PUSH, mode = allow, callingUid = 1001, oldMode = allow
09-18 19:13:18.876  1712  1712 D ActivityThread: Package [com.example.serviscribe_] reported as REPLACED, but missing application info. Assuming REMOVED.
09-18 19:13:18.876  2397  2397 D ActivityThread: Package [com.example.serviscribe_] reported as REPLACED, but missing application info. Assuming REMOVED.
09-18 19:13:18.876   784  1008 D ShortcutService: received package broadcast intent: Intent { act=android.intent.action.PACKAGE_ADDED dat=package: flg=0x4000010 (has extras) }
09-18 19:13:18.876   784  1008 D ShortcutService: replacing package: com.example.serviscribe_ userId=0
09-18 19:13:18.877   784  5098 W AppOpService: Ignored setUidMode call for runtime permission app op: uid = 1001, code = SEND_SMS, mode = allow, callingUid = 1001, oldMode = allow
09-18 19:13:18.877  2778  2778 D ActivityThread: Package [com.example.serviscribe_] reported as REPLACED, but missing application info. Assuming REMOVED.
09-18 19:13:18.877   784  5098 W AppOpService: Ignored setUidMode call for runtime permission app op: uid = 1001, code = READ_CELL_BROADCASTS, mode = allow, callingUid = 1001, oldMode = allow
09-18 19:13:18.879 16307 16307 D ActivityThread: Package [com.example.serviscribe_] reported as REPLACED, but missing application info. Assuming REMOVED.
09-18 19:13:18.880  1062  1062 D ActivityThread: Package [com.example.serviscribe_] reported as REPLACED, but missing application info. Assuming REMOVED.
09-18 19:13:18.881  1209  1209 D ActivityThread: Package [com.example.serviscribe_] reported as REPLACED, but missing application info. Assuming REMOVED.
09-18 19:13:18.881  1205  1205 D ActivityThread: Package [com.example.serviscribe_] reported as REPLACED, but missing application info. Assuming REMOVED.
09-18 19:13:18.882  1823  1823 D ActivityThread: Package [com.example.serviscribe_] reported as REPLACED, but missing application info. Assuming REMOVED.
09-18 19:13:18.887 16088 16088 D ActivityThread: Package [com.example.serviscribe_] reported as REPLACED, but missing application info. Assuming REMOVED.
09-18 19:13:18.888  1443  1443 D CarrierSvcBindHelper: onPackageUpdateFinished: com.example.serviscribe_
09-18 19:13:18.890   784   851 W IPCThreadState: Sending oneway calls to frozen process.
09-18 19:13:18.890 16844 16844 D ActivityThread: Package [com.example.serviscribe_] reported as REPLACED, but missing application info. Assuming REMOVED.
09-18 19:13:18.890 16886 16886 D ActivityThread: Package [com.example.serviscribe_] reported as REPLACED, but missing application info. Assuming REMOVED.
09-18 19:13:18.891 16307 16307 D ActivityThread: Package [com.example.serviscribe_] reported as REPLACED, but missing application info. Assuming REMOVED.
09-18 19:13:18.891  1712  1712 D ActivityThread: Package [com.example.serviscribe_] reported as REPLACED, but missing application info. Assuming REMOVED.
09-18 19:13:18.891  1209  1209 D ActivityThread: Package [com.example.serviscribe_] reported as REPLACED, but missing application info. Assuming REMOVED.
09-18 19:13:18.892  2397  2397 D ActivityThread: Package [com.example.serviscribe_] reported as REPLACED, but missing application info. Assuming REMOVED.
09-18 19:13:18.892  2778  2778 D ActivityThread: Package [com.example.serviscribe_] reported as REPLACED, but missing application info. Assuming REMOVED.
09-18 19:13:18.893  1823  1823 D ActivityThread: Package [com.example.serviscribe_] reported as REPLACED, but missing application info. Assuming REMOVED.
09-18 19:13:18.893  1062  1062 D ActivityThread: Package [com.example.serviscribe_] reported as REPLACED, but missing application info. Assuming REMOVED.
09-18 19:13:18.893  1205  1205 D ActivityThread: Package [com.example.serviscribe_] reported as REPLACED, but missing application info. Assuming REMOVED.
09-18 19:13:18.893  1443  1443 D CarrierSvcBindHelper: No carrier app for: 0
09-18 19:13:18.894  1443  1443 D CarrierSvcBindHelper: onPackageModified: com.example.serviscribe_
09-18 19:13:18.895  1254  1254 D ActivityThread: Package [com.example.serviscribe_] reported as REPLACED, but missing application info. Assuming REMOVED.
09-18 19:13:18.895  1254  1254 D ActivityThread: Package [com.example.serviscribe_] reported as REPLACED, but missing application info. Assuming REMOVED.
09-18 19:13:18.895  1443  1443 D CarrierSvcBindHelper: No carrier app for: 0
09-18 19:13:18.906 16736 16736 D ActivityThread: Package [com.example.serviscribe_] reported as REPLACED, but missing application info. Assuming REMOVED.
09-18 19:13:18.907 16736 16736 D ActivityThread: Package [com.example.serviscribe_] reported as REPLACED, but missing application info. Assuming REMOVED.
09-18 19:13:18.914 15734 15734 D ActivityThread: Package [com.example.serviscribe_] reported as REPLACED, but missing application info. Assuming REMOVED.
09-18 19:13:18.918 16947 16947 D ActivityThread: Package [com.example.serviscribe_] reported as REPLACED, but missing application info. Assuming REMOVED.
09-18 19:13:18.919 16947 16947 D ActivityThread: Package [com.example.serviscribe_] reported as REPLACED, but missing application info. Assuming REMOVED.
09-18 19:13:18.920 16375 16375 D ActivityThread: Package [com.example.serviscribe_] reported as REPLACED, but missing application info. Assuming REMOVED.
09-18 19:13:18.920 16375 16375 D ActivityThread: Package [com.example.serviscribe_] reported as REPLACED, but missing application info. Assuming REMOVED.
09-18 19:13:18.926   784  1014 I SdkSandboxManager: No SDKs used. Skipping SDK data reconcilation for CallingInfo{mUid=10217, mPackageName='com.example.serviscribe_, mAppProcessToken='null'}
09-18 19:13:18.926  1062  1062 D ControlsListingControllerImpl: ServiceConfig reloaded, count: 0
09-18 19:13:18.927  1443  1443 E SmsApplication: com.google.android.apps.messaging lost android:read_cell_broadcasts:  (fixing)
09-18 19:13:18.927   784   915 I RoleService: Granting default roles...
09-18 19:13:18.931   784   851 D PackageInstallerSession: Marking session 1532234306 as applied
09-18 19:13:18.932   784  2277 W AppOpService: Ignored setUidMode call for runtime permission app op: uid = 10144, code = READ_CELL_BROADCASTS, mode = allow, callingUid = 1001, oldMode = allow
09-18 19:13:18.933   784   888 D InstallDependencyHelper: Session complete for 1532234306
09-18 19:13:18.935 15734 15734 D ActivityThread: Package [com.example.serviscribe_] reported as REPLACED, but missing application info. Assuming REMOVED.
09-18 19:13:18.939   784  1714 W AppOpService: Ignored setUidMode call for runtime permission app op: uid = 1001, code = READ_SMS, mode = allow, callingUid = 1001, oldMode = allow
09-18 19:13:18.952   784   784 W binder:784_17: type=1400 audit(0.0:248): avc:  denied  { getopt } for  scontext=u:r:system_server:s0 tcontext=u:r:shell:s0 tclass=unix_stream_socket permissive=0
09-18 19:13:18.960   784   784 W binder:784_17: type=1400 audit(0.0:249): avc:  denied  { getopt } for  scontext=u:r:system_server:s0 tcontext=u:r:shell:s0 tclass=unix_stream_socket permissive=0
09-18 19:13:18.967   784   913 D ActivityManager: freezing 16886 com.google.android.settings.intelligence
09-18 19:13:18.976   784  5310 W AppOpService: Ignored setUidMode call for runtime permission app op: uid = 1001, code = RECEIVE_SMS, mode = allow, callingUid = 1001, oldMode = allow
09-18 19:13:18.981   516   516 D Zygote  : Forked child process 17077
09-18 19:13:18.987   784   784 D AppSearchAppsIndexerManagerS: userid in package receiver: 10217
09-18 19:13:18.990   784   824 W ActivityManager: Slow operation: 57ms so far, now at startProcess: returned from zygote!
09-18 19:13:18.960   784   784 W binder:784_17: type=1400 audit(0.0:250): avc:  denied  { getopt } for  scontext=u:r:system_server:s0 tcontext=u:r:shell:s0 tclass=unix_stream_socket permissive=0
09-18 19:13:19.003   784   784 D ActivityThread: Package [com.example.serviscribe_] reported as REPLACED, but missing application info. Assuming REMOVED.
09-18 19:13:19.027   784   784 D ActivityThread: Package [com.example.serviscribe_] reported as REPLACED, but missing application info. Assuming REMOVED.
09-18 19:13:19.050 17076 17076 I ndroid.keychain: Using CollectorTypeCMC GC.
09-18 19:13:19.050 17076 17076 W ndroid.keychain: Unexpected CPU variant for x86: x86_64.
09-18 19:13:19.050 17076 17076 W ndroid.keychain: Known variants: atom, sandybridge, silvermont, goldmont, goldmont-plus, goldmont-without-sha-xsaves, tremont, kabylake, alderlake, default
09-18 19:13:19.052 17076 17076 E ndroid.keychain: Not starting debugger since process cannot load the jdwp agent.
09-18 19:13:19.061 16088 16165 I PermissionControllerServiceImpl: Updating user sensitive for uid 10217
09-18 19:13:19.075 15734 15782 D PackageUpdatedTask: Package updated: mOp=UPDATE packages=[com.example.serviscribe_], user=UserHandle{0}
09-18 19:13:19.078  1712 17085 I AiAiEcho: AppIndexer Package:[com.example.serviscribe_] UserProfile:[0] Enabled:[true].
09-18 19:13:19.078  1712 17085 I AiAiEcho: AppFetcherImplV2 updateApps package:[com.example.serviscribe_], userId:[0], reason:[package is updated.].
09-18 19:13:19.080   784   933 I system_server: AssetManager2(0x7e62bf6da8f8) locale list changing from [] to [en-US]
09-18 19:13:19.081   784  1714 W AppOpService: Ignored setUidMode call for runtime permission app op: uid = 1001, code = RECEIVE_WAP_PUSH, mode = allow, callingUid = 1001, oldMode = allow
09-18 19:13:19.082   784   784 W AlarmManager: Package com.example.serviscribe_, uid 10217 lost permission to set exact alarms!
09-18 19:13:19.082   784   824 W ActivityManager: Slow operation: 129ms so far, now at startProcess: done updating battery stats
09-18 19:13:19.083   784   824 W ActivityManager: Slow operation: 150ms so far, now at startProcess: building log message
09-18 19:13:19.083   784   824 I ActivityManager: Start proc 17077:com.android.vending/u0a147 for broadcast {com.android.vending/com.google.android.finsky.packagemonitor.impl.PackageMonitorReceiverImpl$RegisteredReceiver}
09-18 19:13:19.084   784   824 W ActivityManager: Slow operation: 151ms so far, now at startProcess: starting to update pids map
09-18 19:13:19.084   784   824 I ActivityManager: ProcessObserver broadcast disabled
09-18 19:13:19.084   784   824 W ActivityManager: Slow operation: 151ms so far, now at startProcess: done updating pids map
09-18 19:13:19.084   784  1714 W AppOpService: Ignored setUidMode call for runtime permission app op: uid = 1001, code = SEND_SMS, mode = allow, callingUid = 1001, oldMode = allow
09-18 19:13:19.090   784  1714 W AppOpService: Ignored setUidMode call for runtime permission app op: uid = 1001, code = READ_CELL_BROADCASTS, mode = allow, callingUid = 1001, oldMode = allow
09-18 19:13:19.091   784   964 D InetDiagMessage: Destroyed 0 sockets, proto=IPPROTO_TCP, family=AF_INET, states=14
09-18 19:13:19.080 17077 17077 I android.vending: Using CollectorTypeCMC GC.
09-18 19:13:19.094 17077 17077 W android.vending: Unexpected CPU variant for x86: x86_64.
09-18 19:13:19.094 17077 17077 W android.vending: Known variants: atom, sandybridge, silvermont, goldmont, goldmont-plus, goldmont-without-sha-xsaves, tremont, kabylake, alderlake, default
09-18 19:13:19.101   784   784 D BackupManagerConstants: getFullBackupIntervalMilliseconds(...) returns 86400000
09-18 19:13:19.101   784   784 D BackupManagerConstants: getFullBackupRequiredNetworkType(...) returns 2
09-18 19:13:19.101   784   784 D BackupManagerConstants: getFullBackupRequireCharging(...) returns true
09-18 19:13:19.104   784   822 I system_server: AssetManager2(0x7e62bf75c0d8) locale list changing from [] to [en-US]
09-18 19:13:19.113   784   964 D InetDiagMessage: Destroyed 0 sockets, proto=IPPROTO_TCP, family=AF_INET6, states=14
09-18 19:13:19.113   784   964 D InetDiagMessage: Destroyed live tcp sockets for uids={10145} in 23ms
09-18 19:13:19.225   784   784 W Looper  : Slow dispatch took 108ms main app=system_server main=true group=FOREGROUND h=android.app.ActivityThread$H c=android.app.LoadedApk$ReceiverDispatcher$Args$$ExternalSyntheticLambda0@66cf9a9 m=0
09-18 19:13:19.226   784   784 W Looper  : Slow delivery took 302ms main app=system_server main=true group=FOREGROUND h=android.app.ActivityThread$H c=android.app.LoadedApk$ReceiverDispatcher$Args$$ExternalSyntheticLambda0@3b026cf m=0
09-18 19:13:19.226   784   784 D AppSearchAppsIndexerManagerS: userid in package receiver: 10217
09-18 19:13:19.236   784  2926 W SignedPackage: Package doesn't have required signing certificate: com.google.android.retaildemo
09-18 19:13:19.236   784  2926 E RoleControllerServiceImpl: Default/fallback role holder package doesn't qualify for the role, package: com.google.android.gms.supervision, role: android.app.role.SYSTEM_SUPERVISION
09-18 19:13:19.250 17077 17077 E android.vending: Not starting debugger since process cannot load the jdwp agent.
09-18 19:13:19.272  2397  2397 W MediaProvider: WorkProfileOwnerApps cache is empty
09-18 19:13:19.272  2397  2397 D PickerSyncLockManager: Trying to acquire lock com.android.providers.media.photopicker.sync.CloseableReentrantLock@492d5df[Unlocked]. Lock Name = CLOUD_PROVIDER_LOCK. Threads that may be waiting to acquire this lock = []
09-18 19:13:19.272  2397  2397 D CloseableReentrantLock: Successfully acquired lock com.android.providers.media.photopicker.sync.CloseableReentrantLock@492d5df[Locked by thread main]. Lock Name = CLOUD_PROVIDER_LOCK. Threads that may be waiting to acquire this lock = []
09-18 19:13:19.272  2397  2397 D CloseableReentrantLock: Successfully released lock com.android.providers.media.photopicker.sync.CloseableReentrantLock@492d5df[Unlocked]. Lock Name = CLOUD_PROVIDER_LOCK. Threads that may be waiting to acquire this lock = []
09-18 19:13:19.450 17076 17076 D nativeloader: Load libframework-connectivity-tiramisu-jni.so using APEX ns com_android_tethering for caller /apex/com.android.tethering/javalib/framework-connectivity-t.jar: ok
09-18 19:13:19.484   784  2926 W SignedPackage: Package doesn't have required signing certificate: com.google.android.apps.work.clouddpc
09-18 19:13:19.492 17077 17077 D nativeloader: Load libframework-connectivity-tiramisu-jni.so using APEX ns com_android_tethering for caller /apex/com.android.tethering/javalib/framework-connectivity-t.jar: ok
09-18 19:13:19.574   784  5310 D CompatChangeReporter: Compat change id reported: 151861875; UID 10147; state: ENABLED
09-18 19:13:19.656   784  6586 V Configuration: Updating configuration, locales updated from [] to [en_US]
09-18 19:13:19.656   784  6586 V Configuration: Updating configuration, locales updated from [] to [en_US]
09-18 19:13:19.656   784  6586 V Configuration: Updating configuration, locales updated from [] to [en_US]
09-18 19:13:19.656   784  6586 V Configuration: Updating configuration, locales updated from [] to [en_US]
09-18 19:13:19.737   784   814 W Looper  : Slow dispatch took 148ms android.ui app=system_server main=false group=TOP_APP h=com.android.server.am.ActivityManagerService$UiHandler c=com.android.server.am.UidObserverController$$ExternalSyntheticLambda0@1b9dbcb m=0
09-18 19:13:19.779   784  1714 E AppOps  : attributionTag VCN not declared in manifest of android
09-18 19:13:19.919   784  6586 V Configuration: Updating configuration, locales updated from [] to [en_US]
09-18 19:13:19.919   784  6586 V Configuration: Updating configuration, locales updated from [] to [en_US]
09-18 19:13:19.919   784  6586 V Configuration: Updating configuration, locales updated from [] to [en_US]
09-18 19:13:19.919   784  6586 V Configuration: Updating configuration, locales updated from [] to [en_US]
09-18 19:13:19.919   784  6586 V Configuration: Updating configuration, locales updated from [] to [en_US]
09-18 19:13:19.919   784  6586 V Configuration: Updating configuration, locales updated from [] to [en_US]
09-18 19:13:19.919   784  6586 V Configuration: Updating configuration, locales updated from [] to [en_US]
09-18 19:13:19.919   784  6586 V Configuration: Updating configuration, locales updated from [] to [en_US]
09-18 19:13:20.115  1443  1443 E SmsApplication: com.google.android.apps.messaging lost android:read_cell_broadcasts:  (fixing)
09-18 19:13:20.115   784  1440 W AppOpService: Ignored setUidMode call for runtime permission app op: uid = 10144, code = READ_CELL_BROADCASTS, mode = allow, callingUid = 1001, oldMode = allow
09-18 19:13:20.118   784  1440 W AppOpService: Ignored setUidMode call for runtime permission app op: uid = 1001, code = READ_SMS, mode = allow, callingUid = 1001, oldMode = allow
09-18 19:13:20.120   784   890 W AppOpService: Ignored setUidMode call for runtime permission app op: uid = 1001, code = RECEIVE_SMS, mode = allow, callingUid = 1001, oldMode = allow
09-18 19:13:20.120   784  1440 W AppOpService: Ignored setUidMode call for runtime permission app op: uid = 1001, code = RECEIVE_WAP_PUSH, mode = allow, callingUid = 1001, oldMode = allow
09-18 19:13:20.122   784  1440 W AppOpService: Ignored setUidMode call for runtime permission app op: uid = 1001, code = SEND_SMS, mode = allow, callingUid = 1001, oldMode = allow
09-18 19:13:20.122   784  1440 W AppOpService: Ignored setUidMode call for runtime permission app op: uid = 1001, code = READ_CELL_BROADCASTS, mode = allow, callingUid = 1001, oldMode = allow
09-18 19:13:20.129  1443  1559 D ImsResolver: maybeAddedImsService, packageName: com.example.serviscribe_
09-18 19:13:20.129  1443  1559 V ImsResolver: searchForImsServices: package=com.example.serviscribe_, users=[UserHandle{0}]
09-18 19:13:20.129  1443  1559 V ImsResolver: searchForImsServices: package=com.example.serviscribe_, users=[UserHandle{0}]
09-18 19:13:20.132  1443  1443 W VvmPkgInstalledRcvr: carrierVvmPkgAdded: carrier vvm packages doesn't contain com.example.serviscribe_
09-18 19:13:20.132  1443  1443 D ActivityThread: Package [com.example.serviscribe_] reported as REPLACED, but missing application info. Assuming REMOVED.
09-18 19:13:20.132  1443  1443 D ActivityThread: Package [com.example.serviscribe_] reported as REPLACED, but missing application info. Assuming REMOVED.
09-18 19:13:20.138  1443  1443 D SatelliteController: packageStateChanged: package:com.example.serviscribe_ DefaultSmsPackageName:com.google.android.apps.messaging
09-18 19:13:20.138  1443  1443 V SatelliteController: Neither SMS or SatelliteGateway package
09-18 19:13:20.247   784  2926 E RoleControllerServiceImpl: Default/fallback role holder package doesn't qualify for the role, package: com.google.android.gms, role: android.app.role.WALLET
09-18 19:13:20.361   784  1440 W ActivityTaskManager: callingPackage for (uid=2000, pid=17108) has no WPC
09-18 19:13:20.372   784  1440 I system_server: AssetManager2(0x7e62bf6bbe58) locale list changing from [] to [en-US]
09-18 19:13:20.375   784  1440 V GrammaticalInflectionUtils: AttributionSource: android.content.AttributionSource@520c7350 does not have READ_SYSTEM_GRAMMATICAL_GENDER permission.
09-18 19:13:20.375   784  1440 W OptProp : Cannot read opt property android.window.PROPERTY_COMPAT_ALLOW_USER_ASPECT_RATIO_OVERRIDE
09-18 19:13:20.375   784  1440 W OptProp : Cannot read opt property android.window.PROPERTY_COMPAT_ALLOW_USER_ASPECT_RATIO_FULLSCREEN_OVERRIDE
09-18 19:13:20.376   784  1440 W OptProp : Cannot read opt property android.window.PROPERTY_COMPAT_ALLOW_RESIZEABLE_ACTIVITY_OVERRIDES
09-18 19:13:20.376   784  1440 W OptProp : Cannot read opt property android.window.PROPERTY_COMPAT_ALLOW_MIN_ASPECT_RATIO_OVERRIDE
09-18 19:13:20.386   784   784 W Looper  : Drained
09-18 19:13:20.391 17077 17077 D ApplicationLoaders: Returning zygote-cached class loader: /system/framework/org.apache.http.legacy.jar
09-18 19:13:20.391 17077 17077 D ApplicationLoaders: Returning zygote-cached class loader: /system_ext/framework/androidx.window.extensions.jar
09-18 19:13:20.391 17077 17077 D ApplicationLoaders: Returning zygote-cached class loader: /system_ext/framework/androidx.window.sidecar.jar
09-18 19:13:20.393   784  1440 W OptProp : Cannot read opt property android.window.PROPERTY_COMPAT_ALLOW_ORIENTATION_OVERRIDE
09-18 19:13:20.401   784  1440 I ActivityTaskManager: START u0 {act=android.intent.action.MAIN cat=[android.intent.category.LAUNCHER] flg=0x30000000 xflg=0x4 cmp=com.example.serviscribe_/.MainActivity (has extras)} with LAUNCH_SINGLE_TOP from uid 2000 (BAL_ALLOW_PERMISSION) result code=0
09-18 19:13:20.451   784   890 W ActivityManager: Slow operation: 54ms so far, now at attachApplicationLocked: immediately after bindApplication
09-18 19:13:20.452   784   890 W ActivityManager: Slow operation: 54ms so far, now at attachApplicationLocked: after updateLruProcessLocked
09-18 19:13:20.458  1062  1307 I ndroid.systemui: AssetManager2(0x7e62bf6bf698) locale list changing from [] to [en-US]
09-18 19:13:20.462   784   890 W ActivityManager: Slow operation: 64ms so far, now at attachApplicationLocked: after updateOomAdjLocked
09-18 19:13:20.465   784   890 D CompatChangeReporter: Compat change id reported: 309578419; UID 10217; state: ENABLED
09-18 19:13:20.474  1062  1183 V WindowManagerShell: Transition requested (#66): android.os.BinderProxy@8b13493 TransitionRequestInfo { type = OPEN, triggerTask = TaskInfo{userId=0 taskId=46 effectiveUid=10217 displayId=0 isRunning=true baseIntent=Intent { act=android.intent.action.MAIN cat=[android.intent.category.LAUNCHER] flg=0x30000000 cmp=com.example.serviscribe_/.MainActivity } baseActivity=ComponentInfo{com.example.serviscribe_/com.example.serviscribe_.MainActivity} topActivity=ComponentInfo{com.example.serviscribe_/com.example.serviscribe_.MainActivity} origActivity=null realActivity=ComponentInfo{com.example.serviscribe_/com.example.serviscribe_.MainActivity} numActivities=1 lastActiveTime=35644608 supportsMultiWindow=true resizeMode=1 isResizeable=true minWidth=-1 minHeight=-1 defaultMinSize=220 token=WCT{android.window.IWindowContainerToken$Stub$Proxy@e2a5cd0} topActivityType=1 pictureInPictureParams=null shouldDockBigOverlays=false launchIntoPipHostTaskId=-1 lastParentTaskIdBeforePip=-1 displayCutoutSafeInsets=Rect(0, 118 - 0, 0) topActivityInfo=ActivityInfo{93114c9 com.example.serviscribe_.MainActivity} launchCookies=[] positionInParent=Point(0, 0) parentTaskId=-1 isFocused=false isVisible=false isVisibleRequested=false isTopActivityNoDisplay=false isSleeping=false locusId=null displayAreaFeatureId=1 isTopActivityTransparent=false isActivityStackTransparent=false lastNonFullscreenBounds=Rect(278, 687 - 803, 1767) capturedLink=null capturedLinkTimestamp=0 requestedVisibleTypes=-9 topActivityRequestOpenInBrowserEducationTimestamp=0 appCompatTaskInfo=AppCompatTaskInfo { topActivityInSizeCompat=false eligibleForLetterboxEducation= false isLetterboxEducationEnabled= true isLetterboxDoubleTapEnabled= false eligibleForUserAspectRatioButton= false topActivityBoundsLetterboxed= false isFromLetterboxDoubleTap= false topActivityLetterboxVerticalPosition= -1 topActivityLetterboxHorizontalPosition= -1 topActivityLetterboxWidth=-1 topActivityLetterboxHeight=-1 topActivityAppBounds=Rect(0, 0 - 1080, 2400) isUserFullscreenOverrideEnabled=false isSystemFullscreenOverrideEnabled=false hasMinAspectRatioOverride=false topActivityLetterboxBounds=null cameraCompatTaskInfo=CameraCompatTaskInfo { freeformCameraCompatMode=inactive}} topActivityMainWindowFrame=null}, pipChange = null, remoteTransition = null, displayChange = null, flags = 0, debugId = 66 }
09-18 19:13:20.474  1062  1183 D ShellSplitScreen: logExit: no-op, mLoggerSessionId is null
09-18 19:13:20.476 16375 16375 W ChimeraProxyRslvr: No registered Chimera impl for com.google.android.gms.games.chimera.GamesSystemBroadcastReceiverProxy
09-18 19:13:20.476 16375 16375 E ChimeraRcvrProxy: com.google.android.gms.games.chimera.GamesSystemBroadcastReceiverProxy dropping broadcast android.intent.action.PACKAGE_REMOVED
09-18 19:13:20.528   562   562 I BpBinder: onLastStrongRef automatically unlinking death recipients: 
09-18 19:13:20.552  1062  1308 W HWUI    : Image decoding logging dropped!
09-18 19:13:20.698 15734 15734 W SplitSelectStateCtor: Missing session instanceIds
09-18 19:13:20.699 15734 15734 D StatsLog: LAUNCHER_SPLIT_SELECTION_EXIT_INTERRUPTED
09-18 19:13:20.751  1062  1183 D WindowManagerShell: setLauncherKeepClearAreaHeight: visible=false, height=527
09-18 19:13:20.795 16375 16375 W ChimeraProxyRslvr: No registered Chimera impl for com.google.android.gms.games.chimera.GamesSystemBroadcastReceiverProxy
09-18 19:13:20.795 16375 16375 E ChimeraRcvrProxy: com.google.android.gms.games.chimera.GamesSystemBroadcastReceiverProxy dropping broadcast android.intent.action.PACKAGE_ADDED
09-18 19:13:21.025   784  2926 I system_server: AssetManager2(0x7e62bf75fc38) locale list changing from [] to [en-US]
09-18 19:13:21.046   784   817 V GrammaticalInflectionUtils: AttributionSource: android.content.AttributionSource@520c7350 does not have READ_SYSTEM_GRAMMATICAL_GENDER permission.
09-18 19:13:21.048   784   817 W ActivityManager: Slow operation: 222ms so far, now at startProcess: done creating new process record
09-18 19:13:21.103   784  2926 W SignedPackage: Cannot get ApplicationInfo for package: com.google.android.devicelockcontroller
09-18 19:13:21.156   784   817 W ActivityManager: Slow operation: 222ms so far, now at startProcess: stepping in to startProcess
09-18 19:13:21.282   784  1606 I AppsFilter: interaction: PackageSetting{e5df587 com.android.microdroid.empty_payload/10216} -> PackageSetting{1641331 com.example.serviscribe_/10217} BLOCKED
09-18 19:13:21.297 15734 15734 I Choreographer: Skipped 30 frames!  The application may be doing too much work on its main thread.
09-18 19:13:21.298   562   716 I BpBinder: onLastStrongRef automatically unlinking death recipients: 
09-18 19:13:21.536   784   817 W ActivityManager: Slow operation: 711ms so far, now at startProcess: done starting proc!
09-18 19:13:21.546  1062  1307 I Choreographer: Skipped 45 frames!  The application may be doing too much work on its main thread.
09-18 19:13:21.556 17076 17076 D nativeloader: Configuring clns-shared-9 for other apk /system/app/KeyChain/KeyChain.apk. target_sdk_version=36, uses_libraries=, library_path=/system/app/KeyChain/lib/x86_64:/system/app/KeyChain/KeyChain.apk!/lib/x86_64:/system/lib64:/system_ext/lib64, permitted_path=/data:/mnt/expand:/data/user/0/com.android.keychain:/system/app/KeyChain:/system/lib64:/system_ext/lib64
09-18 19:13:21.575   784  1606 D CoreBackPreview: Window{e6e43 u0 Splash Screen com.example.serviscribe_}: Setting back callback OnBackInvokedCallbackInfo{mCallback=android.window.IOnBackInvokedCallback$Stub$Proxy@f918cd9, mPriority=0, mIsAnimationCallback=false, mOverrideBehavior=0}
09-18 19:13:21.727   784   824 W ActivityManager: Slow operation: 571ms so far, now at startProcess: asking zygote to start proc
09-18 19:13:21.733   516   516 D Zygote  : Forked child process 17121
09-18 19:13:21.733   784   824 W ActivityManager: Slow operation: 576ms so far, now at startProcess: returned from zygote!
09-18 19:13:21.879   784  1440 W ProcessStats: Tracking association SourceState{a3b3088 system/1000 BFgs #8198} whose proc state 4 is better than process ProcessState{9aaafb com.google.android.ext.services/10201 pkg=com.google.android.ext.services} proc state 14 (8 skipped)
09-18 19:13:21.938  1062  1342 W Looper  : Slow dispatch took 1360ms SysUiBg app=com.android.systemui main=false group=TOP_APP h=android.os.Handler c=com.android.systemui.shade.NotificationShadeWindowControllerImpl$$ExternalSyntheticLambda1@54da918 m=0
09-18 19:13:22.058   784   823 I ActivityManager: Test idle failed due to 12ed8c9 784:system/1000 runnable at -2m0s123ms because PERSISTENT
09-18 19:13:22.110   784   824 W ActivityManager: Slow operation: 953ms so far, now at startProcess: done updating battery stats
09-18 19:13:22.110   784   824 W ActivityManager: Slow operation: 954ms so far, now at startProcess: building log message
09-18 19:13:22.110   784   824 I ActivityManager: Start proc 17121:com.example.serviscribe_/u0a217 for next-top-activity {com.example.serviscribe_/com.example.serviscribe_.MainActivity}
09-18 19:13:22.110   784   824 W ActivityManager: Slow operation: 954ms so far, now at startProcess: starting to update pids map
09-18 19:13:22.110   784   824 I ActivityManager: ProcessObserver broadcast disabled
09-18 19:13:22.110   784   824 W ActivityManager: Slow operation: 954ms so far, now at startProcess: done updating pids map
09-18 19:13:22.215 17076 17076 I ndroid.keychain: AssetManager2(0x7e62bf670e58) locale list changing from [] to [en-US]
09-18 19:13:22.227 17076 17076 V GraphicsEnvironment: Currently set values for:
09-18 19:13:22.227 17076 17076 V GraphicsEnvironment:   angle_gl_driver_selection_pkgs=[]
09-18 19:13:22.227 17076 17076 V GraphicsEnvironment:   angle_gl_driver_selection_values=[]
09-18 19:13:22.227 17076 17076 V GraphicsEnvironment: com.android.keychain is not listed in per-application setting
09-18 19:13:22.227 17076 17076 V GraphicsEnvironment: ANGLE allowlist from config: com.dreamgames.royalmatch com.dts.freefiremax com.dxx.firenow com.gramgames.mergedragons com.ludo.king com.mojang.minecraftpe com.my.defense com.nintendo.zaka com.os.airforce com.playrix.fishdomdd.gplay io.teslatech.callbreak jp.konami.prospia net.peakgames.toonblast
09-18 19:13:22.227 17076 17076 V GraphicsEnvironment: com.android.keychain is not listed in ANGLE allowlist or settings, returning default
09-18 19:13:22.227 17076 17076 V GraphicsEnvironment: Neither updatable production driver nor prerelease driver is supported.
09-18 19:13:22.335  1062  1307 I Choreographer: Skipped 45 frames!  The application may be doing too much work on its main thread.
09-18 19:13:22.350   784   817 W IPCThreadState: Sending oneway calls to frozen process.
09-18 19:13:22.373   784   890 W ActivityManager: Slow operation: 91ms so far, now at finishAttachApplicationInner: after mServices.attachApplicationLocked
09-18 19:13:22.379   784   890 W ActivityManager: Slow operation: 96ms so far, now at finishAttachApplicationInner: after dispatching broadcasts
09-18 19:13:22.411   784   802 I system_server: Background concurrent mark compact GC freed 28MB AllocSpace bytes, 37(748KB) LOS objects, 41% free, 34MB/58MB, paused 4.686ms,1.842ms total 3.714s
09-18 19:13:22.416  1062  1637 I HWUI    : Davey! duration=1576ms; Flags=1, FrameTimelineVsyncId=370098, IntendedVsync=35644993030850, Vsync=35645743030820, InputEventId=0, HandleInputStart=35645775672800, AnimationStart=35645775707700, PerformTraversalsStart=35645778699800, DrawStart=35646238180500, FrameDeadline=35645009697516, FrameStartTime=35645757832000, FrameInterval=16666666, WorkloadTarget=16666666, SyncQueued=35646238360300, SyncStart=35646247901900, IssueDrawCommandsStart=35646248492500, SwapBuffers=35646536904800, FrameCompleted=35646579207500, DequeueBufferDuration=44100, QueueBufferDuration=300200, GpuCompleted=35646579207500, SwapBuffersCompleted=35646538134600, DisplayPresentTime=270502121317598145, CommandSubmissionCompleted=35646536904800, 
09-18 19:13:22.423  1062  1311 V WindowManagerShell: onTransitionReady(transaction=3367254365129)
09-18 19:13:22.426  1062  1183 V WindowManagerShell: onTransitionReady (#66) android.os.BinderProxy@8b13493: {id=66 t=OPEN f=0x0 trk=0 r=[0@Point(0, 0)] c=[
09-18 19:13:22.426  1062  1183 V WindowManagerShell:         {m=OPEN f=NONE leash=Surface(name=Task=46)/@0xfd255d7 sb=Rect(0, 0 - 1080, 2400) eb=Rect(0, 0 - 1080, 2400) epz=Point(1080, 2400) d=0 taskParent=-1},
09-18 19:13:22.426  1062  1183 V WindowManagerShell:         {m=TO_BACK f=SHOW_WALLPAPER leash=Surface(name=Task=1)/@0xe003ec4 sb=Rect(0, 0 - 1080, 2400) eb=Rect(0, 0 - 1080, 2400) epz=Point(1080, 2400) d=0 taskParent=-1},
09-18 19:13:22.426  1062  1183 V WindowManagerShell:         {m=TO_BACK f=IS_WALLPAPER leash=Surface(name=WallpaperWindowToken{a60c6d6 showWhenLocked=false})/@0x8d2a1ad sb=Rect(0, 0 - 1080, 2400) eb=Rect(0, 0 - 1080, 2400) epz=Point(1080, 2400) d=0}
09-18 19:13:22.426  1062  1183 V WindowManagerShell:     ]}
09-18 19:13:22.431  1062  1183 V WindowManagerShell: Playing animation for (#66) android.os.BinderProxy@8b13493@0
09-18 19:13:22.439  1062  1183 V ShellRecents: RecentsTransitionHandler.startAnimation: no controller found
09-18 19:13:22.443  1062  1183 V WindowManagerShell: Transition doesn't have explicit remote, search filters for match for {id=66 t=OPEN f=0x0 trk=0 r=[0@Point(0, 0)] c=[{m=OPEN f=NONE leash=Surface(name=Task=46)/@0xfd255d7 sb=Rect(0, 0 - 1080, 2400) eb=Rect(0, 0 - 1080, 2400) epz=Point(1080, 2400) d=0 taskParent=-1},{m=TO_BACK f=SHOW_WALLPAPER leash=Surface(name=Task=1)/@0xe003ec4 sb=Rect(0, 0 - 1080, 2400) eb=Rect(0, 0 - 1080, 2400) epz=Point(1080, 2400) d=0 taskParent=-1},{m=TO_BACK f=IS_WALLPAPER leash=Surface(name=WallpaperWindowToken{a60c6d6 showWhenLocked=false})/@0x8d2a1ad sb=Rect(0, 0 - 1080, 2400) eb=Rect(0, 0 - 1080, 2400) epz=Point(1080, 2400) d=0}]}
09-18 19:13:22.453  1062  1183 V WindowManagerShell:  Checking filter Pair{{types=[] flags=0x0] notFlags=0x0 checks=[{atype=undefined independent=true modes=[CLOSE,TO_BACK] flags=IN_TASK_WITH_EMBEDDED_ACTIVITY mustBeTask=false order=ANY topActivity=null launchCookie=null taskFragmentToken=android.os.BinderProxy@7e49a19 windowingMode=undefined}]} RemoteTransition { remoteTransition = android.window.IRemoteTransition$Stub$Proxy@b9f6ade, appThread = android.app.IApplicationThread$Stub$Proxy@b2454bf, debugName = overlayBackTransition }}
09-18 19:13:22.457  1062  1183 V WindowManagerShell:  Checking filter Pair{{types=[] flags=0x0] notFlags=0x0 checks=[{atype=dream independent=true modes=[OPEN,TO_FRONT] flags=NONE mustBeTask=false order=ANY topActivity=null launchCookie=null windowingMode=undefined},{atype=home independent=true modes=[CLOSE,TO_BACK] flags=NONE mustBeTask=false order=ANY topActivity=null launchCookie=null windowingMode=undefined}]} RemoteTransition { remoteTransition = android.window.IRemoteTransition$Stub$Proxy@b04778c, appThread = android.app.IApplicationThread$Stub$Proxy@f9bbed5, debugName = LauncherToDream }}
09-18 19:13:22.459  1062  1183 V WindowManagerShell:  Checking filter Pair{{types=[] flags=0x0] notFlags=0x100 checks=[{atype=home independent=true modes=[OPEN,TO_FRONT] flags=NONE mustBeTask=false order=TOP topActivity=ComponentInfo{com.google.android.apps.nexuslauncher/com.google.android.apps.nexuslauncher.NexusLauncherActivity} launchCookie=null windowingMode=undefined},{atype=standard independent=true modes=[CLOSE,TO_BACK] flags=NONE mustBeTask=false order=ANY topActivity=null launchCookie=null windowingMode=undefined},{NOT atype=undefined independent=true modes=[] flags=NONE mustBeTask=true order=ANY topActivity=null launchCookie=null customAnim=true windowingMode=undefined}]} RemoteTransition { remoteTransition = android.window.IRemoteTransition$Stub$Proxy@73356ea, appThread = android.app.IApplicationThread$Stub$Proxy@8537ddb, debugName = QuickstepLaunchHome }}
09-18 19:13:22.462  1062  1183 V WindowManagerShell:  Delegate animation for (#66) to null
09-18 19:13:22.462  1062  1183 V WindowManagerShell: start default transition animation, info = {id=66 t=OPEN f=0x0 trk=0 r=[0@Point(0, 0)] c=[{m=OPEN f=NONE leash=Surface(name=Task=46)/@0xfd255d7 sb=Rect(0, 0 - 1080, 2400) eb=Rect(0, 0 - 1080, 2400) epz=Point(1080, 2400) d=0 taskParent=-1},{m=TO_BACK f=SHOW_WALLPAPER leash=Surface(name=Task=1)/@0xe003ec4 sb=Rect(0, 0 - 1080, 2400) eb=Rect(0, 0 - 1080, 2400) epz=Point(1080, 2400) d=0 taskParent=-1},{m=TO_BACK f=IS_WALLPAPER leash=Surface(name=WallpaperWindowToken{a60c6d6 showWhenLocked=false})/@0x8d2a1ad sb=Rect(0, 0 - 1080, 2400) eb=Rect(0, 0 - 1080, 2400) epz=Point(1080, 2400) d=0}]}
09-18 19:13:22.462  1062  1183 V WindowManagerShell: loadAnimation: anim=android.view.animation.AnimationSet@fc7873 animAttr=0x13 type=OPEN isEntrance=false
09-18 19:13:22.462  1062  1183 V WindowManagerShell: loadAnimation: anim=android.view.animation.AnimationSet@4248330 animAttr=0x12 type=OPEN isEntrance=true
09-18 19:13:22.481   784   814 W Looper  : Slow dispatch took 122ms android.ui app=system_server main=false group=TOP_APP h=com.android.server.am.ActivityManagerService$UiHandler c=com.android.server.am.UidObserverController$$ExternalSyntheticLambda0@1b9dbcb m=0
09-18 19:13:22.487  1062  1183 V WindowManagerShell:  animated by com.android.wm.shell.transition.DefaultTransitionHandler@42947aa
09-18 19:13:22.517   784   784 W Looper  : Slow dispatch took 117ms main app=system_server main=true group=FOREGROUND h=com.android.server.power.Notifier$NotifierHandler c=com.android.server.power.Notifier$$ExternalSyntheticLambda2@23980bd m=0
09-18 19:13:22.608   784   813 V WindowManager: Sent Transition (#66) createdAt=09-18 19:13:20.377 via request=TransitionRequestInfo { type = OPEN, triggerTask = TaskInfo{userId=0 taskId=46 effectiveUid=10217 displayId=0 isRunning=true baseIntent=Intent { act=android.intent.action.MAIN cat=[android.intent.category.LAUNCHER] flg=0x30000000 cmp=com.example.serviscribe_/.MainActivity } baseActivity=ComponentInfo{com.example.serviscribe_/com.example.serviscribe_.MainActivity} topActivity=ComponentInfo{com.example.serviscribe_/com.example.serviscribe_.MainActivity} origActivity=null realActivity=ComponentInfo{com.example.serviscribe_/com.example.serviscribe_.MainActivity} numActivities=1 lastActiveTime=35644608 supportsMultiWindow=true resizeMode=1 isResizeable=true minWidth=-1 minHeight=-1 defaultMinSize=220 token=WCT{RemoteToken{6e396b2 Task{be18ea7 #46 type=standard I=com.example.serviscribe_/.MainActivity}}} topActivityType=1 pictureInPictureParams=null shouldDockBigOverlays=false launchIntoPipHostTaskId=-1 lastParentTaskIdBeforePip=-1 displayCutoutSafeInsets=Rect(0, 118 - 0, 0) topActivityInfo=ActivityInfo{67d9603 com.example.serviscribe_.MainActivity} launchCookies=[] positionInParent=Point(0, 0) parentTaskId=-1 isFocused=false isVisible=false isVisibleRequested=false isTopActivityNoDisplay=false isSleeping=false locusId=null displayAreaFeatureId=1 isTopActivityTransparent=false isActivityStackTransparent=false lastNonFullscreenBounds=Rect(278, 687 - 803, 1767) capturedLink=null capturedLinkTimestamp=0 requestedVisibleTypes=-9 topActivityRequestOpenInBrowserEducationTimestamp=0 appCompatTaskInfo=AppCompatTaskInfo { topActivityInSizeCompat=false eligibleForLetterboxEducation= false isLetterboxEducationEnabled= true isLetterboxDoubleTapEnabled= false eligibleForUserAspectRatioButton= false topActivityBoundsLetterboxed= false isFromLetterboxDoubleTap= false topActivityLetterboxVerticalPosition= -1 topActivityLetterboxHorizontalPosition= -1 topActivityLetterboxWidth=-1 topActivityLetterboxHeight=-1 topActivityAppBounds=Rect(0, 0 - 1080, 2400) isUserFullscreenOverrideEnabled=false isSystemFullscreenOverrideEnabled=false hasMinAspectRatioOverride=false topActivityLetterboxBounds=null cameraCompatTaskInfo=CameraCompatTaskInfo { freeformCameraCompatMode=inactive}} topActivityMainWindowFrame=null}, pipChange = null, remoteTransition = null, displayChange = null, flags = 0, debugId = 66 }
09-18 19:13:22.608   784   813 V WindowManager:     startWCT=WindowContainerTransaction { changes= {} hops= [] errorCallbackToken=null taskFragmentOrganizer=null }
09-18 19:13:22.608   784   813 V WindowManager:     info={id=66 t=OPEN f=0x0 trk=0 r=[0@Point(0, 0)] c=[
09-18 19:13:22.608   784   813 V WindowManager:         {WCT{RemoteToken{6e396b2 Task{be18ea7 #46 type=standard I=com.example.serviscribe_/.MainActivity}}} m=OPEN f=NONE leash=Surface(name=Task=46)/@0xc08965a sb=Rect(0, 0 - 1080, 2400) eb=Rect(0, 0 - 1080, 2400) epz=Point(1080, 2400) d=0 taskParent=-1},
09-18 19:13:22.608   784   813 V WindowManager:         {WCT{RemoteToken{34f2ed9 Task{774eb89 #1 type=home}}} m=TO_BACK f=SHOW_WALLPAPER leash=Surface(name=Task=1)/@0xd94d1b4 sb=Rect(0, 0 - 1080, 2400) eb=Rect(0, 0 - 1080, 2400) epz=Point(1080, 2400) d=0 taskParent=-1},
09-18 19:13:22.608   784   813 V WindowManager:         {m=TO_BACK f=IS_WALLPAPER leash=Surface(name=WallpaperWindowToken{a60c6d6 showWhenLocked=false})/@0x7c29e87 sb=Rect(0, 0 - 1080, 2400) eb=Rect(0, 0 - 1080, 2400) epz=Point(1080, 2400) d=0}
09-18 19:13:22.608   784   813 V WindowManager:     ]}
09-18 19:13:22.676  1712  1712 I AiAiTextClassifier: onDestroyTextClassificationSession = TextClassificationSessionId {ab22ffcd-8bc5-4b86-894c-1ebcd736748b}
09-18 19:13:22.713   784   784 W Looper  : Slow dispatch took 123ms main app=system_server main=true group=FOREGROUND h=com.android.server.power.Notifier$NotifierHandler c=com.android.server.power.Notifier$$ExternalSyntheticLambda2@d826bb9 m=0
09-18 19:13:22.719   784   784 W Looper  : Slow delivery took 315ms main app=system_server main=true group=FOREGROUND h=com.android.server.power.Notifier$NotifierHandler c=null m=7
09-18 19:13:22.720 17121 17121 I le.serviscribe_: Late-enabling -Xcheck:jni
09-18 19:13:22.732   784   784 W Looper  : Drained
09-18 19:13:22.758 17076 17133 E ashmem  : Pinning is deprecated since Android Q. Please use trim or other methods.
09-18 19:13:22.963   784   804 W System  : A resource failed to call close. 
09-18 19:13:22.997 17121 17121 I le.serviscribe_: Using CollectorTypeCMC GC.
09-18 19:13:22.997 17121 17121 W le.serviscribe_: Unexpected CPU variant for x86: x86_64.
09-18 19:13:22.997 17121 17121 W le.serviscribe_: Known variants: atom, sandybridge, silvermont, goldmont, goldmont-plus, goldmont-without-sha-xsaves, tremont, kabylake, alderlake, default
