--------- beginning of system
09-18 19:13:10.640   784   890 I ActivityManager: Force stopping com.example.serviscribe_ appid=10217 user=0: from pid 17041
09-18 19:13:10.643   784   890 I ActivityManager: Killing 16164:com.example.serviscribe_/u0a217 (adj 0): stop com.example.serviscribe_ due to from pid 17041
09-18 19:13:10.644   784   890 D CompatChangeReporter: Compat change id reported: 151861875; UID 10217; state: ENABLED
09-18 19:13:10.646   784   890 W ActivityTaskManager: Force removing ActivityRecord{43511516 u0 com.example.serviscribe_/.MainActivity t45 f}}: app died, no saved state
--------- beginning of main
09-18 19:13:10.656   784   890 W IPCThreadState: Sending oneway calls to frozen process.
09-18 19:13:10.660   784   890 W ProcessStats: Tracking association SourceState{a3b3088 system/1000 BFgs #8151} whose proc state 4 is better than process ProcessState{9aaafb com.google.android.ext.services/10201 pkg=com.google.android.ext.services} proc state 14 (0 skipped)
09-18 19:13:10.661   784   890 I AppsFilter: interaction: PackageSetting{e5df587 com.android.microdroid.empty_payload/10216} -> PackageSetting{7b8b965 com.example.serviscribe_/10217} BLOCKED
09-18 19:13:10.679   784   822 W ActivityManager: Rescheduling restart of crashed service com.google.android.inputmethod.latin/com.android.inputmethod.latin.LatinIME in 5197ms for mem-pressure-event
09-18 19:13:10.681   784   822 W ActivityManager: Rescheduling restart of crashed service com.android.settings/.SettingsDumpService in 94847692ms for mem-pressure-event
09-18 19:13:10.682   784   813 W Looper  : Drained
09-18 19:13:10.713  1443  1443 D CarrierSvcBindHelper: onHandleForceStop: [com.example.serviscribe_]
09-18 19:13:10.717  1062  1183 V WindowManagerShell: Transition requested (#65): android.os.BinderProxy@f5d2d3c TransitionRequestInfo { type = CLOSE, triggerTask = TaskInfo{userId=0 taskId=45 effectiveUid=10217 displayId=0 isRunning=false baseIntent=Intent { act=android.intent.action.MAIN cat=[android.intent.category.LAUNCHER] flg=0x30000000 cmp=com.example.serviscribe_/.MainActivity } baseActivity=null topActivity=null origActivity=null realActivity=ComponentInfo{com.example.serviscribe_/com.example.serviscribe_.MainActivity} numActivities=0 lastActiveTime=35501021 supportsMultiWindow=true resizeMode=1 isResizeable=true minWidth=-1 minHeight=-1 defaultMinSize=220 token=WCT{android.window.IWindowContainerToken$Stub$Proxy@6dcbac5} topActivityType=1 pictureInPictureParams=null shouldDockBigOverlays=false launchIntoPipHostTaskId=-1 lastParentTaskIdBeforePip=-1 displayCutoutSafeInsets=Rect(0, 0 - 0, 0) topActivityInfo=null launchCookies=[] positionInParent=Point(0, 0) parentTaskId=-1 isFocused=true isVisible=true isVisibleRequested=true isTopActivityNoDisplay=false isSleeping=false locusId=null displayAreaFeatureId=1 isTopActivityTransparent=false isActivityStackTransparent=true lastNonFullscreenBounds=Rect(278, 687 - 803, 1767) capturedLink=null capturedLinkTimestamp=0 requestedVisibleTypes=-9 topActivityRequestOpenInBrowserEducationTimestamp=0 appCompatTaskInfo=AppCompatTaskInfo { topActivityInSizeCompat=false eligibleForLetterboxEducation= false isLetterboxEducationEnabled= false isLetterboxDoubleTapEnabled= false eligibleForUserAspectRatioButton= false topActivityBoundsLetterboxed= false isFromLetterboxDoubleTap= false topActivityLetterboxVerticalPosition= -1 topActivityLetterboxHorizontalPosition= -1 topActivityLetterboxWidth=-1 topActivityLetterboxHeight=-1 topActivityAppBounds=Rect(0, 0 - 0, 0) isUserFullscreenOverrideEnabled=false isSystemFullscreenOverrideEnabled=false hasMinAspectRatioOverride=false topActivityLetterboxBounds=null cameraCompatTaskInfo=CameraCompatTaskInfo { freeformCameraCompatMode=undefined}} topActivityMainWindowFrame=null}, pipChange = null, remoteTransition = null, displayChange = null, flags = 0, debugId = 65 }
09-18 19:13:10.729  1443  1443 D CarrierSvcBindHelper: No carrier app for: 0
09-18 19:13:10.729 15734 15734 D ViewRootImpl: Skipping stats log for color mode
09-18 19:13:10.766   784   964 D InetDiagMessage: Destroyed 0 sockets, proto=IPPROTO_TCP, family=AF_INET, states=14
09-18 19:13:10.770   784   964 D InetDiagMessage: Destroyed 0 sockets, proto=IPPROTO_TCP, family=AF_INET6, states=14
09-18 19:13:10.770   784   964 D InetDiagMessage: Destroyed live tcp sockets for uids={10217} in 6ms
09-18 19:13:10.770   784   921 W InputDispatcher: channel 'f5af105 com.example.serviscribe_/com.example.serviscribe_.MainActivity' ~ Consumer closed input channel or an error occurred.  events=0x9
09-18 19:13:10.770   784   921 E InputDispatcher: channel 'f5af105 com.example.serviscribe_/com.example.serviscribe_.MainActivity' ~ Channel is unrecoverably broken and will be disposed!
09-18 19:13:10.770   784   921 I WindowManager: WINDOW DIED Window{f5af105 u0 com.example.serviscribe_/com.example.serviscribe_.MainActivity}
09-18 19:13:10.774   784   807 V ActivityManager: Got obituary of 16164:com.example.serviscribe_
09-18 19:13:10.779   566   566 I adbd    : Remote process closed the socket (on MSG_PEEK)
09-18 19:13:10.802   562   562 I BpBinder: onLastStrongRef automatically unlinking death recipients: 
09-18 19:13:10.802   784  6913 I ImeTracker: com.example.serviscribe_:fc8286dd: onRequestHide at ORIGIN_SERVER reason HIDE_REMOVE_CLIENT fromUser false
09-18 19:13:10.804   784  6913 I ImeTracker: com.example.serviscribe_:fc8286dd: onCancelled at PHASE_SERVER_SHOULD_HIDE
09-18 19:13:10.812   516   516 I Zygote  : Process 16164 exited due to signal 9 (Killed)
09-18 19:13:10.819   784   825 I libprocessgroup: Removed cgroup /sys/fs/cgroup/apps/uid_10217/pid_16164
09-18 19:13:10.821   784  1822 I WindowManager: WIN DEATH: Window{f5af105 u0 com.example.serviscribe_/com.example.serviscribe_.MainActivity EXITING}
09-18 19:13:10.827  1062  1183 D WindowManagerShell: setLauncherKeepClearAreaHeight: visible=true, height=527
09-18 19:13:10.840   784   817 W ActivityManager: setHasOverlayUi called on unknown pid: 16164
09-18 19:13:10.840   784   906 W JobScheduler.JobStatus: Exempted app com.google.android.apps.safetyhub considered buggy
09-18 19:13:10.841   784   906 W JobScheduler.JobStatus: Exempted app com.google.android.apps.safetyhub considered buggy
09-18 19:13:10.841   784   906 W JobScheduler.JobStatus: Exempted app com.google.android.apps.safetyhub considered buggy
09-18 19:13:10.841   784   906 W JobScheduler.JobStatus: Exempted app com.google.android.apps.safetyhub considered buggy
09-18 19:13:10.841   784   906 W JobScheduler.JobStatus: Exempted app com.google.android.apps.safetyhub considered buggy
09-18 19:13:10.841   784   906 W JobScheduler.JobStatus: Exempted app com.google.android.apps.safetyhub considered buggy
09-18 19:13:10.842   784   906 W JobScheduler.JobStatus: Exempted app com.google.android.apps.safetyhub considered buggy
09-18 19:13:10.842   784   906 W JobScheduler.JobStatus: Exempted app com.google.android.apps.safetyhub considered buggy
09-18 19:13:10.842   784   906 W JobScheduler.JobStatus: Exempted app com.google.android.apps.safetyhub considered buggy
09-18 19:13:10.842   784   906 W JobScheduler.JobStatus: Exempted app com.google.android.apps.safetyhub considered buggy
09-18 19:13:10.850   784   817 V WindowManager: Unknown focus tokens, dropping reportFocusChanged
09-18 19:13:10.851   784   964 D InetDiagMessage: Destroyed 0 sockets, proto=IPPROTO_TCP, family=AF_INET, states=14
09-18 19:13:10.856   784   964 D InetDiagMessage: Destroyed 0 sockets, proto=IPPROTO_TCP, family=AF_INET6, states=14
09-18 19:13:10.857   784   964 D InetDiagMessage: Destroyed live tcp sockets for uids={20217} in 87ms
09-18 19:13:10.863 15734 15734 D StatsLog: LAUNCHER_ONRESUME
09-18 19:13:10.866   784  1009 D BackgroundInstallControlService: Package event received: 0
09-18 19:13:10.866 15734 15734 D VRI[NexusLauncherActivity]: visibilityChanged oldVisibility=false newVisibility=true
09-18 19:13:10.866   562   656 I BpBinder: onLastStrongRef automatically unlinking death recipients: 
09-18 19:13:10.874   784   784 W Looper  : Slow dispatch took 108ms main app=system_server main=true group=FOREGROUND h=android.app.ActivityThread$H c=android.app.LoadedApk$ReceiverDispatcher$Args$$ExternalSyntheticLambda0@8d4c463 m=0
09-18 19:13:10.895   784   823 I ActivityManager: Test idle failed due to ec380ff 16307:com.google.android.gms.persistent/u0a146 runnable at +275ms because NORMAL
09-18 19:13:10.896 15734 15734 D NexusLauncherModelDelegate: notifySmartspaceEvent: SmartspaceTargetEvent{mSmartspaceTarget=null, mSmartspaceActionId='null', mEventType=6}
09-18 19:13:10.903   784  1009 D BackgroundInstallControlService: Package event received: 0
09-18 19:13:10.903   784  1009 D BackgroundInstallControlService: Package event received: 0
09-18 19:13:10.918   784   906 W JobScheduler.JobStatus: Exempted app com.google.android.apps.safetyhub considered buggy
09-18 19:13:10.918   784   906 W JobScheduler.JobStatus: Exempted app com.google.android.apps.safetyhub considered buggy
09-18 19:13:10.918   784   906 W JobScheduler.JobStatus: Exempted app com.google.android.apps.safetyhub considered buggy
09-18 19:13:10.918   784   906 W JobScheduler.JobStatus: Exempted app com.google.android.apps.safetyhub considered buggy
09-18 19:13:10.918   784   906 W JobScheduler.JobStatus: Exempted app com.google.android.apps.safetyhub considered buggy
09-18 19:13:10.919   784   906 W JobScheduler.JobStatus: Exempted app com.google.android.apps.safetyhub considered buggy
09-18 19:13:10.920   784   906 W JobScheduler.JobStatus: Exempted app com.google.android.apps.safetyhub considered buggy
09-18 19:13:10.922   784   906 W JobScheduler.JobStatus: Exempted app com.google.android.apps.safetyhub considered buggy
09-18 19:13:10.923   784   906 W JobScheduler.JobStatus: Exempted app com.google.android.apps.safetyhub considered buggy
09-18 19:13:10.928   784   906 W JobScheduler.JobStatus: Exempted app com.google.android.apps.safetyhub considered buggy
09-18 19:13:10.938  4633  4633 I abb     : StartCommandInProcess(73657474696e67730067657400676c6f settings.get.glo [truncated])
09-18 19:13:10.954 15734 15782 D QuickstepModelDelegate: notifyAppTargetEvent action=1 launchLocation=workspace/0/[-1,-1]/[1,1]
09-18 19:13:10.940   784   784 W binder:784_4: type=1400 audit(0.0:244): avc:  denied  { getopt } for  scontext=u:r:system_server:s0 tcontext=u:r:shell:s0 tclass=unix_stream_socket permissive=0
09-18 19:13:10.978 15734 15734 D BaseDepthController: setSurface:
09-18 19:13:10.978 15734 15734 D BaseDepthController: 	mWaitingOnSurfaceValidity: false
09-18 19:13:10.978 15734 15734 D BaseDepthController: 	mBaseSurface: Surface(name=com.google.android.apps.nexuslauncher/com.google.android.apps.nexuslauncher.NexusLauncherActivity)/@0x32b6415
09-18 19:13:11.150  4633  4633 I abb     : StartCommandInProcess(7061636b61676500696e7374616c6c00 package.install. [truncated])
09-18 19:13:10.940   784   784 W binder:784_4: type=1400 audit(0.0:245): avc:  denied  { getopt } for  scontext=u:r:system_server:s0 tcontext=u:r:shell:s0 tclass=unix_stream_socket permissive=0
09-18 19:13:11.182 16307 16307 D BoundBrokerSvc: onUnbind: Intent { act=com.google.android.gms.nearby.connection.service.START xflg=0x4 pkg=com.google.android.gms }
09-18 19:13:10.940   784   784 W binder:784_4: type=1400 audit(0.0:246): avc:  denied  { getopt } for  scontext=u:r:system_server:s0 tcontext=u:r:shell:s0 tclass=unix_stream_socket permissive=0
09-18 19:13:11.191 16307 16473 E GmsCoreLogger: Missing account for FACET_USAGE_GAIA_UNSAMPLED [CONTEXT service_id=299 ]
09-18 19:13:11.207 16307 16307 D BoundBrokerSvc: onUnbind: Intent { act=com.google.android.gms.nearby.uwb.service.START dat=chimera-action:/... xflg=0x4 cmp=com.google.android.gms/.chimera.PersistentApiServiceNoInstantApps }
09-18 19:13:11.224  1712  1853 I AiAiEcho: Predicting[0]:  [CONTEXT sampling_count=5 ]
09-18 19:13:11.436  1712  1853 I AiAiEcho: EchoTargets: 
09-18 19:13:11.436  1712  1853 I AiAiEcho: Filtered by AiAi flag check: 
09-18 19:13:11.436  1712  1853 I AiAiEcho: [CONTEXT ratelimit_period="10 SECONDS" ]
09-18 19:13:11.439  1712  1853 I AiAiEcho: #remoteViewsTwiddler: feature disabled.
09-18 19:13:11.442  1712  1853 I AiAiEcho: #postPredictionTargets: Sending updates to UISurface home with targets# 0 (types=[])
09-18 19:13:11.463 15734 15734 I Choreographer: Skipped 33 frames!  The application may be doing too much work on its main thread.
09-18 19:13:11.464 15734 15734 I NotificationListener: Handling notification state refresh for com.android.systemui#0
09-18 19:13:11.464 15734 15734 I NotificationListener: Handling notification state refresh for android#0
09-18 19:13:11.495 15734 15734 D SsBaseTemplateCard: No text view can be set up
09-18 19:13:11.495 15734 15734 D SsBaseTemplateCard: Passed-in item info is null
09-18 19:13:11.495 15734 15734 D SsBaseTemplateCard: Passed-in item info is null
09-18 19:13:11.495 15734 15734 D SsBaseTemplateCard: Passed-in item info is null
09-18 19:13:11.495 15734 15734 I SsBaseTemplateCard: Secondary card pane is null
09-18 19:13:11.510  1062  1082 V WindowManagerShell: onTransitionReady(transaction=3367254365105)
09-18 19:13:11.528  1062  1183 V WindowManagerShell: onTransitionReady (#65) android.os.BinderProxy@f5d2d3c: {id=65 t=CLOSE f=0x0 trk=0 r=[0@Point(0, 0)] c=[
09-18 19:13:11.528  1062  1183 V WindowManagerShell:         {m=TO_FRONT f=SHOW_WALLPAPER|MOVE_TO_TOP leash=Surface(name=Task=1)/@0x769334b sb=Rect(0, 0 - 1080, 2400) eb=Rect(0, 0 - 1080, 2400) epz=Point(1080, 2400) d=0 taskParent=-1},
09-18 19:13:11.528  1062  1183 V WindowManagerShell:         {m=CLOSE f=NONE leash=Surface(name=Task=45)/@0xc6de128 sb=Rect(0, 0 - 1080, 2400) eb=Rect(0, 0 - 1080, 2400) epz=Point(1080, 2400) d=0 taskParent=-1},
09-18 19:13:11.528  1062  1183 V WindowManagerShell:         {m=TO_FRONT f=IS_WALLPAPER leash=Surface(name=WallpaperWindowToken{a60c6d6 showWhenLocked=false})/@0x2533e41 sb=Rect(0, 0 - 1080, 2400) eb=Rect(0, 0 - 1080, 2400) epz=Point(1080, 2400) d=0}
09-18 19:13:11.528  1062  1183 V WindowManagerShell:     ]}
09-18 19:13:11.543  1062  1183 V WindowManagerShell: Playing animation for (#65) android.os.BinderProxy@f5d2d3c@0
09-18 19:13:11.543  1062  1183 V ShellRecents: RecentsTransitionHandler.startAnimation: no controller found
09-18 19:13:11.543  1062  1183 V WindowManagerShell: Transition doesn't have explicit remote, search filters for match for {id=65 t=CLOSE f=0x0 trk=0 r=[0@Point(0, 0)] c=[{m=TO_FRONT f=SHOW_WALLPAPER|MOVE_TO_TOP leash=Surface(name=Task=1)/@0x769334b sb=Rect(0, 0 - 1080, 2400) eb=Rect(0, 0 - 1080, 2400) epz=Point(1080, 2400) d=0 taskParent=-1},{m=CLOSE f=NONE leash=Surface(name=Task=45)/@0xc6de128 sb=Rect(0, 0 - 1080, 2400) eb=Rect(0, 0 - 1080, 2400) epz=Point(1080, 2400) d=0 taskParent=-1},{m=TO_FRONT f=IS_WALLPAPER leash=Surface(name=WallpaperWindowToken{a60c6d6 showWhenLocked=false})/@0x2533e41 sb=Rect(0, 0 - 1080, 2400) eb=Rect(0, 0 - 1080, 2400) epz=Point(1080, 2400) d=0}]}
09-18 19:13:11.543  1062  1183 V WindowManagerShell:  Checking filter Pair{{types=[] flags=0x0] notFlags=0x0 checks=[{atype=undefined independent=true modes=[CLOSE,TO_BACK] flags=IN_TASK_WITH_EMBEDDED_ACTIVITY mustBeTask=false order=ANY topActivity=null launchCookie=null taskFragmentToken=android.os.BinderProxy@7e49a19 windowingMode=undefined}]} RemoteTransition { remoteTransition = android.window.IRemoteTransition$Stub$Proxy@b9f6ade, appThread = android.app.IApplicationThread$Stub$Proxy@b2454bf, debugName = overlayBackTransition }}
09-18 19:13:11.543  1062  1183 V WindowManagerShell:  Checking filter Pair{{types=[] flags=0x0] notFlags=0x0 checks=[{atype=dream independent=true modes=[OPEN,TO_FRONT] flags=NONE mustBeTask=false order=ANY topActivity=null launchCookie=null windowingMode=undefined},{atype=home independent=true modes=[CLOSE,TO_BACK] flags=NONE mustBeTask=false order=ANY topActivity=null launchCookie=null windowingMode=undefined}]} RemoteTransition { remoteTransition = android.window.IRemoteTransition$Stub$Proxy@b04778c, appThread = android.app.IApplicationThread$Stub$Proxy@f9bbed5, debugName = LauncherToDream }}
09-18 19:13:11.544  1062  1183 V WindowManagerShell:  Checking filter Pair{{types=[] flags=0x0] notFlags=0x100 checks=[{atype=home independent=true modes=[OPEN,TO_FRONT] flags=NONE mustBeTask=false order=TOP topActivity=ComponentInfo{com.google.android.apps.nexuslauncher/com.google.android.apps.nexuslauncher.NexusLauncherActivity} launchCookie=null windowingMode=undefined},{atype=standard independent=true modes=[CLOSE,TO_BACK] flags=NONE mustBeTask=false order=ANY topActivity=null launchCookie=null windowingMode=undefined},{NOT atype=undefined independent=true modes=[] flags=NONE mustBeTask=true order=ANY topActivity=null launchCookie=null customAnim=true windowingMode=undefined}]} RemoteTransition { remoteTransition = android.window.IRemoteTransition$Stub$Proxy@73356ea, appThread = android.app.IApplicationThread$Stub$Proxy@8537ddb, debugName = QuickstepLaunchHome }}
09-18 19:13:11.544  1062  1183 D RemoteTransitionHandler: Found filterPair{{types=[] flags=0x0] notFlags=0x100 checks=[{atype=home independent=true modes=[OPEN,TO_FRONT] flags=NONE mustBeTask=false order=TOP topActivity=ComponentInfo{com.google.android.apps.nexuslauncher/com.google.android.apps.nexuslauncher.NexusLauncherActivity} launchCookie=null windowingMode=undefined},{atype=standard independent=true modes=[CLOSE,TO_BACK] flags=NONE mustBeTask=false order=ANY topActivity=null launchCookie=null windowingMode=undefined},{NOT atype=undefined independent=true modes=[] flags=NONE mustBeTask=true order=ANY topActivity=null launchCookie=null customAnim=true windowingMode=undefined}]} RemoteTransition { remoteTransition = android.window.IRemoteTransition$Stub$Proxy@73356ea, appThread = android.app.IApplicationThread$Stub$Proxy@8537ddb, debugName = QuickstepLaunchHome }}
09-18 19:13:11.551  1062  1183 V WindowManagerShell:  Delegate animation for (#65) to RemoteTransition { remoteTransition = android.window.IRemoteTransition$Stub$Proxy@73356ea, appThread = android.app.IApplicationThread$Stub$Proxy@8537ddb, debugName = QuickstepLaunchHome }
09-18 19:13:11.665 15734 15734 D StateManager: createAtomicAnimation - fromState: Background, toState: Normal, partial trace:
09-18 19:13:11.665 15734 15734 D StateManager: 	at com.android.quickstep.util.ScalingWorkspaceRevealAnim.<init>(go/retraceme 72a59688580715d19f0e415c69e80376c2f062d1648c80db6730905005a27c20:39)
09-18 19:13:11.665 15734 15734 D StateManager: 	at com.android.launcher3.QuickstepTransitionManager.createWallpaperOpenAnimations(go/retraceme 72a59688580715d19f0e415c69e80376c2f062d1648c80db6730905005a27c20:168)
09-18 19:13:11.665 15734 15734 D StateManager: 	at com.android.launcher3.QuickstepTransitionManager$WallpaperOpenLauncherAnimationRunner.onAnimationStart(go/retraceme 72a59688580715d19f0e415c69e80376c2f062d1648c80db6730905005a27c20:17)
09-18 19:13:11.668 15734 15734 D b/311077782: LauncherAnimationRunner.setAnimation
09-18 19:13:11.675   784   813 V WindowManager: Sent Transition (#65) createdAt=09-18 19:13:10.646 via request=TransitionRequestInfo { type = CLOSE, triggerTask = TaskInfo{userId=0 taskId=45 effectiveUid=10217 displayId=0 isRunning=false baseIntent=Intent { act=android.intent.action.MAIN cat=[android.intent.category.LAUNCHER] flg=0x30000000 cmp=com.example.serviscribe_/.MainActivity } baseActivity=null topActivity=null origActivity=null realActivity=ComponentInfo{com.example.serviscribe_/com.example.serviscribe_.MainActivity} numActivities=0 lastActiveTime=35501021 supportsMultiWindow=true resizeMode=1 isResizeable=true minWidth=-1 minHeight=-1 defaultMinSize=220 token=WCT{RemoteToken{4738643 Task{f9febe5 #45 type=standard I=com.example.serviscribe_/.MainActivity}}} topActivityType=1 pictureInPictureParams=null shouldDockBigOverlays=false launchIntoPipHostTaskId=-1 lastParentTaskIdBeforePip=-1 displayCutoutSafeInsets=Rect(0, 0 - 0, 0) topActivityInfo=null launchCookies=[] positionInParent=Point(0, 0) parentTaskId=-1 isFocused=true isVisible=true isVisibleRequested=true isTopActivityNoDisplay=false isSleeping=false locusId=null displayAreaFeatureId=1 isTopActivityTransparent=false isActivityStackTransparent=true lastNonFullscreenBounds=Rect(278, 687 - 803, 1767) capturedLink=null capturedLinkTimestamp=0 requestedVisibleTypes=-9 topActivityRequestOpenInBrowserEducationTimestamp=0 appCompatTaskInfo=AppCompatTaskInfo { topActivityInSizeCompat=false eligibleForLetterboxEducation= false isLetterboxEducationEnabled= false isLetterboxDoubleTapEnabled= false eligibleForUserAspectRatioButton= false topActivityBoundsLetterboxed= false isFromLetterboxDoubleTap= false topActivityLetterboxVerticalPosition= -1 topActivityLetterboxHorizontalPosition= -1 topActivityLetterboxWidth=-1 topActivityLetterboxHeight=-1 topActivityAppBounds=Rect(0, 0 - 0, 0) isUserFullscreenOverrideEnabled=false isSystemFullscreenOverrideEnabled=false hasMinAspectRatioOverride=false topActivityLetterboxBounds=null cameraCompatTaskInfo=CameraCompatTaskInfo { freeformCameraCompatMode=undefined}} topActivityMainWindowFrame=null}, pipChange = null, remoteTransition = null, displayChange = null, flags = 0, debugId = 65 }
09-18 19:13:11.675   784   813 V WindowManager:     startWCT=WindowContainerTransaction { changes= {} hops= [] errorCallbackToken=null taskFragmentOrganizer=null }
09-18 19:13:11.676   784   813 V WindowManager:     info={id=65 t=CLOSE f=0x0 trk=0 r=[0@Point(0, 0)] c=[
09-18 19:13:11.676   784   813 V WindowManager:         {WCT{RemoteToken{34f2ed9 Task{774eb89 #1 type=home}}} m=TO_FRONT f=SHOW_WALLPAPER|MOVE_TO_TOP leash=Surface(name=Task=1)/@0xd94d1b4 sb=Rect(0, 0 - 1080, 2400) eb=Rect(0, 0 - 1080, 2400) epz=Point(1080, 2400) d=0 taskParent=-1},
09-18 19:13:11.676   784   813 V WindowManager:         {WCT{RemoteToken{4738643 Task{f9febe5 #45 type=standard I=com.example.serviscribe_/.MainActivity}}} m=CLOSE f=NONE leash=Surface(name=Task=45)/@0xd94c8cb sb=Rect(0, 0 - 1080, 2400) eb=Rect(0, 0 - 1080, 2400) epz=Point(1080, 2400) d=0 taskParent=-1},
09-18 19:13:11.676   784   813 V WindowManager:         {m=TO_FRONT f=IS_WALLPAPER leash=Surface(name=WallpaperWindowToken{a60c6d6 showWhenLocked=false})/@0x7c29e87 sb=Rect(0, 0 - 1080, 2400) eb=Rect(0, 0 - 1080, 2400) epz=Point(1080, 2400) d=0}
09-18 19:13:11.676   784   813 V WindowManager:     ]}
09-18 19:13:11.684  1062  1183 V WindowManagerShell:  animated by com.android.wm.shell.transition.RemoteTransitionHandler@8252361
09-18 19:13:11.743 15734 15782 I s.nexuslauncher: AssetManager2(0x7e62bf691e78) locale list changing from [] to [en-US]
09-18 19:13:11.786   784   929 I ImeTracker: com.google.android.apps.nexuslauncher:77ed1a7c: onRequestHide at ORIGIN_SERVER reason HIDE_UNSPECIFIED_WINDOW fromUser false
09-18 19:13:11.787   784   929 D CompatChangeReporter: Compat change id reported: 311208629; UID 10160; state: ENABLED
09-18 19:13:11.801   562   562 I BpBinder: onLastStrongRef automatically unlinking death recipients: 
09-18 19:13:11.802   784  1009 D BackgroundInstallControlService: Package event received: 0
09-18 19:13:11.811   784   929 V GrammaticalInflectionUtils: AttributionSource: android.content.AttributionSource@f0c837e9 does not have READ_SYSTEM_GRAMMATICAL_GENDER permission.
09-18 19:13:11.814   784   929 D CompatChangeReporter: Compat change id reported: 151861875; UID 10160; state: ENABLED
09-18 19:13:11.842   516   516 D Zygote  : Forked child process 17053
09-18 19:13:11.879   784   824 W ActivityManager: Slow operation: 57ms so far, now at startProcess: returned from zygote!
09-18 19:13:11.879   784   824 W ActivityManager: Slow operation: 58ms so far, now at startProcess: done updating battery stats
09-18 19:13:11.879   784   824 W ActivityManager: Slow operation: 58ms so far, now at startProcess: building log message
09-18 19:13:11.879   784   824 I ActivityManager: Start proc 17053:com.google.android.inputmethod.latin/u0a160 for service {com.google.android.inputmethod.latin/com.android.inputmethod.latin.LatinIME}
09-18 19:13:11.879   784   824 W ActivityManager: Slow operation: 58ms so far, now at startProcess: starting to update pids map
09-18 19:13:11.879   784   824 I ActivityManager: ProcessObserver broadcast disabled
09-18 19:13:11.879   784   824 W ActivityManager: Slow operation: 58ms so far, now at startProcess: done updating pids map
09-18 19:13:11.944 17053 17053 I putmethod.latin: Using CollectorTypeCMC GC.
09-18 19:13:11.948 17053 17053 W putmethod.latin: Unexpected CPU variant for x86: x86_64.
09-18 19:13:11.948 17053 17053 W putmethod.latin: Known variants: atom, sandybridge, silvermont, goldmont, goldmont-plus, goldmont-without-sha-xsaves, tremont, kabylake, alderlake, default
09-18 19:13:11.977   566   609 I adbd    : jdwp connection from 17053
09-18 19:13:11.996 17053 17053 D nativeloader: Load libframework-connectivity-tiramisu-jni.so using APEX ns com_android_tethering for caller /apex/com.android.tethering/javalib/framework-connectivity-t.jar: ok
09-18 19:13:12.095 15734 15734 D InsetsController: hide(ime(), fromIme=false)
09-18 19:13:12.108 15734 15734 I ImeTracker: com.google.android.apps.nexuslauncher:77ed1a7c: onCancelled at PHASE_CLIENT_ALREADY_HIDDEN
09-18 19:13:12.118 15734 15782 W HWUI    : Image decoding logging dropped!
09-18 19:13:12.142 17053 17053 D ApplicationLoaders: Returning zygote-cached class loader: /system_ext/framework/androidx.window.extensions.jar
09-18 19:13:12.143 17053 17053 D ApplicationLoaders: Returning zygote-cached class loader: /system_ext/framework/androidx.window.sidecar.jar
09-18 19:13:12.308 16307 16307 D BoundBrokerSvc: onUnbind: Intent { act=com.google.android.contextmanager.service.ContextManagerService.START xflg=0x4 pkg=com.google.android.gms }
09-18 19:13:12.693 15734 15734 D ScalingWorkspaceRevealAnim: alpha of workspace at the end of animation: 1.0
09-18 19:13:12.708  1062  1183 V WindowManagerShell: Transition animation finished (aborted=false), notifying core (#65) android.os.BinderProxy@f5d2d3c@0
09-18 19:13:12.724   784   813 V WindowManager: Finish Transition (#65): created at 09-18 19:13:10.646 collect-started=0.066ms request-sent=0.197ms started=118.555ms ready=120.05ms sent=853.144ms commit=149.815ms finished=2077.112ms
09-18 19:13:12.760   784  8339 E IPCThreadState: Binder transaction failure. id: 3342324, BR_*: 29189, error: -22 (Invalid argument)
09-18 19:13:12.761   784  8339 W ActivityManager: pid 784 system sent binder code 7 with flags 1 to frozen apps and got error -32
09-18 19:13:12.761   784  8339 D ActivityManager: Too many transaction errors, throttling freezer binder callback.
09-18 19:13:12.866   273 16960 I keystore2: system/security/keystore2/watchdog/src/lib.rs:377 - Watchdog thread idle -> terminating. Have a great day.
09-18 19:13:12.905   784  8339 W WindowManager: Exception thrown during dispatchAppVisibility Window{f5af105 u0 com.example.serviscribe_/com.example.serviscribe_.MainActivity EXITING}
09-18 19:13:12.905   784  8339 W WindowManager: android.os.DeadObjectException
09-18 19:13:12.905   784  8339 W WindowManager: 	at android.os.BinderProxy.transactNative(Native Method)
09-18 19:13:12.905   784  8339 W WindowManager: 	at android.os.BinderProxy.transact(BinderProxy.java:592)
09-18 19:13:12.905   784  8339 W WindowManager: 	at android.view.IWindow$Stub$Proxy.dispatchAppVisibility(IWindow.java:557)
09-18 19:13:12.905   784  8339 W WindowManager: 	at com.android.server.wm.WindowState.sendAppVisibilityToClients(WindowState.java:3151)
09-18 19:13:12.905   784  8339 W WindowManager: 	at com.android.server.wm.WindowContainer.sendAppVisibilityToClients(WindowContainer.java:1311)
09-18 19:13:12.905   784  8339 W WindowManager: 	at com.android.server.wm.WindowToken.setClientVisible(WindowToken.java:389)
09-18 19:13:12.905   784  8339 W WindowManager: 	at com.android.server.wm.ActivityRecord.setClientVisible(ActivityRecord.java:6650)
09-18 19:13:12.905   784  8339 W WindowManager: 	at com.android.server.wm.ActivityRecord.commitVisibility(ActivityRecord.java:5561)
09-18 19:13:12.905   784  8339 W WindowManager: 	at com.android.server.wm.Transition.finishTransition(Transition.java:1391)
09-18 19:13:12.905   784  8339 W WindowManager: 	at com.android.server.wm.TransitionController.finishTransition(TransitionController.java:1029)
09-18 19:13:12.905   784  8339 W WindowManager: 	at com.android.server.wm.WindowOrganizerController.finishTransition(WindowOrganizerController.java:496)
09-18 19:13:12.905   784  8339 W WindowManager: 	at android.window.IWindowOrganizerController$Stub.onTransact(IWindowOrganizerController.java:261)
09-18 19:13:12.905   784  8339 W WindowManager: 	at com.android.server.wm.WindowOrganizerController.onTransact(WindowOrganizerController.java:223)
09-18 19:13:12.905   784  8339 W WindowManager: 	at android.os.Binder.execTransactInternal(Binder.java:1421)
09-18 19:13:12.905   784  8339 W WindowManager: 	at android.os.Binder.execTransact(Binder.java:1365)
09-18 19:13:12.905   784  8339 W Process : Unable to open /proc/16164/status
09-18 19:13:12.946  1062  1183 V WindowManagerShell: Track 0 became idle
09-18 19:13:12.947  1062  1183 V WindowManagerShell: All active transition animations finished
09-18 19:13:12.951 15734 15734 D RecentsView: onTaskRemoved: 45, not handling task stack changes
09-18 19:13:12.970 15734 15734 D RecentsView: onTaskRemoved: 45, not handling task stack changes
09-18 19:13:12.986   562   562 E BpTransactionCompletedListener: Failed to transact (-32)
09-18 19:13:12.987   562   562 E BpTransactionCompletedListener: Failed to transact (-32)
09-18 19:13:13.330   784  1363 I EGL_emulation: Opening libGLESv1_CM_emulation.so
09-18 19:13:13.344   784  1363 I EGL_emulation: Opening libGLESv2_emulation.so
09-18 19:13:13.918   784  1363 W HWUI    : Failed to choose config with EGL_SWAP_BEHAVIOR_PRESERVED, retrying without...
09-18 19:13:13.918   784  1363 W HWUI    : Failed to initialize 101010-2 format, error = EGL_SUCCESS
09-18 19:13:13.953   784   930 I system_server: AssetManager2(0x7e62bf766998) locale list changing from [] to [en-US]
09-18 19:13:14.027 17053 17053 W putmethod.latin: Failed to find entry 'classes.dex': Entry not found
09-18 19:13:14.028 17053 17053 W putmethod.latin: Failed to find entry 'classes.dex': Entry not found
09-18 19:13:14.028 17053 17053 W putmethod.latin: Failed to find entry 'classes.dex': Entry not found
09-18 19:13:14.196   784   784 W binder:784_17: type=1400 audit(0.0:247): avc:  denied  { getopt } for  scontext=u:r:system_server:s0 tcontext=u:r:shell:s0 tclass=unix_stream_socket permissive=0
09-18 19:13:14.218   784  5310 E SystemServiceRegistry: No service published for: persistent_data_block
09-18 19:13:14.218   784  5310 E SystemServiceRegistry: android.os.ServiceManager$ServiceNotFoundException: No service published for: persistent_data_block
09-18 19:13:14.218   784  5310 E SystemServiceRegistry: 	at android.os.ServiceManager.getServiceOrThrow(ServiceManager.java:203)
09-18 19:13:14.218   784  5310 E SystemServiceRegistry: 	at android.app.SystemServiceRegistry$82.createService(SystemServiceRegistry.java:1110)
09-18 19:13:14.218   784  5310 E SystemServiceRegistry: 	at android.app.SystemServiceRegistry$82.createService(SystemServiceRegistry.java:1107)
09-18 19:13:14.218   784  5310 E SystemServiceRegistry: 	at android.app.SystemServiceRegistry$StaticServiceFetcher.getService(SystemServiceRegistry.java:2405)
09-18 19:13:14.218   784  5310 E SystemServiceRegistry: 	at android.app.SystemServiceRegistry.getSystemService(SystemServiceRegistry.java:1918)
09-18 19:13:14.218   784  5310 E SystemServiceRegistry: 	at android.app.ContextImpl.getSystemService(ContextImpl.java:2315)
09-18 19:13:14.218   784  5310 E SystemServiceRegistry: 	at android.content.Context.getSystemService(Context.java:4630)
09-18 19:13:14.218   784  5310 E SystemServiceRegistry: 	at com.android.server.pm.PackageInstallerSession.markAsSealed(PackageInstallerSession.java:2449)
09-18 19:13:14.218   784  5310 E SystemServiceRegistry: 	at com.android.server.pm.PackageInstallerSession.commit(PackageInstallerSession.java:2198)
09-18 19:13:14.218   784  5310 E SystemServiceRegistry: 	at android.content.pm.PackageInstaller$Session.commit(PackageInstaller.java:1988)
09-18 19:13:14.218   784  5310 E SystemServiceRegistry: 	at com.android.server.pm.PackageManagerShellCommand.doCommitSession(PackageManagerShellCommand.java:4316)
09-18 19:13:14.218   784  5310 E SystemServiceRegistry: 	at com.android.server.pm.PackageManagerShellCommand.doRunInstall(PackageManagerShellCommand.java:1641)
09-18 19:13:14.218   784  5310 E SystemServiceRegistry: 	at com.android.server.pm.PackageManagerShellCommand.runInstall(PackageManagerShellCommand.java:1562)
09-18 19:13:14.218   784  5310 E SystemServiceRegistry: 	at com.android.server.pm.PackageManagerShellCommand.onCommand(PackageManagerShellCommand.java:246)
09-18 19:13:14.218   784  5310 E SystemServiceRegistry: 	at com.android.modules.utils.BasicShellCommandHandler.exec(BasicShellCommandHandler.java:97)
09-18 19:13:14.218   784  5310 E SystemServiceRegistry: 	at android.os.ShellCommand.exec(ShellCommand.java:38)
09-18 19:13:14.218   784  5310 E SystemServiceRegistry: 	at com.android.server.pm.PackageManagerService$IPackageManagerImpl.onShellCommand(PackageManagerService.java:6684)
09-18 19:13:14.218   784  5310 E SystemServiceRegistry: 	at android.os.Binder.shellCommand(Binder.java:1151)
09-18 19:13:14.218   784  5310 E SystemServiceRegistry: 	at android.os.Binder.onTransact(Binder.java:953)
09-18 19:13:14.218   784  5310 E SystemServiceRegistry: 	at android.content.pm.IPackageManager$Stub.onTransact(IPackageManager.java:4729)
09-18 19:13:14.218   784  5310 E SystemServiceRegistry: 	at com.android.server.pm.PackageManagerService$IPackageManagerImpl.onTransact(PackageManagerService.java:6668)
09-18 19:13:14.218   784  5310 E SystemServiceRegistry: 	at android.os.Binder.execTransactInternal(Binder.java:1426)
09-18 19:13:14.218   784  5310 E SystemServiceRegistry: 	at android.os.Binder.execTransact(Binder.java:1365)
09-18 19:13:14.219   784  5310 E SystemServiceRegistry: Manager wrapper not available: persistent_data_block
09-18 19:13:14.241 17053 17053 D nativeloader: Configuring clns-9 for other apk /data/app/~~s7oQVUBf_bIWjqHHWebY9g==/com.google.android.inputmethod.latin-T6Bti1bLTR6C1Kz0pmFnAA==/base.apk:/data/app/~~s7oQVUBf_bIWjqHHWebY9g==/com.google.android.inputmethod.latin-T6Bti1bLTR6C1Kz0pmFnAA==/split_brella_feature_split.apk:/data/app/~~s7oQVUBf_bIWjqHHWebY9g==/com.google.android.inputmethod.latin-T6Bti1bLTR6C1Kz0pmFnAA==/split_config.xxhdpi.apk:/data/app/~~s7oQVUBf_bIWjqHHWebY9g==/com.google.android.inputmethod.latin-T6Bti1bLTR6C1Kz0pmFnAA==/split_tenoranimation_feature_split.apk. target_sdk_version=35, uses_libraries=, library_path=/data/app/~~s7oQVUBf_bIWjqHHWebY9g==/com.google.android.inputmethod.latin-T6Bti1bLTR6C1Kz0pmFnAA==/lib/x86_64:/data/app/~~s7oQVUBf_bIWjqHHWebY9g==/com.google.android.inputmethod.latin-T6Bti1bLTR6C1Kz0pmFnAA==/base.apk!/lib/x86_64:/data/app/~~s7oQVUBf_bIWjqHHWebY9g==/com.google.android.inputmethod.latin-T6Bti1bLTR6C1Kz0pmFnAA==/split_brella_feature_split.apk!/lib/x86_64:/data/app/~~s7oQVUBf_bIWjqHHWebY9g==/com.google.android.inputmeth
09-18 19:13:14.487 17072 17072 W dumpsys : Thread Pool max thread count is 0. Cannot cache binder as linkToDeath cannot be implemented. serviceName: package
09-18 19:13:14.487 17053 17053 D CompatChangeReporter: Compat change id reported: 202956589; UID 10160; state: ENABLED
09-18 19:13:14.493   784   930 I system_server: AssetManager2(0x7e62bf759b58) locale list changing from [] to [en-US]
09-18 19:13:14.506 16375 16660 E IPCThreadState: Binder transaction failure. id: 3342667, BR_*: 29189, error: -22 (Invalid argument)
09-18 19:13:14.569   784  2277 W ActivityManager: pid 16375 com.google.android.gms sent binder code 2 with flags 1 to frozen apps and got error -32
09-18 19:13:14.569   784  2277 D ActivityManager: Too many transaction errors, throttling freezer binder callback.
09-18 19:13:15.341 17053 17053 I putmethod.latin: AssetManager2(0x7e62bf670e58) locale list changing from [] to [en-US]
09-18 19:13:16.898   784  1778 E TaskPersister: File error accessing recents directory (directory doesn't exist?).
09-18 19:13:16.898   784   823 I ActivityManager: Test idle passed
09-18 19:13:16.990  1443  1562 D SatelliteController: iisInCarrierRoamingNbIotNtn: satellite is disabled
09-18 19:13:17.109 17053 17053 V GraphicsEnvironment: Currently set values for:
09-18 19:13:17.109 17053 17053 V GraphicsEnvironment:   angle_gl_driver_selection_pkgs=[]
09-18 19:13:17.109 17053 17053 V GraphicsEnvironment:   angle_gl_driver_selection_values=[]
09-18 19:13:17.109 17053 17053 V GraphicsEnvironment: com.google.android.inputmethod.latin is not listed in per-application setting
09-18 19:13:17.110 17053 17053 V GraphicsEnvironment: ANGLE allowlist from config: com.dreamgames.royalmatch com.dts.freefiremax com.dxx.firenow com.gramgames.mergedragons com.ludo.king com.mojang.minecraftpe com.my.defense com.nintendo.zaka com.os.airforce com.playrix.fishdomdd.gplay io.teslatech.callbreak jp.konami.prospia net.peakgames.toonblast
09-18 19:13:17.110 17053 17053 V GraphicsEnvironment: com.google.android.inputmethod.latin is not listed in ANGLE allowlist or settings, returning default
09-18 19:13:17.110 17053 17053 V GraphicsEnvironment: Neither updatable production driver nor prerelease driver is supported.
09-18 19:13:17.604   784   816 D FileSystemUtils: Total number of LOAD segments 2
09-18 19:13:17.604   784   816 D FileSystemUtils: Size before punching holes st_blocks: 231912, st_blksize: 4096, st_size: 118731557
09-18 19:13:17.604   784   816 D FileSystemUtils: Size after punching holes st_blocks: 231912, st_blksize: 4096, st_size: 118731557
09-18 19:13:17.604   784   816 D FileSystemUtils: Extra field length: 9993,  Size before punching holes st_blocks: 231912, st_blksize: 4096, st_size: 118731557
09-18 19:13:17.604   784   816 D FileSystemUtils: Extra field length: 9993 content near offset: 00000000000000000000000000000000000000000000000000000000000000000000000000000000000000000000000000000000000000000000000000000000000000000000000000000000000000000000000000000000000000000000000000000000000000000000000000000000000000000000000000000000000000000000000000000000000000000000000000000000000000000000000000000000000000000000000000000000000000000000000000000000000000000000000000000000000000000000000000000000000000000000000000000000000000000000000000000000000000000000000000000000000000000000000000000000000000000000000000000000000000000000000000000000000000000000000000000000000000000000000000000000000000000000000000000000000000000000000000000000000000000000000000000000000000000000000000000000000000000000000000000000000000000000000000000000000000000000000000000000000000000000000000000000000000000000000000000000000000000000000000000000000000000000000000000000000000000000000000000000000000000000000000000000000000000000000000000000000000000000000000000000000000000
09-18 19:13:17.604   784   816 D FileSystemUtils: Punching hole in file - start: 54239232 len:8192
09-18 19:13:17.604   784   816 D FileSystemUtils: punchHolesInApk:: Size after punching holes st_blocks: 231896, st_blksize: 4096, st_size: 118731557
09-18 19:13:17.605   784   816 D FileSystemUtils: Total number of LOAD segments 3
09-18 19:13:17.605   784   816 D FileSystemUtils: Size before punching holes st_blocks: 231896, st_blksize: 4096, st_size: 118731557
09-18 19:13:17.605   784   816 D FileSystemUtils: Size after punching holes st_blocks: 231896, st_blksize: 4096, st_size: 118731557
09-18 19:13:17.605   784   816 D FileSystemUtils: Extra field length: 13664,  Size before punching holes st_blocks: 231896, st_blksize: 4096, st_size: 118731557
09-18 19:13:17.605   784   816 D FileSystemUtils: Extra field length: 13664 content near offset: 0000000000000000000000000000000000000000000000000000000000000000000000000000000000000000000000000000000000000000000000000000000000000000000000000000000000000000000000000000000000000000000000000000000000000000000000000000000000000000000000000000000000000000000000000000000000000000000000000000000000000000000000000000000000000000000000000000000000000000000000000000000000000000000000000000000000000000000000000000000000000000000000000000000000000000000000000000000000000000000000000000000000000000000000000000000000000000000000000000000000000000000000000000000000000000000000000000000000000000000000000000000000000000000000000000000000000000000000000000000000000000000000000000000000000000000000000000000000000000000000000000000000000000000000000000000000000000000000000000000000000000000000000000000000000000000000000000000000000000000000000000000000000000000000000000000000000000000000000000000000000000000000000000000000000000000000000000000000000000000000000000000000000000
09-18 19:13:17.605   784   816 D FileSystemUtils: Punching hole in file - start: 52695040 len:12288
09-18 19:13:17.606   784   816 D FileSystemUtils: punchHolesInApk:: Size after punching holes st_blocks: 231872, st_blksize: 4096, st_size: 118731557
09-18 19:13:17.606   784   816 D FileSystemUtils: Total number of LOAD segments 4
09-18 19:13:17.606   784   816 D FileSystemUtils: Size before punching holes st_blocks: 231872, st_blksize: 4096, st_size: 118731557
09-18 19:13:17.606   784   816 D FileSystemUtils: Size after punching holes st_blocks: 231872, st_blksize: 4096, st_size: 118731557
09-18 19:13:17.606   784   816 D FileSystemUtils: Extra field length: 12570,  Size before punching holes st_blocks: 231872, st_blksize: 4096, st_size: 118731557
09-18 19:13:17.606   784   816 D FileSystemUtils: Extra field length: 12570 content near offset: 0000000000000000000000000000000000000000000000000000000000000000000000000000000000000000000000000000000000000000000000000000000000000000000000000000000000000000000000000000000000000000000000000000000000000000000000000000000000000000000000000000000000000000000000000000000000000000000000000000000000000000000000000000000000000000000000000000000000000000000000000000000000000000000000000000000000000000000000000000000000000000000000000000000000000000000000000000000000000000000000000000000000000000000000000000000000000000000000000000000000000000000000000000000000000000000000000000000000000000000000000000000000000000000000000000000000000000000000000000000000000000000000000000000000000000000000000000000000000000000000000000000000000000000000000000000000000000000000000000000000000000000000000000000000000000000000000000000000000000000000000000000000000000000000000000000000000000000000000000000000000000000000000000000000000000000000000000000000000000000000000000000000000000
09-18 19:13:17.606   784   816 D FileSystemUtils: Punching hole in file - start: 11227136 len:12288
09-18 19:13:17.606   784   816 D FileSystemUtils: punchHolesInApk:: Size after punching holes st_blocks: 231856, st_blksize: 4096, st_size: 118731557
09-18 19:13:17.607   784   816 D FileSystemUtils: Total number of LOAD segments 3
09-18 19:13:17.607   784   816 D FileSystemUtils: Size before punching holes st_blocks: 231856, st_blksize: 4096, st_size: 118731557
09-18 19:13:17.607   784   816 D FileSystemUtils: Size after punching holes st_blocks: 231856, st_blksize: 4096, st_size: 118731557
09-18 19:13:17.607   784   816 D FileSystemUtils: Extra field length: 15802,  Size before punching holes st_blocks: 231856, st_blksize: 4096, st_size: 118731557
09-18 19:13:17.607   784   816 D FileSystemUtils: Extra field length: 15802 content near offset: 0000000000000000000000000000000000000000000000000000000000000000000000000000000000000000000000000000000000000000000000000000000000000000000000000000000000000000000000000000000000000000000000000000000000000000000000000000000000000000000000000000000000000000000000000000000000000000000000000000000000000000000000000000000000000000000000000000000000000000000000000000000000000000000000000000000000000000000000000000000000000000000000000000000000000000000000000000000000000000000000000000000000000000000000000000000000000000000000000000000000000000000000000000000000000000000000000000000000000000000000000000000000000000000000000000000000000000000000000000000000000000000000000000000000000000000000000000000000000000000000000000000000000000000000000000000000000000000000000000000000000000000000000000000000000000000000000000000000000000000000000000000000000000000000000000000000000000000000000000000000000000000000000000000000000000000000000000000000000000000000000000000000000000
09-18 19:13:17.607   784   816 D FileSystemUtils: Punching hole in file - start: 52760576 len:12288
09-18 19:13:17.607   784   816 D FileSystemUtils: punchHolesInApk:: Size after punching holes st_blocks: 231832, st_blksize: 4096, st_size: 118731557
09-18 19:13:17.611   784   888 D InstallDependencyHelper: No missing dependency for com.example.serviscribe_
09-18 19:13:17.659  8645  8944 I artd    : GetBestInfo: odex next to the dex file (/data/app/~~udGwMUUeYRccN0XLFDNMqA==/com.google.android.gms-n1YUE2eD54yIrV4K9OjdyA==/oat/x86_64/base.odex) is kOatUpToDate with filter 'speed-profile' executable 'false'
09-18 19:13:17.669  8645  8656 I artd    : GetBestInfo: odex next to the dex file (/data/app/~~udGwMUUeYRccN0XLFDNMqA==/com.google.android.gms-n1YUE2eD54yIrV4K9OjdyA==/oat/x86_64/split_AdsDynamite_installtime.odex) is kOatUpToDate with filter 'speed' executable 'false'
09-18 19:13:17.674  8645  8656 I artd    : GetBestInfo: odex next to the dex file (/data/app/~~udGwMUUeYRccN0XLFDNMqA==/com.google.android.gms-n1YUE2eD54yIrV4K9OjdyA==/oat/x86_64/split_CronetDynamite_installtime.odex) is kOatUpToDate with filter 'speed-profile' executable 'false'
09-18 19:13:17.675  8645  8656 I artd    : GetBestInfo: odex next to the dex file (/data/app/~~udGwMUUeYRccN0XLFDNMqA==/com.google.android.gms-n1YUE2eD54yIrV4K9OjdyA==/oat/x86_64/split_DynamiteLoader_installtime.odex) is kOatUpToDate with filter 'speed' executable 'false'
09-18 19:13:17.679  8645  8656 I artd    : GetBestInfo: odex next to the dex file (/data/app/~~udGwMUUeYRccN0XLFDNMqA==/com.google.android.gms-n1YUE2eD54yIrV4K9OjdyA==/oat/x86_64/split_DynamiteModulesA_installtime.odex) is kOatUpToDate with filter 'speed' executable 'false'
09-18 19:13:17.684  8645  8944 I artd    : GetBestInfo: odex next to the dex file (/data/app/~~udGwMUUeYRccN0XLFDNMqA==/com.google.android.gms-n1YUE2eD54yIrV4K9OjdyA==/oat/x86_64/split_DynamiteModulesC_installtime.odex) is kOatUpToDate with filter 'speed' executable 'false'
09-18 19:13:17.687  8645  8944 I artd    : GetBestInfo: odex next to the dex file (/data/app/~~udGwMUUeYRccN0XLFDNMqA==/com.google.android.gms-n1YUE2eD54yIrV4K9OjdyA==/oat/x86_64/split_GoogleCertificates_installtime.odex) is kOatUpToDate with filter 'speed' executable 'false'
09-18 19:13:17.692  8645  8656 I artd    : GetBestInfo: odex next to the dex file (/data/app/~~udGwMUUeYRccN0XLFDNMqA==/com.google.android.gms-n1YUE2eD54yIrV4K9OjdyA==/oat/x86_64/split_MapsDynamite_installtime.odex) is kOatUpToDate with filter 'speed' executable 'false'
09-18 19:13:17.694  8645  8656 I artd    : GetBestInfo: odex next to the dex file (/data/app/~~udGwMUUeYRccN0XLFDNMqA==/com.google.android.gms-n1YUE2eD54yIrV4K9OjdyA==/oat/x86_64/split_MeasurementDynamite_installtime.odex) is kOatUpToDate with filter 'speed' executable 'false'
09-18 19:13:17.699  8645  8656 I artd    : GetBestInfo: odex next to the dex file (/data/app/~~udGwMUUeYRccN0XLFDNMqA==/com.google.android.gms-n1YUE2eD54yIrV4K9OjdyA==/oat/x86_64/split_all_locale_splits.odex) is kOatUpToDate with filter 'speed' executable 'false'
09-18 19:13:17.703  8645  8944 I artd    : GetBestInfo: /data/app/~~udGwMUUeYRccN0XLFDNMqA==/com.google.android.gms-n1YUE2eD54yIrV4K9OjdyA==/split_maps_core_dynamite_ondemand.apk has no usable artifacts
09-18 19:13:17.709  8645  8944 I artd    : GetBestInfo: /data/user_de/0/com.google.android.gms/app_chimera/m/0000000c/dl-Appsearch.optional_250834100800.apk has no usable artifacts
09-18 19:13:17.713  8645  8656 I artd    : GetBestInfo: /data/user_de/0/com.google.android.gms/app_chimera/m/00000008/dl-VisionOcr.optional_250834100000.apk has no usable artifacts
09-18 19:13:17.718   784   822 W ActivityManager: Rescheduling restart of crashed service com.android.settings/.SettingsDumpService in 94840654ms for mem-pressure-event
09-18 19:13:17.718  8645  8656 W artd    : Could not get dex checksums for location /data/app/~~AnNLjQMj_cDVgJZ6I3ZiaQ==/com.google.android.gms-jkrtT1qALj8jjjBKe-KCWQ==/base.apk, fd=-1
09-18 19:13:17.722  8645  8656 W artd    : Could not get dex checksums for location /data/app/~~AnNLjQMj_cDVgJZ6I3ZiaQ==/com.google.android.gms-jkrtT1qALj8jjjBKe-KCWQ==/base.apk, fd=-1
09-18 19:13:17.726  8645  8944 I artd    : GetBestInfo: /data/user_de/0/com.google.android.gms/app_chimera/m/00000001/CronetDynamite.apk has no usable artifacts
09-18 19:13:17.730  8645  8656 W artd    : Could not get dex checksums for location /data/app/~~AnNLjQMj_cDVgJZ6I3ZiaQ==/com.google.android.gms-jkrtT1qALj8jjjBKe-KCWQ==/base.apk, fd=-1
09-18 19:13:17.733  8645  8656 W artd    : Could not get dex checksums for location /data/app/~~AnNLjQMj_cDVgJZ6I3ZiaQ==/com.google.android.gms-jkrtT1qALj8jjjBKe-KCWQ==/base.apk, fd=-1
09-18 19:13:17.734   784   851 V Configuration: Updating configuration, locales updated from [] to [en_US]
09-18 19:13:17.767   784   851 I system_server: AssetManager2(0x7e62bf75dcf8) locale list changing from [] to [en-US]
09-18 19:13:17.771   784   851 I PackageManager: Update package com.example.serviscribe_ code path from /data/app/~~OENC_BYmBvaM36X2UUAx7Q==/com.example.serviscribe_-atyMxPwFq2odd8NN-w2gcA== to /data/app/vmdl1532234306.tmp; Retain data and using new
09-18 19:13:17.783  8645  8656 W artd    : Could not get dex checksums for location /data/app/~~AnNLjQMj_cDVgJZ6I3ZiaQ==/com.google.android.gms-jkrtT1qALj8jjjBKe-KCWQ==/base.apk, fd=-1
